Archive member included to satisfy reference by file (symbol)

c:/st/stm32cubeide_1.7.0/stm32cubeide/plugins/com.st.stm32cube.ide.mcu.externaltools.gnu-tools-for-stm32.9-2020-q2-update.win32_2.0.0.202105311346/tools/bin/../lib/gcc/arm-none-eabi/9.3.1/../../../../arm-none-eabi/lib/thumb/v7e-m+fp/hard\libc_nano.a(lib_a-errno.o)
                              ./Core/Src/syscalls.o (__errno)
c:/st/stm32cubeide_1.7.0/stm32cubeide/plugins/com.st.stm32cube.ide.mcu.externaltools.gnu-tools-for-stm32.9-2020-q2-update.win32_2.0.0.202105311346/tools/bin/../lib/gcc/arm-none-eabi/9.3.1/../../../../arm-none-eabi/lib/thumb/v7e-m+fp/hard\libc_nano.a(lib_a-exit.o)
                              c:/st/stm32cubeide_1.7.0/stm32cubeide/plugins/com.st.stm32cube.ide.mcu.externaltools.gnu-tools-for-stm32.9-2020-q2-update.win32_2.0.0.202105311346/tools/bin/../lib/gcc/arm-none-eabi/9.3.1/../../../../arm-none-eabi/lib/thumb/v7e-m+fp/hard/crt0.o (exit)
c:/st/stm32cubeide_1.7.0/stm32cubeide/plugins/com.st.stm32cube.ide.mcu.externaltools.gnu-tools-for-stm32.9-2020-q2-update.win32_2.0.0.202105311346/tools/bin/../lib/gcc/arm-none-eabi/9.3.1/../../../../arm-none-eabi/lib/thumb/v7e-m+fp/hard\libc_nano.a(lib_a-impure.o)
                              c:/st/stm32cubeide_1.7.0/stm32cubeide/plugins/com.st.stm32cube.ide.mcu.externaltools.gnu-tools-for-stm32.9-2020-q2-update.win32_2.0.0.202105311346/tools/bin/../lib/gcc/arm-none-eabi/9.3.1/../../../../arm-none-eabi/lib/thumb/v7e-m+fp/hard\libc_nano.a(lib_a-exit.o) (_global_impure_ptr)
c:/st/stm32cubeide_1.7.0/stm32cubeide/plugins/com.st.stm32cube.ide.mcu.externaltools.gnu-tools-for-stm32.9-2020-q2-update.win32_2.0.0.202105311346/tools/bin/../lib/gcc/arm-none-eabi/9.3.1/../../../../arm-none-eabi/lib/thumb/v7e-m+fp/hard\libc_nano.a(lib_a-init.o)
                              c:/st/stm32cubeide_1.7.0/stm32cubeide/plugins/com.st.stm32cube.ide.mcu.externaltools.gnu-tools-for-stm32.9-2020-q2-update.win32_2.0.0.202105311346/tools/bin/../lib/gcc/arm-none-eabi/9.3.1/../../../../arm-none-eabi/lib/thumb/v7e-m+fp/hard/crt0.o (__libc_init_array)
c:/st/stm32cubeide_1.7.0/stm32cubeide/plugins/com.st.stm32cube.ide.mcu.externaltools.gnu-tools-for-stm32.9-2020-q2-update.win32_2.0.0.202105311346/tools/bin/../lib/gcc/arm-none-eabi/9.3.1/../../../../arm-none-eabi/lib/thumb/v7e-m+fp/hard\libc_nano.a(lib_a-memset.o)
                              c:/st/stm32cubeide_1.7.0/stm32cubeide/plugins/com.st.stm32cube.ide.mcu.externaltools.gnu-tools-for-stm32.9-2020-q2-update.win32_2.0.0.202105311346/tools/bin/../lib/gcc/arm-none-eabi/9.3.1/../../../../arm-none-eabi/lib/thumb/v7e-m+fp/hard/crt0.o (memset)
c:/st/stm32cubeide_1.7.0/stm32cubeide/plugins/com.st.stm32cube.ide.mcu.externaltools.gnu-tools-for-stm32.9-2020-q2-update.win32_2.0.0.202105311346/tools/bin/../lib/gcc/arm-none-eabi/9.3.1/../../../../arm-none-eabi/lib/thumb/v7e-m+fp/hard\libc_nano.a(lib_a-strlen.o)
                              ./Core/Src/fonts.o (strlen)
c:/st/stm32cubeide_1.7.0/stm32cubeide/plugins/com.st.stm32cube.ide.mcu.externaltools.gnu-tools-for-stm32.9-2020-q2-update.win32_2.0.0.202105311346/tools/bin/../lib/gcc/arm-none-eabi/9.3.1/thumb/v7e-m+fp/hard\libgcc.a(_aeabi_uldivmod.o)
                              ./Drivers/STM32F4xx_HAL_Driver/Src/stm32f4xx_hal_rcc.o (__aeabi_uldivmod)
c:/st/stm32cubeide_1.7.0/stm32cubeide/plugins/com.st.stm32cube.ide.mcu.externaltools.gnu-tools-for-stm32.9-2020-q2-update.win32_2.0.0.202105311346/tools/bin/../lib/gcc/arm-none-eabi/9.3.1/thumb/v7e-m+fp/hard\libgcc.a(_udivmoddi4.o)
                              c:/st/stm32cubeide_1.7.0/stm32cubeide/plugins/com.st.stm32cube.ide.mcu.externaltools.gnu-tools-for-stm32.9-2020-q2-update.win32_2.0.0.202105311346/tools/bin/../lib/gcc/arm-none-eabi/9.3.1/thumb/v7e-m+fp/hard\libgcc.a(_aeabi_uldivmod.o) (__udivmoddi4)
c:/st/stm32cubeide_1.7.0/stm32cubeide/plugins/com.st.stm32cube.ide.mcu.externaltools.gnu-tools-for-stm32.9-2020-q2-update.win32_2.0.0.202105311346/tools/bin/../lib/gcc/arm-none-eabi/9.3.1/thumb/v7e-m+fp/hard\libgcc.a(_dvmd_tls.o)
                              c:/st/stm32cubeide_1.7.0/stm32cubeide/plugins/com.st.stm32cube.ide.mcu.externaltools.gnu-tools-for-stm32.9-2020-q2-update.win32_2.0.0.202105311346/tools/bin/../lib/gcc/arm-none-eabi/9.3.1/thumb/v7e-m+fp/hard\libgcc.a(_aeabi_uldivmod.o) (__aeabi_ldiv0)

Allocating common symbols
Common symbol       size              file

hi2c1               0x54              ./Core/Src/main.o
uwTick              0x4               ./Drivers/STM32F4xx_HAL_Driver/Src/stm32f4xx_hal.o
pFlash              0x20              ./Drivers/STM32F4xx_HAL_Driver/Src/stm32f4xx_hal_flash.o
msec_since_startup  0x4               ./Core/Src/systick.o
timeout             0x4               ./Core/Src/systick.o

Discarded input sections

[...]
Memory Configuration

Name             Origin             Length             Attributes
RAM              0x0000000020000000 0x0000000000020000 xrw
FLASH            0x0000000008000000 0x0000000000080000 xr
*default*        0x0000000000000000 0xffffffffffffffff

Linker script and memory map

LOAD c:/st/stm32cubeide_1.7.0/stm32cubeide/plugins/com.st.stm32cube.ide.mcu.externaltools.gnu-tools-for-stm32.9-2020-q2-update.win32_2.0.0.202105311346/tools/bin/../lib/gcc/arm-none-eabi/9.3.1/thumb/v7e-m+fp/hard/crti.o
LOAD c:/st/stm32cubeide_1.7.0/stm32cubeide/plugins/com.st.stm32cube.ide.mcu.externaltools.gnu-tools-for-stm32.9-2020-q2-update.win32_2.0.0.202105311346/tools/bin/../lib/gcc/arm-none-eabi/9.3.1/thumb/v7e-m+fp/hard/crtbegin.o
LOAD c:/st/stm32cubeide_1.7.0/stm32cubeide/plugins/com.st.stm32cube.ide.mcu.externaltools.gnu-tools-for-stm32.9-2020-q2-update.win32_2.0.0.202105311346/tools/bin/../lib/gcc/arm-none-eabi/9.3.1/../../../../arm-none-eabi/lib/thumb/v7e-m+fp/hard/crt0.o
LOAD ./Core/Src/adc.o
LOAD ./Core/Src/fonts.o
LOAD ./Core/Src/ir_sensor.o
LOAD ./Core/Src/main.o
LOAD ./Core/Src/oled_ops.o
LOAD ./Core/Src/rtc.o
LOAD ./Core/Src/ssd1306.o
LOAD ./Core/Src/stm32f4xx_hal_msp.o
LOAD ./Core/Src/stm32f4xx_it.o
LOAD ./Core/Src/syscalls.o
LOAD ./Core/Src/sysmem.o
LOAD ./Core/Src/system_stm32f4xx.o
LOAD ./Core/Src/systick.o
LOAD ./Core/Src/test.o
LOAD ./Core/Startup/startup_stm32f411vetx.o
LOAD ./Drivers/STM32F4xx_HAL_Driver/Src/stm32f4xx_hal.o
LOAD ./Drivers/STM32F4xx_HAL_Driver/Src/stm32f4xx_hal_cortex.o
LOAD ./Drivers/STM32F4xx_HAL_Driver/Src/stm32f4xx_hal_dma.o
LOAD ./Drivers/STM32F4xx_HAL_Driver/Src/stm32f4xx_hal_dma_ex.o
LOAD ./Drivers/STM32F4xx_HAL_Driver/Src/stm32f4xx_hal_exti.o
LOAD ./Drivers/STM32F4xx_HAL_Driver/Src/stm32f4xx_hal_flash.o
LOAD ./Drivers/STM32F4xx_HAL_Driver/Src/stm32f4xx_hal_flash_ex.o
LOAD ./Drivers/STM32F4xx_HAL_Driver/Src/stm32f4xx_hal_flash_ramfunc.o
LOAD ./Drivers/STM32F4xx_HAL_Driver/Src/stm32f4xx_hal_gpio.o
LOAD ./Drivers/STM32F4xx_HAL_Driver/Src/stm32f4xx_hal_i2c.o
LOAD ./Drivers/STM32F4xx_HAL_Driver/Src/stm32f4xx_hal_i2c_ex.o
LOAD ./Drivers/STM32F4xx_HAL_Driver/Src/stm32f4xx_hal_pwr.o
LOAD ./Drivers/STM32F4xx_HAL_Driver/Src/stm32f4xx_hal_pwr_ex.o
LOAD ./Drivers/STM32F4xx_HAL_Driver/Src/stm32f4xx_hal_rcc.o
LOAD ./Drivers/STM32F4xx_HAL_Driver/Src/stm32f4xx_hal_rcc_ex.o
LOAD ./Drivers/STM32F4xx_HAL_Driver/Src/stm32f4xx_hal_tim.o
LOAD ./Drivers/STM32F4xx_HAL_Driver/Src/stm32f4xx_hal_tim_ex.o
START GROUP
LOAD c:/st/stm32cubeide_1.7.0/stm32cubeide/plugins/com.st.stm32cube.ide.mcu.externaltools.gnu-tools-for-stm32.9-2020-q2-update.win32_2.0.0.202105311346/tools/bin/../lib/gcc/arm-none-eabi/9.3.1/../../../../arm-none-eabi/lib/thumb/v7e-m+fp/hard\libc_nano.a
LOAD c:/st/stm32cubeide_1.7.0/stm32cubeide/plugins/com.st.stm32cube.ide.mcu.externaltools.gnu-tools-for-stm32.9-2020-q2-update.win32_2.0.0.202105311346/tools/bin/../lib/gcc/arm-none-eabi/9.3.1/../../../../arm-none-eabi/lib/thumb/v7e-m+fp/hard\libm.a
END GROUP
START GROUP
LOAD c:/st/stm32cubeide_1.7.0/stm32cubeide/plugins/com.st.stm32cube.ide.mcu.externaltools.gnu-tools-for-stm32.9-2020-q2-update.win32_2.0.0.202105311346/tools/bin/../lib/gcc/arm-none-eabi/9.3.1/thumb/v7e-m+fp/hard\libgcc.a
LOAD c:/st/stm32cubeide_1.7.0/stm32cubeide/plugins/com.st.stm32cube.ide.mcu.externaltools.gnu-tools-for-stm32.9-2020-q2-update.win32_2.0.0.202105311346/tools/bin/../lib/gcc/arm-none-eabi/9.3.1/../../../../arm-none-eabi/lib/thumb/v7e-m+fp/hard\libc_nano.a
END GROUP
START GROUP
LOAD c:/st/stm32cubeide_1.7.0/stm32cubeide/plugins/com.st.stm32cube.ide.mcu.externaltools.gnu-tools-for-stm32.9-2020-q2-update.win32_2.0.0.202105311346/tools/bin/../lib/gcc/arm-none-eabi/9.3.1/thumb/v7e-m+fp/hard\libgcc.a
LOAD c:/st/stm32cubeide_1.7.0/stm32cubeide/plugins/com.st.stm32cube.ide.mcu.externaltools.gnu-tools-for-stm32.9-2020-q2-update.win32_2.0.0.202105311346/tools/bin/../lib/gcc/arm-none-eabi/9.3.1/../../../../arm-none-eabi/lib/thumb/v7e-m+fp/hard\libc_nano.a
LOAD c:/st/stm32cubeide_1.7.0/stm32cubeide/plugins/com.st.stm32cube.ide.mcu.externaltools.gnu-tools-for-stm32.9-2020-q2-update.win32_2.0.0.202105311346/tools/bin/../lib/gcc/arm-none-eabi/9.3.1/../../../../arm-none-eabi/lib/thumb/v7e-m+fp/hard\libnosys.a
END GROUP
START GROUP
LOAD c:/st/stm32cubeide_1.7.0/stm32cubeide/plugins/com.st.stm32cube.ide.mcu.externaltools.gnu-tools-for-stm32.9-2020-q2-update.win32_2.0.0.202105311346/tools/bin/../lib/gcc/arm-none-eabi/9.3.1/thumb/v7e-m+fp/hard\libgcc.a
LOAD c:/st/stm32cubeide_1.7.0/stm32cubeide/plugins/com.st.stm32cube.ide.mcu.externaltools.gnu-tools-for-stm32.9-2020-q2-update.win32_2.0.0.202105311346/tools/bin/../lib/gcc/arm-none-eabi/9.3.1/../../../../arm-none-eabi/lib/thumb/v7e-m+fp/hard\libc_nano.a
LOAD c:/st/stm32cubeide_1.7.0/stm32cubeide/plugins/com.st.stm32cube.ide.mcu.externaltools.gnu-tools-for-stm32.9-2020-q2-update.win32_2.0.0.202105311346/tools/bin/../lib/gcc/arm-none-eabi/9.3.1/../../../../arm-none-eabi/lib/thumb/v7e-m+fp/hard\libnosys.a
END GROUP
LOAD c:/st/stm32cubeide_1.7.0/stm32cubeide/plugins/com.st.stm32cube.ide.mcu.externaltools.gnu-tools-for-stm32.9-2020-q2-update.win32_2.0.0.202105311346/tools/bin/../lib/gcc/arm-none-eabi/9.3.1/thumb/v7e-m+fp/hard/crtend.o
LOAD c:/st/stm32cubeide_1.7.0/stm32cubeide/plugins/com.st.stm32cube.ide.mcu.externaltools.gnu-tools-for-stm32.9-2020-q2-update.win32_2.0.0.202105311346/tools/bin/../lib/gcc/arm-none-eabi/9.3.1/thumb/v7e-m+fp/hard/crtn.o
                0x0000000020020000                _estack = (ORIGIN (RAM) + LENGTH (RAM))
                0x0000000000000200                _Min_Heap_Size = 0x200
                0x0000000000000400                _Min_Stack_Size = 0x400

.isr_vector     0x0000000008000000      0x198
                0x0000000008000000                . = ALIGN (0x4)
 *(.isr_vector)
 .isr_vector    0x0000000008000000      0x198 ./Core/Startup/startup_stm32f411vetx.o
                0x0000000008000000                g_pfnVectors
                0x0000000008000198                . = ALIGN (0x4)

.text           0x0000000008000198     0x3694
                0x0000000008000198                . = ALIGN (0x4)
 *(.text)
 .text          0x0000000008000198       0x40 c:/st/stm32cubeide_1.7.0/stm32cubeide/plugins/com.st.stm32cube.ide.mcu.externaltools.gnu-tools-for-stm32.9-2020-q2-update.win32_2.0.0.202105311346/tools/bin/../lib/gcc/arm-none-eabi/9.3.1/thumb/v7e-m+fp/hard/crtbegin.o
 .text          0x00000000080001d8       0x30 c:/st/stm32cubeide_1.7.0/stm32cubeide/plugins/com.st.stm32cube.ide.mcu.externaltools.gnu-tools-for-stm32.9-2020-q2-update.win32_2.0.0.202105311346/tools/bin/../lib/gcc/arm-none-eabi/9.3.1/thumb/v7e-m+fp/hard\libgcc.a(_aeabi_uldivmod.o)
                0x00000000080001d8                __aeabi_uldivmod
 .text          0x0000000008000208      0x2c4 c:/st/stm32cubeide_1.7.0/stm32cubeide/plugins/com.st.stm32cube.ide.mcu.externaltools.gnu-tools-for-stm32.9-2020-q2-update.win32_2.0.0.202105311346/tools/bin/../lib/gcc/arm-none-eabi/9.3.1/thumb/v7e-m+fp/hard\libgcc.a(_udivmoddi4.o)
                0x0000000008000208                __udivmoddi4
 .text          0x00000000080004cc        0x4 c:/st/stm32cubeide_1.7.0/stm32cubeide/plugins/com.st.stm32cube.ide.mcu.externaltools.gnu-tools-for-stm32.9-2020-q2-update.win32_2.0.0.202105311346/tools/bin/../lib/gcc/arm-none-eabi/9.3.1/thumb/v7e-m+fp/hard\libgcc.a(_dvmd_tls.o)
                0x00000000080004cc                __aeabi_idiv0
                0x00000000080004cc                __aeabi_ldiv0
 *(.text*)
 .text.__NVIC_EnableIRQ
                0x00000000080004d0       0x3c ./Core/Src/adc.o
 .text.__NVIC_SetPriority
                0x000000000800050c       0x54 ./Core/Src/adc.o
 .text.adc_init
                0x0000000008000560       0x8c ./Core/Src/adc.o
                0x0000000008000560                adc_init
 .text.ADC_IRQHandler
                0x00000000080005ec       0x34 ./Core/Src/adc.o
                0x00000000080005ec                ADC_IRQHandler
 .text.calculate_temperature
                0x0000000008000620      0x398 ./Core/Src/adc.o
                0x0000000008000620                calculate_temperature
 .text.get_temp
                0x00000000080009b8       0x18 ./Core/Src/adc.o
                0x00000000080009b8                get_temp
 .text.ir_init  0x00000000080009d0       0x84 ./Core/Src/ir_sensor.o
                0x00000000080009d0                ir_init
 .text.check_ir_sensor
                0x0000000008000a54      0x1b4 ./Core/Src/ir_sensor.o
                0x0000000008000a54                check_ir_sensor
 .text.return_right_status
                0x0000000008000c08       0x18 ./Core/Src/ir_sensor.o
                0x0000000008000c08                return_right_status
 .text.return_left_status
                0x0000000008000c20       0x18 ./Core/Src/ir_sensor.o
                0x0000000008000c20                return_left_status
 .text.return_both_status
                0x0000000008000c38       0x18 ./Core/Src/ir_sensor.o
                0x0000000008000c38                return_both_status
 .text.main     0x0000000008000c50       0x72 ./Core/Src/main.o
                0x0000000008000c50                main
 *fill*         0x0000000008000cc2        0x2 
 .text.SystemClock_Config
                0x0000000008000cc4       0xbc ./Core/Src/main.o
                0x0000000008000cc4                SystemClock_Config
 .text.MX_I2C1_Init
                0x0000000008000d80       0x5c ./Core/Src/main.o
 .text.MX_GPIO_Init
                0x0000000008000ddc      0x280 ./Core/Src/main.o
 .text.Error_Handler
                0x000000000800105c        0xa ./Core/Src/main.o
                0x000000000800105c                Error_Handler
 *fill*         0x0000000008001066        0x2 
 .text.Time_Update
                0x0000000008001068      0x2d4 ./Core/Src/oled_ops.o
                0x0000000008001068                Time_Update
 .text.rtc_init
                0x000000000800133c      0x140 ./Core/Src/rtc.o
                0x000000000800133c                rtc_init
 .text.RTC_calculate_time
                0x000000000800147c       0xc0 ./Core/Src/rtc.o
                0x000000000800147c                RTC_calculate_time
 .text.RTC_calculate_date
                0x000000000800153c       0xa0 ./Core/Src/rtc.o
                0x000000000800153c                RTC_calculate_date
 .text.get_minutes
                0x00000000080015dc       0x18 ./Core/Src/rtc.o
                0x00000000080015dc                get_minutes
 .text.get_hours
                0x00000000080015f4       0x18 ./Core/Src/rtc.o
                0x00000000080015f4                get_hours
 .text.get_year
                0x000000000800160c       0x18 ./Core/Src/rtc.o
                0x000000000800160c                get_year
 .text.get_month
                0x0000000008001624       0x18 ./Core/Src/rtc.o
                0x0000000008001624                get_month
 .text.get_day  0x000000000800163c       0x18 ./Core/Src/rtc.o
                0x000000000800163c                get_day
 .text.SSD1306_DrawBitmap
                0x0000000008001654       0xd0 ./Core/Src/ssd1306.o
                0x0000000008001654                SSD1306_DrawBitmap
 .text.SSD1306_Init
                0x0000000008001724      0x188 ./Core/Src/ssd1306.o
                0x0000000008001724                SSD1306_Init
 .text.SSD1306_UpdateScreen
                0x00000000080018ac       0x5c ./Core/Src/ssd1306.o
                0x00000000080018ac                SSD1306_UpdateScreen
 .text.SSD1306_Fill
                0x0000000008001908       0x30 ./Core/Src/ssd1306.o
                0x0000000008001908                SSD1306_Fill
 .text.SSD1306_DrawPixel
                0x0000000008001938       0xc0 ./Core/Src/ssd1306.o
                0x0000000008001938                SSD1306_DrawPixel
 .text.SSD1306_GotoXY
                0x00000000080019f8       0x2c ./Core/Src/ssd1306.o
                0x00000000080019f8                SSD1306_GotoXY
 .text.SSD1306_Putc
                0x0000000008001a24      0x100 ./Core/Src/ssd1306.o
                0x0000000008001a24                SSD1306_Putc
 .text.SSD1306_Puts
                0x0000000008001b24       0x4a ./Core/Src/ssd1306.o
                0x0000000008001b24                SSD1306_Puts
 .text.SSD1306_Clear
                0x0000000008001b6e       0x12 ./Core/Src/ssd1306.o
                0x0000000008001b6e                SSD1306_Clear
 .text.ssd1306_I2C_Init
                0x0000000008001b80       0x2c ./Core/Src/ssd1306.o
                0x0000000008001b80                ssd1306_I2C_Init
 .text.ssd1306_I2C_WriteMulti
                0x0000000008001bac       0x90 ./Core/Src/ssd1306.o
                0x0000000008001bac                ssd1306_I2C_WriteMulti
 .text.ssd1306_I2C_Write
                0x0000000008001c3c       0x3c ./Core/Src/ssd1306.o
                0x0000000008001c3c                ssd1306_I2C_Write
 .text.HAL_MspInit
                0x0000000008001c78       0x50 ./Core/Src/stm32f4xx_hal_msp.o
                0x0000000008001c78                HAL_MspInit
 .text.HAL_I2C_MspInit
                0x0000000008001cc8       0x90 ./Core/Src/stm32f4xx_hal_msp.o
                0x0000000008001cc8                HAL_I2C_MspInit
 .text.NMI_Handler
                0x0000000008001d58        0x6 ./Core/Src/stm32f4xx_it.o
                0x0000000008001d58                NMI_Handler
 .text.HardFault_Handler
                0x0000000008001d5e        0x6 ./Core/Src/stm32f4xx_it.o
                0x0000000008001d5e                HardFault_Handler
 .text.MemManage_Handler
                0x0000000008001d64        0x6 ./Core/Src/stm32f4xx_it.o
                0x0000000008001d64                MemManage_Handler
 .text.BusFault_Handler
                0x0000000008001d6a        0x6 ./Core/Src/stm32f4xx_it.o
                0x0000000008001d6a                BusFault_Handler
 .text.UsageFault_Handler
                0x0000000008001d70        0x6 ./Core/Src/stm32f4xx_it.o
                0x0000000008001d70                UsageFault_Handler
 .text.SVC_Handler
                0x0000000008001d76        0xe ./Core/Src/stm32f4xx_it.o
                0x0000000008001d76                SVC_Handler
 .text.DebugMon_Handler
                0x0000000008001d84        0xe ./Core/Src/stm32f4xx_it.o
                0x0000000008001d84                DebugMon_Handler
 .text.PendSV_Handler
                0x0000000008001d92        0xe ./Core/Src/stm32f4xx_it.o
                0x0000000008001d92                PendSV_Handler
 .text.SystemInit
                0x0000000008001da0       0x24 ./Core/Src/system_stm32f4xx.o
                0x0000000008001da0                SystemInit
 .text.SysTick_Handler
                0x0000000008001dc4       0x2c ./Core/Src/systick.o
                0x0000000008001dc4                SysTick_Handler
 .text.Reset_Handler
                0x0000000008001df0       0x50 ./Core/Startup/startup_stm32f411vetx.o
                0x0000000008001df0                Reset_Handler
 .text.Default_Handler
                0x0000000008001e40        0x2 ./Core/Startup/startup_stm32f411vetx.o
                0x0000000008001e40                RTC_Alarm_IRQHandler
                0x0000000008001e40                EXTI2_IRQHandler
                0x0000000008001e40                SPI4_IRQHandler
                0x0000000008001e40                TIM1_CC_IRQHandler
                0x0000000008001e40                DMA2_Stream5_IRQHandler
                0x0000000008001e40                DMA1_Stream5_IRQHandler
                0x0000000008001e40                PVD_IRQHandler
                0x0000000008001e40                SDIO_IRQHandler
                0x0000000008001e40                TAMP_STAMP_IRQHandler
                0x0000000008001e40                EXTI3_IRQHandler
                0x0000000008001e40                TIM1_UP_TIM10_IRQHandler
                0x0000000008001e40                I2C3_ER_IRQHandler
                0x0000000008001e40                EXTI0_IRQHandler
                0x0000000008001e40                I2C2_EV_IRQHandler
                0x0000000008001e40                DMA1_Stream2_IRQHandler
                0x0000000008001e40                FPU_IRQHandler
                0x0000000008001e40                DMA2_Stream2_IRQHandler
                0x0000000008001e40                SPI1_IRQHandler
                0x0000000008001e40                TIM1_BRK_TIM9_IRQHandler
                0x0000000008001e40                DMA2_Stream3_IRQHandler
                0x0000000008001e40                USART6_IRQHandler
                0x0000000008001e40                DMA2_Stream0_IRQHandler
                0x0000000008001e40                TIM4_IRQHandler
                0x0000000008001e40                I2C1_EV_IRQHandler
                0x0000000008001e40                DMA1_Stream6_IRQHandler
                0x0000000008001e40                DMA1_Stream1_IRQHandler
                0x0000000008001e40                TIM3_IRQHandler
                0x0000000008001e40                RCC_IRQHandler
                0x0000000008001e40                Default_Handler
                0x0000000008001e40                EXTI15_10_IRQHandler
                0x0000000008001e40                DMA1_Stream7_IRQHandler
                0x0000000008001e40                SPI5_IRQHandler
                0x0000000008001e40                TIM5_IRQHandler
                0x0000000008001e40                DMA2_Stream7_IRQHandler
                0x0000000008001e40                I2C3_EV_IRQHandler
                0x0000000008001e40                EXTI9_5_IRQHandler
                0x0000000008001e40                RTC_WKUP_IRQHandler
                0x0000000008001e40                SPI2_IRQHandler
                0x0000000008001e40                DMA1_Stream0_IRQHandler
                0x0000000008001e40                EXTI4_IRQHandler
                0x0000000008001e40                WWDG_IRQHandler
                0x0000000008001e40                TIM2_IRQHandler
                0x0000000008001e40                OTG_FS_WKUP_IRQHandler
                0x0000000008001e40                TIM1_TRG_COM_TIM11_IRQHandler
                0x0000000008001e40                EXTI1_IRQHandler
                0x0000000008001e40                USART2_IRQHandler
                0x0000000008001e40                I2C2_ER_IRQHandler
                0x0000000008001e40                DMA2_Stream1_IRQHandler
                0x0000000008001e40                FLASH_IRQHandler
                0x0000000008001e40                DMA2_Stream4_IRQHandler
                0x0000000008001e40                USART1_IRQHandler
                0x0000000008001e40                OTG_FS_IRQHandler
                0x0000000008001e40                SPI3_IRQHandler
                0x0000000008001e40                DMA1_Stream4_IRQHandler
                0x0000000008001e40                I2C1_ER_IRQHandler
                0x0000000008001e40                DMA2_Stream6_IRQHandler
                0x0000000008001e40                DMA1_Stream3_IRQHandler
 *fill*         0x0000000008001e42        0x2 
 .text.HAL_Init
                0x0000000008001e44       0x44 ./Drivers/STM32F4xx_HAL_Driver/Src/stm32f4xx_hal.o
                0x0000000008001e44                HAL_Init
 .text.HAL_InitTick
                0x0000000008001e88       0x60 ./Drivers/STM32F4xx_HAL_Driver/Src/stm32f4xx_hal.o
                0x0000000008001e88                HAL_InitTick
 .text.HAL_GetTick
                0x0000000008001ee8       0x18 ./Drivers/STM32F4xx_HAL_Driver/Src/stm32f4xx_hal.o
                0x0000000008001ee8                HAL_GetTick
 .text.__NVIC_SetPriorityGrouping
                0x0000000008001f00       0x48 ./Drivers/STM32F4xx_HAL_Driver/Src/stm32f4xx_hal_cortex.o
 .text.__NVIC_GetPriorityGrouping
                0x0000000008001f48       0x1c ./Drivers/STM32F4xx_HAL_Driver/Src/stm32f4xx_hal_cortex.o
 .text.__NVIC_SetPriority
                0x0000000008001f64       0x54 ./Drivers/STM32F4xx_HAL_Driver/Src/stm32f4xx_hal_cortex.o
 .text.NVIC_EncodePriority
                0x0000000008001fb8       0x66 ./Drivers/STM32F4xx_HAL_Driver/Src/stm32f4xx_hal_cortex.o
 *fill*         0x000000000800201e        0x2 
 .text.SysTick_Config
                0x0000000008002020       0x44 ./Drivers/STM32F4xx_HAL_Driver/Src/stm32f4xx_hal_cortex.o
 .text.HAL_NVIC_SetPriorityGrouping
                0x0000000008002064       0x16 ./Drivers/STM32F4xx_HAL_Driver/Src/stm32f4xx_hal_cortex.o
                0x0000000008002064                HAL_NVIC_SetPriorityGrouping
 .text.HAL_NVIC_SetPriority
                0x000000000800207a       0x38 ./Drivers/STM32F4xx_HAL_Driver/Src/stm32f4xx_hal_cortex.o
                0x000000000800207a                HAL_NVIC_SetPriority
 .text.HAL_SYSTICK_Config
                0x00000000080020b2       0x18 ./Drivers/STM32F4xx_HAL_Driver/Src/stm32f4xx_hal_cortex.o
                0x00000000080020b2                HAL_SYSTICK_Config
 *fill*         0x00000000080020ca        0x2 
 .text.HAL_GPIO_Init
                0x00000000080020cc      0x308 ./Drivers/STM32F4xx_HAL_Driver/Src/stm32f4xx_hal_gpio.o
                0x00000000080020cc                HAL_GPIO_Init
 .text.HAL_GPIO_WritePin
                0x00000000080023d4       0x32 ./Drivers/STM32F4xx_HAL_Driver/Src/stm32f4xx_hal_gpio.o
                0x00000000080023d4                HAL_GPIO_WritePin
 *fill*         0x0000000008002406        0x2 
 .text.HAL_I2C_Init
                0x0000000008002408      0x288 ./Drivers/STM32F4xx_HAL_Driver/Src/stm32f4xx_hal_i2c.o
                0x0000000008002408                HAL_I2C_Init
 .text.HAL_I2C_Master_Transmit
                0x0000000008002690      0x1fc ./Drivers/STM32F4xx_HAL_Driver/Src/stm32f4xx_hal_i2c.o
                0x0000000008002690                HAL_I2C_Master_Transmit
 .text.HAL_I2C_IsDeviceReady
                0x000000000800288c      0x25c ./Drivers/STM32F4xx_HAL_Driver/Src/stm32f4xx_hal_i2c.o
                0x000000000800288c                HAL_I2C_IsDeviceReady
 .text.I2C_MasterRequestWrite
                0x0000000008002ae8      0x104 ./Drivers/STM32F4xx_HAL_Driver/Src/stm32f4xx_hal_i2c.o
 .text.I2C_WaitOnFlagUntilTimeout
                0x0000000008002bec       0xae ./Drivers/STM32F4xx_HAL_Driver/Src/stm32f4xx_hal_i2c.o
 .text.I2C_WaitOnMasterAddressFlagUntilTimeout
                0x0000000008002c9a       0xfe ./Drivers/STM32F4xx_HAL_Driver/Src/stm32f4xx_hal_i2c.o
 .text.I2C_WaitOnTXEFlagUntilTimeout
                0x0000000008002d98       0x82 ./Drivers/STM32F4xx_HAL_Driver/Src/stm32f4xx_hal_i2c.o
 .text.I2C_WaitOnBTFFlagUntilTimeout
                0x0000000008002e1a       0x82 ./Drivers/STM32F4xx_HAL_Driver/Src/stm32f4xx_hal_i2c.o
 .text.I2C_IsAcknowledgeFailed
                0x0000000008002e9c       0x5e ./Drivers/STM32F4xx_HAL_Driver/Src/stm32f4xx_hal_i2c.o
 *fill*         0x0000000008002efa        0x2 
 .text.HAL_RCC_OscConfig
                0x0000000008002efc      0x4f0 ./Drivers/STM32F4xx_HAL_Driver/Src/stm32f4xx_hal_rcc.o
                0x0000000008002efc                HAL_RCC_OscConfig
 .text.HAL_RCC_ClockConfig
                0x00000000080033ec      0x1cc ./Drivers/STM32F4xx_HAL_Driver/Src/stm32f4xx_hal_rcc.o
                0x00000000080033ec                HAL_RCC_ClockConfig
 .text.HAL_RCC_GetSysClockFreq
                0x00000000080035b8      0x1c4 ./Drivers/STM32F4xx_HAL_Driver/Src/stm32f4xx_hal_rcc.o
                0x00000000080035b8                HAL_RCC_GetSysClockFreq
 .text.HAL_RCC_GetHCLKFreq
                0x000000000800377c       0x18 ./Drivers/STM32F4xx_HAL_Driver/Src/stm32f4xx_hal_rcc.o
                0x000000000800377c                HAL_RCC_GetHCLKFreq
 .text.HAL_RCC_GetPCLK1Freq
                0x0000000008003794       0x28 ./Drivers/STM32F4xx_HAL_Driver/Src/stm32f4xx_hal_rcc.o
                0x0000000008003794                HAL_RCC_GetPCLK1Freq
 .text.__libc_init_array
                0x00000000080037bc       0x48 c:/st/stm32cubeide_1.7.0/stm32cubeide/plugins/com.st.stm32cube.ide.mcu.externaltools.gnu-tools-for-stm32.9-2020-q2-update.win32_2.0.0.202105311346/tools/bin/../lib/gcc/arm-none-eabi/9.3.1/../../../../arm-none-eabi/lib/thumb/v7e-m+fp/hard\libc_nano.a(lib_a-init.o)
                0x00000000080037bc                __libc_init_array
 .text.memset   0x0000000008003804       0x10 c:/st/stm32cubeide_1.7.0/stm32cubeide/plugins/com.st.stm32cube.ide.mcu.externaltools.gnu-tools-for-stm32.9-2020-q2-update.win32_2.0.0.202105311346/tools/bin/../lib/gcc/arm-none-eabi/9.3.1/../../../../arm-none-eabi/lib/thumb/v7e-m+fp/hard\libc_nano.a(lib_a-memset.o)
                0x0000000008003804                memset
 *(.glue_7)
 .glue_7        0x0000000008003814        0x0 linker stubs
 *(.glue_7t)
 .glue_7t       0x0000000008003814        0x0 linker stubs
 *(.eh_frame)
 .eh_frame      0x0000000008003814        0x0 c:/st/stm32cubeide_1.7.0/stm32cubeide/plugins/com.st.stm32cube.ide.mcu.externaltools.gnu-tools-for-stm32.9-2020-q2-update.win32_2.0.0.202105311346/tools/bin/../lib/gcc/arm-none-eabi/9.3.1/thumb/v7e-m+fp/hard/crtbegin.o
 *(.init)
 .init          0x0000000008003814        0x4 c:/st/stm32cubeide_1.7.0/stm32cubeide/plugins/com.st.stm32cube.ide.mcu.externaltools.gnu-tools-for-stm32.9-2020-q2-update.win32_2.0.0.202105311346/tools/bin/../lib/gcc/arm-none-eabi/9.3.1/thumb/v7e-m+fp/hard/crti.o
                0x0000000008003814                _init
 .init          0x0000000008003818        0x8 c:/st/stm32cubeide_1.7.0/stm32cubeide/plugins/com.st.stm32cube.ide.mcu.externaltools.gnu-tools-for-stm32.9-2020-q2-update.win32_2.0.0.202105311346/tools/bin/../lib/gcc/arm-none-eabi/9.3.1/thumb/v7e-m+fp/hard/crtn.o
 *(.fini)
 .fini          0x0000000008003820        0x4 c:/st/stm32cubeide_1.7.0/stm32cubeide/plugins/com.st.stm32cube.ide.mcu.externaltools.gnu-tools-for-stm32.9-2020-q2-update.win32_2.0.0.202105311346/tools/bin/../lib/gcc/arm-none-eabi/9.3.1/thumb/v7e-m+fp/hard/crti.o
                0x0000000008003820                _fini
 .fini          0x0000000008003824        0x8 c:/st/stm32cubeide_1.7.0/stm32cubeide/plugins/com.st.stm32cube.ide.mcu.externaltools.gnu-tools-for-stm32.9-2020-q2-update.win32_2.0.0.202105311346/tools/bin/../lib/gcc/arm-none-eabi/9.3.1/thumb/v7e-m+fp/hard/crtn.o
                0x000000000800382c                . = ALIGN (0x4)
                0x000000000800382c                _etext = .

.vfp11_veneer   0x000000000800382c        0x0
 .vfp11_veneer  0x000000000800382c        0x0 linker stubs

.v4_bx          0x000000000800382c        0x0
 .v4_bx         0x000000000800382c        0x0 linker stubs

.iplt           0x000000000800382c        0x0
 .iplt          0x000000000800382c        0x0 c:/st/stm32cubeide_1.7.0/stm32cubeide/plugins/com.st.stm32cube.ide.mcu.externaltools.gnu-tools-for-stm32.9-2020-q2-update.win32_2.0.0.202105311346/tools/bin/../lib/gcc/arm-none-eabi/9.3.1/thumb/v7e-m+fp/hard/crtbegin.o

.rodata         0x000000000800382c     0x1ad0
                0x000000000800382c                . = ALIGN (0x4)
 *(.rodata)
 *(.rodata*)
 .rodata.Font7x10
                0x000000000800382c      0x76c ./Core/Src/fonts.o
                0x000000000800382c                Font7x10
 .rodata.Font16x26
                0x0000000008003f98     0x134c ./Core/Src/fonts.o
                0x0000000008003f98                Font16x26
 .rodata.AHBPrescTable
                0x00000000080052e4       0x10 ./Core/Src/system_stm32f4xx.o
                0x00000000080052e4                AHBPrescTable
 .rodata.APBPrescTable
                0x00000000080052f4        0x8 ./Core/Src/system_stm32f4xx.o
                0x00000000080052f4                APBPrescTable
                0x00000000080052fc                . = ALIGN (0x4)

.ARM.extab      0x00000000080052fc        0x0
                0x00000000080052fc                . = ALIGN (0x4)
 *(.ARM.extab* .gnu.linkonce.armextab.*)
                0x00000000080052fc                . = ALIGN (0x4)

.ARM            0x00000000080052fc        0x8
                0x00000000080052fc                . = ALIGN (0x4)
                0x00000000080052fc                __exidx_start = .
 *(.ARM.exidx*)
 .ARM.exidx     0x00000000080052fc        0x8 c:/st/stm32cubeide_1.7.0/stm32cubeide/plugins/com.st.stm32cube.ide.mcu.externaltools.gnu-tools-for-stm32.9-2020-q2-update.win32_2.0.0.202105311346/tools/bin/../lib/gcc/arm-none-eabi/9.3.1/thumb/v7e-m+fp/hard\libgcc.a(_udivmoddi4.o)
                0x0000000008005304                __exidx_end = .
                0x0000000008005304                . = ALIGN (0x4)

.rel.dyn        0x0000000008005304        0x0
 .rel.iplt      0x0000000008005304        0x0 c:/st/stm32cubeide_1.7.0/stm32cubeide/plugins/com.st.stm32cube.ide.mcu.externaltools.gnu-tools-for-stm32.9-2020-q2-update.win32_2.0.0.202105311346/tools/bin/../lib/gcc/arm-none-eabi/9.3.1/thumb/v7e-m+fp/hard/crtbegin.o

.preinit_array  0x0000000008005304        0x0
                0x0000000008005304                . = ALIGN (0x4)
                0x0000000008005304                PROVIDE (__preinit_array_start = .)
 *(.preinit_array*)
                0x0000000008005304                PROVIDE (__preinit_array_end = .)
                0x0000000008005304                . = ALIGN (0x4)

.init_array     0x0000000008005304        0x4
                0x0000000008005304                . = ALIGN (0x4)
                0x0000000008005304                PROVIDE (__init_array_start = .)
 *(SORT_BY_NAME(.init_array.*))
 *(.init_array*)
 .init_array    0x0000000008005304        0x4 c:/st/stm32cubeide_1.7.0/stm32cubeide/plugins/com.st.stm32cube.ide.mcu.externaltools.gnu-tools-for-stm32.9-2020-q2-update.win32_2.0.0.202105311346/tools/bin/../lib/gcc/arm-none-eabi/9.3.1/thumb/v7e-m+fp/hard/crtbegin.o
                0x0000000008005308                PROVIDE (__init_array_end = .)
                0x0000000008005308                . = ALIGN (0x4)

.fini_array     0x0000000008005308        0x4
                0x0000000008005308                . = ALIGN (0x4)
                [!provide]                        PROVIDE (__fini_array_start = .)
 *(SORT_BY_NAME(.fini_array.*))
 *(.fini_array*)
 .fini_array    0x0000000008005308        0x4 c:/st/stm32cubeide_1.7.0/stm32cubeide/plugins/com.st.stm32cube.ide.mcu.externaltools.gnu-tools-for-stm32.9-2020-q2-update.win32_2.0.0.202105311346/tools/bin/../lib/gcc/arm-none-eabi/9.3.1/thumb/v7e-m+fp/hard/crtbegin.o
                [!provide]                        PROVIDE (__fini_array_end = .)
                0x000000000800530c                . = ALIGN (0x4)
                0x000000000800530c                _sidata = LOADADDR (.data)

.data           0x0000000020000000      0xc30 load address 0x000000000800530c
                0x0000000020000000                . = ALIGN (0x4)
                0x0000000020000000                _sdata = .
 *(.data)
 *(.data*)
 .data.Font_7x10
                0x0000000020000000        0x8 ./Core/Src/fonts.o
                0x0000000020000000                Font_7x10
 .data.Font_16x26
                0x0000000020000008        0x8 ./Core/Src/fonts.o
                0x0000000020000008                Font_16x26
 .data.counter  0x0000000020000010        0x1 ./Core/Src/ir_sensor.o
 .data.clear_count_left
                0x0000000020000011        0x1 ./Core/Src/ir_sensor.o
 .data.clear_count_right
                0x0000000020000012        0x1 ./Core/Src/ir_sensor.o
 *fill*         0x0000000020000013        0x1 
 .data.Left_Alert_NEW
                0x0000000020000014      0x400 ./Core/Src/ir_sensor.o
 .data.Both_Side_Alert_NEW
                0x0000000020000414      0x400 ./Core/Src/ir_sensor.o
 .data.Right_Alert_NEW
                0x0000000020000814      0x400 ./Core/Src/ir_sensor.o
 .data.date_string
                0x0000000020000c14        0x9 ./Core/Src/oled_ops.o
 *fill*         0x0000000020000c1d        0x3 
 .data.temp_string
                0x0000000020000c20        0x4 ./Core/Src/oled_ops.o
 .data.SystemCoreClock
                0x0000000020000c24        0x4 ./Core/Src/system_stm32f4xx.o
                0x0000000020000c24                SystemCoreClock
 .data.uwTickPrio
                0x0000000020000c28        0x4 ./Drivers/STM32F4xx_HAL_Driver/Src/stm32f4xx_hal.o
                0x0000000020000c28                uwTickPrio
 .data.uwTickFreq
                0x0000000020000c2c        0x1 ./Drivers/STM32F4xx_HAL_Driver/Src/stm32f4xx_hal.o
                0x0000000020000c2c                uwTickFreq
 *(.RamFunc)
 *(.RamFunc*)
                0x0000000020000c30                . = ALIGN (0x4)
 *fill*         0x0000000020000c2d        0x3 
                0x0000000020000c30                _edata = .

.igot.plt       0x0000000020000c30        0x0 load address 0x0000000008005f3c
 .igot.plt      0x0000000020000c30        0x0 c:/st/stm32cubeide_1.7.0/stm32cubeide/plugins/com.st.stm32cube.ide.mcu.externaltools.gnu-tools-for-stm32.9-2020-q2-update.win32_2.0.0.202105311346/tools/bin/../lib/gcc/arm-none-eabi/9.3.1/thumb/v7e-m+fp/hard/crtbegin.o
                0x0000000020000c30                . = ALIGN (0x4)

.bss            0x0000000020000c30      0x4ac load address 0x0000000008005f3c
                0x0000000020000c30                _sbss = .
                0x0000000020000c30                __bss_start__ = _sbss
 *(.bss)
 .bss           0x0000000020000c30       0x1c c:/st/stm32cubeide_1.7.0/stm32cubeide/plugins/com.st.stm32cube.ide.mcu.externaltools.gnu-tools-for-stm32.9-2020-q2-update.win32_2.0.0.202105311346/tools/bin/../lib/gcc/arm-none-eabi/9.3.1/thumb/v7e-m+fp/hard/crtbegin.o
 *(.bss*)
 .bss.adc_value
                0x0000000020000c4c        0x4 ./Core/Src/adc.o
 .bss.temperature
                0x0000000020000c50        0x4 ./Core/Src/adc.o
 .bss.vehicle_leftside
                0x0000000020000c54        0x1 ./Core/Src/ir_sensor.o
 .bss.vehicle_rightside
                0x0000000020000c55        0x1 ./Core/Src/ir_sensor.o
 .bss.vechile_bothside
                0x0000000020000c56        0x1 ./Core/Src/ir_sensor.o
 .bss.prev_min_val
                0x0000000020000c57        0x1 ./Core/Src/oled_ops.o
 .bss.prev_hour_val
                0x0000000020000c58        0x1 ./Core/Src/oled_ops.o
 .bss.min_ones  0x0000000020000c59        0x1 ./Core/Src/oled_ops.o
 .bss.min_tens  0x0000000020000c5a        0x1 ./Core/Src/oled_ops.o
 .bss.hours_ones
                0x0000000020000c5b        0x1 ./Core/Src/oled_ops.o
 .bss.hours_tens
                0x0000000020000c5c        0x1 ./Core/Src/oled_ops.o
 .bss.date_val  0x0000000020000c5d        0x1 ./Core/Src/oled_ops.o
 .bss.month_val
                0x0000000020000c5e        0x1 ./Core/Src/oled_ops.o
 .bss.year_val  0x0000000020000c5f        0x1 ./Core/Src/oled_ops.o
 .bss.date_ones
                0x0000000020000c60        0x1 ./Core/Src/oled_ops.o
 .bss.date_tens
                0x0000000020000c61        0x1 ./Core/Src/oled_ops.o
 .bss.month_ones
                0x0000000020000c62        0x1 ./Core/Src/oled_ops.o
 .bss.month_tens
                0x0000000020000c63        0x1 ./Core/Src/oled_ops.o
 .bss.year_ones
                0x0000000020000c64        0x1 ./Core/Src/oled_ops.o
 .bss.year_tens
                0x0000000020000c65        0x1 ./Core/Src/oled_ops.o
 .bss.temp_val  0x0000000020000c66        0x1 ./Core/Src/oled_ops.o
 .bss.temp_tens
                0x0000000020000c67        0x1 ./Core/Src/oled_ops.o
 .bss.temp_ones
                0x0000000020000c68        0x1 ./Core/Src/oled_ops.o
 .bss.Hours     0x0000000020000c69        0x1 ./Core/Src/rtc.o
 .bss.Minutes   0x0000000020000c6a        0x1 ./Core/Src/rtc.o
 .bss.Seconds   0x0000000020000c6b        0x1 ./Core/Src/rtc.o
 .bss.Month     0x0000000020000c6c        0x1 ./Core/Src/rtc.o
 .bss.Day       0x0000000020000c6d        0x1 ./Core/Src/rtc.o
 .bss.Year      0x0000000020000c6e        0x1 ./Core/Src/rtc.o
 *fill*         0x0000000020000c6f        0x1 
 .bss.SSD1306_Buffer
                0x0000000020000c70      0x400 ./Core/Src/ssd1306.o
 .bss.SSD1306   0x0000000020001070        0x6 ./Core/Src/ssd1306.o
 *fill*         0x0000000020001076        0x2 
 .bss.Systick_count
                0x0000000020001078        0x4 ./Core/Src/systick.o
 *(COMMON)
 COMMON         0x000000002000107c       0x54 ./Core/Src/main.o
                0x000000002000107c                hi2c1
 COMMON         0x00000000200010d0        0x8 ./Core/Src/systick.o
                0x00000000200010d0                msec_since_startup
                0x00000000200010d4                timeout
 COMMON         0x00000000200010d8        0x4 ./Drivers/STM32F4xx_HAL_Driver/Src/stm32f4xx_hal.o
                0x00000000200010d8                uwTick
                0x00000000200010dc                . = ALIGN (0x4)
                0x00000000200010dc                _ebss = .
                0x00000000200010dc                __bss_end__ = _ebss

._user_heap_stack
                0x00000000200010dc      0x604 load address 0x0000000008005f3c
                0x00000000200010e0                . = ALIGN (0x8)
 *fill*         0x00000000200010dc        0x4 
                [!provide]                        PROVIDE (end = .)
                0x00000000200010e0                PROVIDE (_end = .)
                0x00000000200012e0                . = (. + _Min_Heap_Size)
 *fill*         0x00000000200010e0      0x200 
                0x00000000200016e0                . = (. + _Min_Stack_Size)
 *fill*         0x00000000200012e0      0x400 
                0x00000000200016e0                . = ALIGN (0x8)

/DISCARD/
 libc.a(*)
 libm.a(*)
 libgcc.a(*)

.ARM.attributes
                0x0000000000000000       0x30
 *(.ARM.attributes)
 .ARM.attributes
                0x0000000000000000       0x1e c:/st/stm32cubeide_1.7.0/stm32cubeide/plugins/com.st.stm32cube.ide.mcu.externaltools.gnu-tools-for-stm32.9-2020-q2-update.win32_2.0.0.202105311346/tools/bin/../lib/gcc/arm-none-eabi/9.3.1/thumb/v7e-m+fp/hard/crti.o
 .ARM.attributes
                0x000000000000001e       0x34 c:/st/stm32cubeide_1.7.0/stm32cubeide/plugins/com.st.stm32cube.ide.mcu.externaltools.gnu-tools-for-stm32.9-2020-q2-update.win32_2.0.0.202105311346/tools/bin/../lib/gcc/arm-none-eabi/9.3.1/thumb/v7e-m+fp/hard/crtbegin.o
 .ARM.attributes
                0x0000000000000052       0x34 ./Core/Src/adc.o
 .ARM.attributes
                0x0000000000000086       0x34 ./Core/Src/fonts.o
 .ARM.attributes
                0x00000000000000ba       0x34 ./Core/Src/ir_sensor.o
 .ARM.attributes
                0x00000000000000ee       0x34 ./Core/Src/main.o
 .ARM.attributes
                0x0000000000000122       0x34 ./Core/Src/oled_ops.o
 .ARM.attributes
                0x0000000000000156       0x34 ./Core/Src/rtc.o
 .ARM.attributes
                0x000000000000018a       0x34 ./Core/Src/ssd1306.o
 .ARM.attributes
                0x00000000000001be       0x34 ./Core/Src/stm32f4xx_hal_msp.o
 .ARM.attributes
                0x00000000000001f2       0x34 ./Core/Src/stm32f4xx_it.o
 .ARM.attributes
                0x0000000000000226       0x34 ./Core/Src/system_stm32f4xx.o
 .ARM.attributes
                0x000000000000025a       0x34 ./Core/Src/systick.o
 .ARM.attributes
                0x000000000000028e       0x21 ./Core/Startup/startup_stm32f411vetx.o
 .ARM.attributes
                0x00000000000002af       0x34 ./Drivers/STM32F4xx_HAL_Driver/Src/stm32f4xx_hal.o
 .ARM.attributes
                0x00000000000002e3       0x34 ./Drivers/STM32F4xx_HAL_Driver/Src/stm32f4xx_hal_cortex.o
 .ARM.attributes
                0x0000000000000317       0x34 ./Drivers/STM32F4xx_HAL_Driver/Src/stm32f4xx_hal_gpio.o
 .ARM.attributes
                0x000000000000034b       0x34 ./Drivers/STM32F4xx_HAL_Driver/Src/stm32f4xx_hal_i2c.o
 .ARM.attributes
                0x000000000000037f       0x34 ./Drivers/STM32F4xx_HAL_Driver/Src/stm32f4xx_hal_rcc.o
 .ARM.attributes
                0x00000000000003b3       0x34 c:/st/stm32cubeide_1.7.0/stm32cubeide/plugins/com.st.stm32cube.ide.mcu.externaltools.gnu-tools-for-stm32.9-2020-q2-update.win32_2.0.0.202105311346/tools/bin/../lib/gcc/arm-none-eabi/9.3.1/../../../../arm-none-eabi/lib/thumb/v7e-m+fp/hard\libc_nano.a(lib_a-init.o)
 .ARM.attributes
                0x00000000000003e7       0x34 c:/st/stm32cubeide_1.7.0/stm32cubeide/plugins/com.st.stm32cube.ide.mcu.externaltools.gnu-tools-for-stm32.9-2020-q2-update.win32_2.0.0.202105311346/tools/bin/../lib/gcc/arm-none-eabi/9.3.1/../../../../arm-none-eabi/lib/thumb/v7e-m+fp/hard\libc_nano.a(lib_a-memset.o)
 .ARM.attributes
                0x000000000000041b       0x1e c:/st/stm32cubeide_1.7.0/stm32cubeide/plugins/com.st.stm32cube.ide.mcu.externaltools.gnu-tools-for-stm32.9-2020-q2-update.win32_2.0.0.202105311346/tools/bin/../lib/gcc/arm-none-eabi/9.3.1/thumb/v7e-m+fp/hard\libgcc.a(_aeabi_uldivmod.o)
 .ARM.attributes
                0x0000000000000439       0x34 c:/st/stm32cubeide_1.7.0/stm32cubeide/plugins/com.st.stm32cube.ide.mcu.externaltools.gnu-tools-for-stm32.9-2020-q2-update.win32_2.0.0.202105311346/tools/bin/../lib/gcc/arm-none-eabi/9.3.1/thumb/v7e-m+fp/hard\libgcc.a(_udivmoddi4.o)
 .ARM.attributes
                0x000000000000046d       0x1e c:/st/stm32cubeide_1.7.0/stm32cubeide/plugins/com.st.stm32cube.ide.mcu.externaltools.gnu-tools-for-stm32.9-2020-q2-update.win32_2.0.0.202105311346/tools/bin/../lib/gcc/arm-none-eabi/9.3.1/thumb/v7e-m+fp/hard\libgcc.a(_dvmd_tls.o)
 .ARM.attributes
                0x000000000000048b       0x1e c:/st/stm32cubeide_1.7.0/stm32cubeide/plugins/com.st.stm32cube.ide.mcu.externaltools.gnu-tools-for-stm32.9-2020-q2-update.win32_2.0.0.202105311346/tools/bin/../lib/gcc/arm-none-eabi/9.3.1/thumb/v7e-m+fp/hard/crtn.o
OUTPUT(OLED_Config.elf elf32-littlearm)
LOAD linker stubs
LOAD c:/st/stm32cubeide_1.7.0/stm32cubeide/plugins/com.st.stm32cube.ide.mcu.externaltools.gnu-tools-for-stm32.9-2020-q2-update.win32_2.0.0.202105311346/tools/bin/../lib/gcc/arm-none-eabi/9.3.1/../../../../arm-none-eabi/lib/thumb/v7e-m+fp/hard\libc.a
LOAD c:/st/stm32cubeide_1.7.0/stm32cubeide/plugins/com.st.stm32cube.ide.mcu.externaltools.gnu-tools-for-stm32.9-2020-q2-update.win32_2.0.0.202105311346/tools/bin/../lib/gcc/arm-none-eabi/9.3.1/../../../../arm-none-eabi/lib/thumb/v7e-m+fp/hard\libm.a
LOAD c:/st/stm32cubeide_1.7.0/stm32cubeide/plugins/com.st.stm32cube.ide.mcu.externaltools.gnu-tools-for-stm32.9-2020-q2-update.win32_2.0.0.202105311346/tools/bin/../lib/gcc/arm-none-eabi/9.3.1/thumb/v7e-m+fp/hard\libgcc.a

.debug_info     0x0000000000000000     0xd49a
 .debug_info    0x0000000000000000      0xaef ./Core/Src/adc.o
 .debug_info    0x0000000000000aef      0xbd3 ./Core/Src/fonts.o
 .debug_info    0x00000000000016c2      0xe79 ./Core/Src/ir_sensor.o
 .debug_info    0x000000000000253b     0x1628 ./Core/Src/main.o
 .debug_info    0x0000000000003b63      0xd64 ./Core/Src/oled_ops.o
 .debug_info    0x00000000000048c7      0x739 ./Core/Src/rtc.o
 .debug_info    0x0000000000005000     0x1a71 ./Core/Src/ssd1306.o
 .debug_info    0x0000000000006a71      0xaa5 ./Core/Src/stm32f4xx_hal_msp.o
 .debug_info    0x0000000000007516      0x222 ./Core/Src/stm32f4xx_it.o
 .debug_info    0x0000000000007738      0x5d0 ./Core/Src/system_stm32f4xx.o
 .debug_info    0x0000000000007d08      0x772 ./Core/Src/systick.o
 .debug_info    0x000000000000847a       0x22 ./Core/Startup/startup_stm32f411vetx.o
 .debug_info    0x000000000000849c      0x944 ./Drivers/STM32F4xx_HAL_Driver/Src/stm32f4xx_hal.o
 .debug_info    0x0000000000008de0      0xe47 ./Drivers/STM32F4xx_HAL_Driver/Src/stm32f4xx_hal_cortex.o
 .debug_info    0x0000000000009c27      0x862 ./Drivers/STM32F4xx_HAL_Driver/Src/stm32f4xx_hal_gpio.o
 .debug_info    0x000000000000a489     0x2653 ./Drivers/STM32F4xx_HAL_Driver/Src/stm32f4xx_hal_i2c.o
 .debug_info    0x000000000000cadc      0x9be ./Drivers/STM32F4xx_HAL_Driver/Src/stm32f4xx_hal_rcc.o

.debug_abbrev   0x0000000000000000     0x2146
 .debug_abbrev  0x0000000000000000      0x221 ./Core/Src/adc.o
 .debug_abbrev  0x0000000000000221      0x208 ./Core/Src/fonts.o
 .debug_abbrev  0x0000000000000429      0x210 ./Core/Src/ir_sensor.o
 .debug_abbrev  0x0000000000000639      0x28c ./Core/Src/main.o
 .debug_abbrev  0x00000000000008c5      0x1c8 ./Core/Src/oled_ops.o
 .debug_abbrev  0x0000000000000a8d      0x168 ./Core/Src/rtc.o
 .debug_abbrev  0x0000000000000bf5      0x33e ./Core/Src/ssd1306.o
 .debug_abbrev  0x0000000000000f33      0x1ac ./Core/Src/stm32f4xx_hal_msp.o
 .debug_abbrev  0x00000000000010df       0xd2 ./Core/Src/stm32f4xx_it.o
 .debug_abbrev  0x00000000000011b1      0x145 ./Core/Src/system_stm32f4xx.o
 .debug_abbrev  0x00000000000012f6      0x1eb ./Core/Src/systick.o
 .debug_abbrev  0x00000000000014e1       0x12 ./Core/Startup/startup_stm32f411vetx.o
 .debug_abbrev  0x00000000000014f3      0x21e ./Drivers/STM32F4xx_HAL_Driver/Src/stm32f4xx_hal.o
 .debug_abbrev  0x0000000000001711      0x33c ./Drivers/STM32F4xx_HAL_Driver/Src/stm32f4xx_hal_cortex.o
 .debug_abbrev  0x0000000000001a4d      0x1f1 ./Drivers/STM32F4xx_HAL_Driver/Src/stm32f4xx_hal_gpio.o
 .debug_abbrev  0x0000000000001c3e      0x293 ./Drivers/STM32F4xx_HAL_Driver/Src/stm32f4xx_hal_i2c.o
 .debug_abbrev  0x0000000000001ed1      0x275 ./Drivers/STM32F4xx_HAL_Driver/Src/stm32f4xx_hal_rcc.o

.debug_aranges  0x0000000000000000      0x918
 .debug_aranges
                0x0000000000000000       0x48 ./Core/Src/adc.o
 .debug_aranges
                0x0000000000000048       0x20 ./Core/Src/fonts.o
 .debug_aranges
                0x0000000000000068       0x40 ./Core/Src/ir_sensor.o
 .debug_aranges
                0x00000000000000a8       0x40 ./Core/Src/main.o
 .debug_aranges
                0x00000000000000e8       0x20 ./Core/Src/oled_ops.o
 .debug_aranges
                0x0000000000000108       0x58 ./Core/Src/rtc.o
 .debug_aranges
                0x0000000000000160       0xf8 ./Core/Src/ssd1306.o
 .debug_aranges
                0x0000000000000258       0x30 ./Core/Src/stm32f4xx_hal_msp.o
 .debug_aranges
                0x0000000000000288       0x60 ./Core/Src/stm32f4xx_it.o
 .debug_aranges
                0x00000000000002e8       0x28 ./Core/Src/system_stm32f4xx.o
 .debug_aranges
                0x0000000000000310       0x58 ./Core/Src/systick.o
 .debug_aranges
                0x0000000000000368       0x28 ./Core/Startup/startup_stm32f411vetx.o
 .debug_aranges
                0x0000000000000390       0xf0 ./Drivers/STM32F4xx_HAL_Driver/Src/stm32f4xx_hal.o
 .debug_aranges
                0x0000000000000480      0x118 ./Drivers/STM32F4xx_HAL_Driver/Src/stm32f4xx_hal_cortex.o
 .debug_aranges
                0x0000000000000598       0x58 ./Drivers/STM32F4xx_HAL_Driver/Src/stm32f4xx_hal_gpio.o
 .debug_aranges
                0x00000000000005f0      0x2a0 ./Drivers/STM32F4xx_HAL_Driver/Src/stm32f4xx_hal_i2c.o
 .debug_aranges
                0x0000000000000890       0x88 ./Drivers/STM32F4xx_HAL_Driver/Src/stm32f4xx_hal_rcc.o

.debug_ranges   0x0000000000000000      0x838
 .debug_ranges  0x0000000000000000       0x38 ./Core/Src/adc.o
 .debug_ranges  0x0000000000000038       0x10 ./Core/Src/fonts.o
 .debug_ranges  0x0000000000000048       0x30 ./Core/Src/ir_sensor.o
 .debug_ranges  0x0000000000000078       0x30 ./Core/Src/main.o
 .debug_ranges  0x00000000000000a8       0x10 ./Core/Src/oled_ops.o
 .debug_ranges  0x00000000000000b8       0x48 ./Core/Src/rtc.o
 .debug_ranges  0x0000000000000100       0xe8 ./Core/Src/ssd1306.o
 .debug_ranges  0x00000000000001e8       0x20 ./Core/Src/stm32f4xx_hal_msp.o
 .debug_ranges  0x0000000000000208       0x50 ./Core/Src/stm32f4xx_it.o
 .debug_ranges  0x0000000000000258       0x18 ./Core/Src/system_stm32f4xx.o
 .debug_ranges  0x0000000000000270       0x48 ./Core/Src/systick.o
 .debug_ranges  0x00000000000002b8       0x20 ./Core/Startup/startup_stm32f411vetx.o
 .debug_ranges  0x00000000000002d8       0xe0 ./Drivers/STM32F4xx_HAL_Driver/Src/stm32f4xx_hal.o
 .debug_ranges  0x00000000000003b8      0x108 ./Drivers/STM32F4xx_HAL_Driver/Src/stm32f4xx_hal_cortex.o
 .debug_ranges  0x00000000000004c0       0x48 ./Drivers/STM32F4xx_HAL_Driver/Src/stm32f4xx_hal_gpio.o
 .debug_ranges  0x0000000000000508      0x2b8 ./Drivers/STM32F4xx_HAL_Driver/Src/stm32f4xx_hal_i2c.o
 .debug_ranges  0x00000000000007c0       0x78 ./Drivers/STM32F4xx_HAL_Driver/Src/stm32f4xx_hal_rcc.o

.debug_macro    0x0000000000000000    0x1677c
 .debug_macro   0x0000000000000000      0x218 ./Core/Src/adc.o
 .debug_macro   0x0000000000000218      0xaa8 ./Core/Src/adc.o
 .debug_macro   0x0000000000000cc0      0x295 ./Core/Src/adc.o
 .debug_macro   0x0000000000000f55       0x2e ./Core/Src/adc.o
 .debug_macro   0x0000000000000f83       0x28 ./Core/Src/adc.o
 .debug_macro   0x0000000000000fab       0x22 ./Core/Src/adc.o
 .debug_macro   0x0000000000000fcd       0x8e ./Core/Src/adc.o
 .debug_macro   0x000000000000105b       0x51 ./Core/Src/adc.o
 .debug_macro   0x00000000000010ac      0x103 ./Core/Src/adc.o
 .debug_macro   0x00000000000011af       0x6a ./Core/Src/adc.o
 .debug_macro   0x0000000000001219      0x1df ./Core/Src/adc.o
 .debug_macro   0x00000000000013f8       0x1c ./Core/Src/adc.o
 .debug_macro   0x0000000000001414       0x22 ./Core/Src/adc.o
 .debug_macro   0x0000000000001436       0xdf ./Core/Src/adc.o
 .debug_macro   0x0000000000001515     0x102d ./Core/Src/adc.o
 .debug_macro   0x0000000000002542      0x11f ./Core/Src/adc.o
 .debug_macro   0x0000000000002661     0xb953 ./Core/Src/adc.o
 .debug_macro   0x000000000000dfb4       0x6d ./Core/Src/adc.o
 .debug_macro   0x000000000000e021     0x3666 ./Core/Src/adc.o
 .debug_macro   0x0000000000011687      0x174 ./Core/Src/adc.o
 .debug_macro   0x00000000000117fb       0x5c ./Core/Src/adc.o
 .debug_macro   0x0000000000011857      0x447 ./Core/Src/adc.o
 .debug_macro   0x0000000000011c9e      0x9fe ./Core/Src/adc.o
 .debug_macro   0x000000000001269c      0x116 ./Core/Src/adc.o
 .debug_macro   0x00000000000127b2      0x11b ./Core/Src/adc.o
 .debug_macro   0x00000000000128cd       0xa5 ./Core/Src/adc.o
 .debug_macro   0x0000000000012972      0x15f ./Core/Src/adc.o
 .debug_macro   0x0000000000012ad1      0x287 ./Core/Src/adc.o
 .debug_macro   0x0000000000012d58       0x5f ./Core/Src/adc.o
 .debug_macro   0x0000000000012db7      0x236 ./Core/Src/adc.o
 .debug_macro   0x0000000000012fed      0x132 ./Core/Src/adc.o
 .debug_macro   0x000000000001311f      0x264 ./Core/Src/adc.o
 .debug_macro   0x0000000000013383       0x2e ./Core/Src/adc.o
 .debug_macro   0x00000000000133b1      0x1b5 ./Core/Src/adc.o
 .debug_macro   0x0000000000013566       0x22 ./Core/Src/adc.o
 .debug_macro   0x0000000000013588       0xd6 ./Core/Src/adc.o
 .debug_macro   0x000000000001365e      0x11a ./Core/Src/adc.o
 .debug_macro   0x0000000000013778       0x85 ./Core/Src/adc.o
 .debug_macro   0x00000000000137fd       0x89 ./Core/Src/adc.o
 .debug_macro   0x0000000000013886      0x126 ./Core/Src/adc.o
 .debug_macro   0x00000000000139ac      0x16c ./Core/Src/adc.o
 .debug_macro   0x0000000000013b18      0x2a1 ./Core/Src/fonts.o
 .debug_macro   0x0000000000013db9       0x52 ./Core/Src/fonts.o
 .debug_macro   0x0000000000013e0b       0x18 ./Core/Src/fonts.o
 .debug_macro   0x0000000000013e23       0x3c ./Core/Src/fonts.o
 .debug_macro   0x0000000000013e5f       0x34 ./Core/Src/fonts.o
 .debug_macro   0x0000000000013e93       0x16 ./Core/Src/fonts.o
 .debug_macro   0x0000000000013ea9       0x43 ./Core/Src/fonts.o
 .debug_macro   0x0000000000013eec       0x34 ./Core/Src/fonts.o
 .debug_macro   0x0000000000013f20       0x10 ./Core/Src/fonts.o
 .debug_macro   0x0000000000013f30       0x58 ./Core/Src/fonts.o
 .debug_macro   0x0000000000013f88       0x71 ./Core/Src/fonts.o
 .debug_macro   0x0000000000013ff9       0x1c ./Core/Src/fonts.o
 .debug_macro   0x0000000000014015      0x12a ./Core/Src/fonts.o
 .debug_macro   0x000000000001413f      0x333 ./Core/Src/fonts.o
 .debug_macro   0x0000000000014472       0x10 ./Core/Src/fonts.o
 .debug_macro   0x0000000000014482       0x35 ./Core/Src/fonts.o
 .debug_macro   0x00000000000144b7       0x20 ./Core/Src/fonts.o
 .debug_macro   0x00000000000144d7      0x34e ./Core/Src/ir_sensor.o
 .debug_macro   0x0000000000014825       0x16 ./Core/Src/ir_sensor.o
 .debug_macro   0x000000000001483b       0x16 ./Core/Src/ir_sensor.o
 .debug_macro   0x0000000000014851       0x29 ./Core/Src/ir_sensor.o
 .debug_macro   0x000000000001487a       0x1d ./Core/Src/ir_sensor.o
 .debug_macro   0x0000000000014897       0x22 ./Core/Src/ir_sensor.o
 .debug_macro   0x00000000000148b9      0x34c ./Core/Src/main.o
 .debug_macro   0x0000000000014c05      0x353 ./Core/Src/oled_ops.o
 .debug_macro   0x0000000000014f58      0x172 ./Core/Src/oled_ops.o
 .debug_macro   0x00000000000150ca      0x266 ./Core/Src/rtc.o
 .debug_macro   0x0000000000015330      0x32c ./Core/Src/ssd1306.o
 .debug_macro   0x000000000001565c      0x1d8 ./Core/Src/stm32f4xx_hal_msp.o
 .debug_macro   0x0000000000015834      0x1e2 ./Core/Src/stm32f4xx_it.o
 .debug_macro   0x0000000000015a16      0x1c9 ./Core/Src/system_stm32f4xx.o
 .debug_macro   0x0000000000015bdf      0x1df ./Core/Src/systick.o
 .debug_macro   0x0000000000015dbe      0x229 ./Drivers/STM32F4xx_HAL_Driver/Src/stm32f4xx_hal.o
 .debug_macro   0x0000000000015fe7      0x1c9 ./Drivers/STM32F4xx_HAL_Driver/Src/stm32f4xx_hal_cortex.o
 .debug_macro   0x00000000000161b0      0x1cf ./Drivers/STM32F4xx_HAL_Driver/Src/stm32f4xx_hal_gpio.o
 .debug_macro   0x000000000001637f      0x210 ./Drivers/STM32F4xx_HAL_Driver/Src/stm32f4xx_hal_i2c.o
 .debug_macro   0x000000000001658f      0x1ed ./Drivers/STM32F4xx_HAL_Driver/Src/stm32f4xx_hal_rcc.o

.debug_line     0x0000000000000000     0xcc13
 .debug_line    0x0000000000000000      0xa2a ./Core/Src/adc.o
 .debug_line    0x0000000000000a2a      0x815 ./Core/Src/fonts.o
 .debug_line    0x000000000000123f      0x99b ./Core/Src/ir_sensor.o
 .debug_line    0x0000000000001bda      0xa4e ./Core/Src/main.o
 .debug_line    0x0000000000002628      0x8fd ./Core/Src/oled_ops.o
 .debug_line    0x0000000000002f25      0x833 ./Core/Src/rtc.o
 .debug_line    0x0000000000003758      0xfe8 ./Core/Src/ssd1306.o
 .debug_line    0x0000000000004740      0x6fe ./Core/Src/stm32f4xx_hal_msp.o
 .debug_line    0x0000000000004e3e      0x771 ./Core/Src/stm32f4xx_it.o
 .debug_line    0x00000000000055af      0x730 ./Core/Src/system_stm32f4xx.o
 .debug_line    0x0000000000005cdf      0x7ad ./Core/Src/systick.o
 .debug_line    0x000000000000648c       0x88 ./Core/Startup/startup_stm32f411vetx.o
 .debug_line    0x0000000000006514      0x996 ./Drivers/STM32F4xx_HAL_Driver/Src/stm32f4xx_hal.o
 .debug_line    0x0000000000006eaa      0xc45 ./Drivers/STM32F4xx_HAL_Driver/Src/stm32f4xx_hal_cortex.o
 .debug_line    0x0000000000007aef      0xad0 ./Drivers/STM32F4xx_HAL_Driver/Src/stm32f4xx_hal_gpio.o
 .debug_line    0x00000000000085bf     0x3942 ./Drivers/STM32F4xx_HAL_Driver/Src/stm32f4xx_hal_i2c.o
 .debug_line    0x000000000000bf01      0xd12 ./Drivers/STM32F4xx_HAL_Driver/Src/stm32f4xx_hal_rcc.o

.debug_str      0x0000000000000000    0x85f69
 .debug_str     0x0000000000000000    0x7ffdd ./Core/Src/adc.o
                                      0x802b8 (size before relaxing)
 .debug_str     0x000000000007ffdd     0x3247 ./Core/Src/fonts.o
                                      0x828c3 (size before relaxing)
 .debug_str     0x0000000000083224      0x313 ./Core/Src/ir_sensor.o
                                      0x8327e (size before relaxing)
 .debug_str     0x0000000000083537      0x6b8 ./Core/Src/main.o
                                      0x8381c (size before relaxing)
 .debug_str     0x0000000000083bef      0x1b6 ./Core/Src/oled_ops.o
                                      0x831bc (size before relaxing)
 .debug_str     0x0000000000083da5      0x2e8 ./Core/Src/rtc.o
                                      0x7ffc5 (size before relaxing)
 .debug_str     0x000000000008408d      0x528 ./Core/Src/ssd1306.o
                                      0x833e0 (size before relaxing)
 .debug_str     0x00000000000845b5       0x53 ./Core/Src/stm32f4xx_hal_msp.o
                                      0x8026c (size before relaxing)
 .debug_str     0x0000000000084608       0xbd ./Core/Src/stm32f4xx_it.o
                                      0x7fc75 (size before relaxing)
 .debug_str     0x00000000000846c5       0x5b ./Core/Src/system_stm32f4xx.o
                                      0x7f7a3 (size before relaxing)
 .debug_str     0x0000000000084720       0xde ./Core/Src/systick.o
                                      0x7fb80 (size before relaxing)
 .debug_str     0x00000000000847fe       0x36 ./Core/Startup/startup_stm32f411vetx.o
                                         0x74 (size before relaxing)
 .debug_str     0x0000000000084834      0x575 ./Drivers/STM32F4xx_HAL_Driver/Src/stm32f4xx_hal.o
                                      0x8012d (size before relaxing)
 .debug_str     0x0000000000084da9      0x355 ./Drivers/STM32F4xx_HAL_Driver/Src/stm32f4xx_hal_cortex.o
                                      0x7ff0a (size before relaxing)
 .debug_str     0x00000000000850fe      0x15a ./Drivers/STM32F4xx_HAL_Driver/Src/stm32f4xx_hal_gpio.o
                                      0x7f94a (size before relaxing)
 .debug_str     0x0000000000085258      0xac3 ./Drivers/STM32F4xx_HAL_Driver/Src/stm32f4xx_hal_i2c.o
                                      0x80718 (size before relaxing)
 .debug_str     0x0000000000085d1b      0x24e ./Drivers/STM32F4xx_HAL_Driver/Src/stm32f4xx_hal_rcc.o
                                      0x7fba5 (size before relaxing)

.comment        0x0000000000000000       0x53
 .comment       0x0000000000000000       0x53 ./Core/Src/adc.o
                                         0x54 (size before relaxing)
 .comment       0x0000000000000053       0x54 ./Core/Src/fonts.o
 .comment       0x0000000000000053       0x54 ./Core/Src/ir_sensor.o
 .comment       0x0000000000000053       0x54 ./Core/Src/main.o
 .comment       0x0000000000000053       0x54 ./Core/Src/oled_ops.o
 .comment       0x0000000000000053       0x54 ./Core/Src/rtc.o
 .comment       0x0000000000000053       0x54 ./Core/Src/ssd1306.o
 .comment       0x0000000000000053       0x54 ./Core/Src/stm32f4xx_hal_msp.o
 .comment       0x0000000000000053       0x54 ./Core/Src/stm32f4xx_it.o
 .comment       0x0000000000000053       0x54 ./Core/Src/system_stm32f4xx.o
 .comment       0x0000000000000053       0x54 ./Core/Src/systick.o
 .comment       0x0000000000000053       0x54 ./Drivers/STM32F4xx_HAL_Driver/Src/stm32f4xx_hal.o
 .comment       0x0000000000000053       0x54 ./Drivers/STM32F4xx_HAL_Driver/Src/stm32f4xx_hal_cortex.o
 .comment       0x0000000000000053       0x54 ./Drivers/STM32F4xx_HAL_Driver/Src/stm32f4xx_hal_gpio.o
 .comment       0x0000000000000053       0x54 ./Drivers/STM32F4xx_HAL_Driver/Src/stm32f4xx_hal_i2c.o
 .comment       0x0000000000000053       0x54 ./Drivers/STM32F4xx_HAL_Driver/Src/stm32f4xx_hal_rcc.o

.debug_frame    0x0000000000000000     0x2318
 .debug_frame   0x0000000000000000       0xe4 ./Core/Src/adc.o
 .debug_frame   0x00000000000000e4       0x38 ./Core/Src/fonts.o
 .debug_frame   0x000000000000011c       0xb4 ./Core/Src/ir_sensor.o
 .debug_frame   0x00000000000001d0       0xac ./Core/Src/main.o
 .debug_frame   0x000000000000027c       0x2c ./Core/Src/oled_ops.o
 .debug_frame   0x00000000000002a8      0x118 ./Core/Src/rtc.o
 .debug_frame   0x00000000000003c0      0x414 ./Core/Src/ssd1306.o
 .debug_frame   0x00000000000007d4       0x7c ./Core/Src/stm32f4xx_hal_msp.o
 .debug_frame   0x0000000000000850      0x104 ./Core/Src/stm32f4xx_it.o
 .debug_frame   0x0000000000000954       0x58 ./Core/Src/system_stm32f4xx.o
 .debug_frame   0x00000000000009ac      0x11c ./Core/Src/systick.o
 .debug_frame   0x0000000000000ac8      0x374 ./Drivers/STM32F4xx_HAL_Driver/Src/stm32f4xx_hal.o
 .debug_frame   0x0000000000000e3c      0x498 ./Drivers/STM32F4xx_HAL_Driver/Src/stm32f4xx_hal_cortex.o
 .debug_frame   0x00000000000012d4      0x14c ./Drivers/STM32F4xx_HAL_Driver/Src/stm32f4xx_hal_gpio.o
 .debug_frame   0x0000000000001420      0xc5c ./Drivers/STM32F4xx_HAL_Driver/Src/stm32f4xx_hal_i2c.o
 .debug_frame   0x000000000000207c      0x1f0 ./Drivers/STM32F4xx_HAL_Driver/Src/stm32f4xx_hal_rcc.o
 .debug_frame   0x000000000000226c       0x2c c:/st/stm32cubeide_1.7.0/stm32cubeide/plugins/com.st.stm32cube.ide.mcu.externaltools.gnu-tools-for-stm32.9-2020-q2-update.win32_2.0.0.202105311346/tools/bin/../lib/gcc/arm-none-eabi/9.3.1/../../../../arm-none-eabi/lib/thumb/v7e-m+fp/hard\libc_nano.a(lib_a-init.o)
 .debug_frame   0x0000000000002298       0x20 c:/st/stm32cubeide_1.7.0/stm32cubeide/plugins/com.st.stm32cube.ide.mcu.externaltools.gnu-tools-for-stm32.9-2020-q2-update.win32_2.0.0.202105311346/tools/bin/../lib/gcc/arm-none-eabi/9.3.1/../../../../arm-none-eabi/lib/thumb/v7e-m+fp/hard\libc_nano.a(lib_a-memset.o)
 .debug_frame   0x00000000000022b8       0x2c c:/st/stm32cubeide_1.7.0/stm32cubeide/plugins/com.st.stm32cube.ide.mcu.externaltools.gnu-tools-for-stm32.9-2020-q2-update.win32_2.0.0.202105311346/tools/bin/../lib/gcc/arm-none-eabi/9.3.1/thumb/v7e-m+fp/hard\libgcc.a(_aeabi_uldivmod.o)
 .debug_frame   0x00000000000022e4       0x34 c:/st/stm32cubeide_1.7.0/stm32cubeide/plugins/com.st.stm32cube.ide.mcu.externaltools.gnu-tools-for-stm32.9-2020-q2-update.win32_2.0.0.202105311346/tools/bin/../lib/gcc/arm-none-eabi/9.3.1/thumb/v7e-m+fp/hard\libgcc.a(_udivmoddi4.o)
