Archive member included to satisfy reference by file (symbol)

c:/st/stm32cubeide_1.7.0/stm32cubeide/plugins/com.st.stm32cube.ide.mcu.externaltools.gnu-tools-for-stm32.9-2020-q2-update.win32_2.0.0.202105311346/tools/bin/../lib/gcc/arm-none-eabi/9.3.1/../../../../arm-none-eabi/lib/thumb/v7e-m+fp/hard\libc_nano.a(lib_a-errno.o)
                              ./Core/Src/syscalls.o (__errno)
c:/st/stm32cubeide_1.7.0/stm32cubeide/plugins/com.st.stm32cube.ide.mcu.externaltools.gnu-tools-for-stm32.9-2020-q2-update.win32_2.0.0.202105311346/tools/bin/../lib/gcc/arm-none-eabi/9.3.1/../../../../arm-none-eabi/lib/thumb/v7e-m+fp/hard\libc_nano.a(lib_a-exit.o)
                              c:/st/stm32cubeide_1.7.0/stm32cubeide/plugins/com.st.stm32cube.ide.mcu.externaltools.gnu-tools-for-stm32.9-2020-q2-update.win32_2.0.0.202105311346/tools/bin/../lib/gcc/arm-none-eabi/9.3.1/../../../../arm-none-eabi/lib/thumb/v7e-m+fp/hard/crt0.o (exit)
c:/st/stm32cubeide_1.7.0/stm32cubeide/plugins/com.st.stm32cube.ide.mcu.externaltools.gnu-tools-for-stm32.9-2020-q2-update.win32_2.0.0.202105311346/tools/bin/../lib/gcc/arm-none-eabi/9.3.1/../../../../arm-none-eabi/lib/thumb/v7e-m+fp/hard\libc_nano.a(lib_a-impure.o)
                              c:/st/stm32cubeide_1.7.0/stm32cubeide/plugins/com.st.stm32cube.ide.mcu.externaltools.gnu-tools-for-stm32.9-2020-q2-update.win32_2.0.0.202105311346/tools/bin/../lib/gcc/arm-none-eabi/9.3.1/../../../../arm-none-eabi/lib/thumb/v7e-m+fp/hard\libc_nano.a(lib_a-exit.o) (_global_impure_ptr)
c:/st/stm32cubeide_1.7.0/stm32cubeide/plugins/com.st.stm32cube.ide.mcu.externaltools.gnu-tools-for-stm32.9-2020-q2-update.win32_2.0.0.202105311346/tools/bin/../lib/gcc/arm-none-eabi/9.3.1/../../../../arm-none-eabi/lib/thumb/v7e-m+fp/hard\libc_nano.a(lib_a-init.o)
                              c:/st/stm32cubeide_1.7.0/stm32cubeide/plugins/com.st.stm32cube.ide.mcu.externaltools.gnu-tools-for-stm32.9-2020-q2-update.win32_2.0.0.202105311346/tools/bin/../lib/gcc/arm-none-eabi/9.3.1/../../../../arm-none-eabi/lib/thumb/v7e-m+fp/hard/crt0.o (__libc_init_array)
c:/st/stm32cubeide_1.7.0/stm32cubeide/plugins/com.st.stm32cube.ide.mcu.externaltools.gnu-tools-for-stm32.9-2020-q2-update.win32_2.0.0.202105311346/tools/bin/../lib/gcc/arm-none-eabi/9.3.1/../../../../arm-none-eabi/lib/thumb/v7e-m+fp/hard\libc_nano.a(lib_a-memset.o)
                              c:/st/stm32cubeide_1.7.0/stm32cubeide/plugins/com.st.stm32cube.ide.mcu.externaltools.gnu-tools-for-stm32.9-2020-q2-update.win32_2.0.0.202105311346/tools/bin/../lib/gcc/arm-none-eabi/9.3.1/../../../../arm-none-eabi/lib/thumb/v7e-m+fp/hard/crt0.o (memset)
c:/st/stm32cubeide_1.7.0/stm32cubeide/plugins/com.st.stm32cube.ide.mcu.externaltools.gnu-tools-for-stm32.9-2020-q2-update.win32_2.0.0.202105311346/tools/bin/../lib/gcc/arm-none-eabi/9.3.1/../../../../arm-none-eabi/lib/thumb/v7e-m+fp/hard\libc_nano.a(lib_a-strlen.o)
                              ./Core/Src/fonts.o (strlen)
c:/st/stm32cubeide_1.7.0/stm32cubeide/plugins/com.st.stm32cube.ide.mcu.externaltools.gnu-tools-for-stm32.9-2020-q2-update.win32_2.0.0.202105311346/tools/bin/../lib/gcc/arm-none-eabi/9.3.1/thumb/v7e-m+fp/hard\libgcc.a(_aeabi_uldivmod.o)
                              ./Drivers/STM32F4xx_HAL_Driver/Src/stm32f4xx_hal_rcc.o (__aeabi_uldivmod)
c:/st/stm32cubeide_1.7.0/stm32cubeide/plugins/com.st.stm32cube.ide.mcu.externaltools.gnu-tools-for-stm32.9-2020-q2-update.win32_2.0.0.202105311346/tools/bin/../lib/gcc/arm-none-eabi/9.3.1/thumb/v7e-m+fp/hard\libgcc.a(_udivmoddi4.o)
                              c:/st/stm32cubeide_1.7.0/stm32cubeide/plugins/com.st.stm32cube.ide.mcu.externaltools.gnu-tools-for-stm32.9-2020-q2-update.win32_2.0.0.202105311346/tools/bin/../lib/gcc/arm-none-eabi/9.3.1/thumb/v7e-m+fp/hard\libgcc.a(_aeabi_uldivmod.o) (__udivmoddi4)
c:/st/stm32cubeide_1.7.0/stm32cubeide/plugins/com.st.stm32cube.ide.mcu.externaltools.gnu-tools-for-stm32.9-2020-q2-update.win32_2.0.0.202105311346/tools/bin/../lib/gcc/arm-none-eabi/9.3.1/thumb/v7e-m+fp/hard\libgcc.a(_dvmd_tls.o)
                              c:/st/stm32cubeide_1.7.0/stm32cubeide/plugins/com.st.stm32cube.ide.mcu.externaltools.gnu-tools-for-stm32.9-2020-q2-update.win32_2.0.0.202105311346/tools/bin/../lib/gcc/arm-none-eabi/9.3.1/thumb/v7e-m+fp/hard\libgcc.a(_aeabi_uldivmod.o) (__aeabi_ldiv0)

Allocating common symbols
Common symbol       size              file

hi2c1               0x54              ./Core/Src/main.o
uwTick              0x4               ./Drivers/STM32F4xx_HAL_Driver/Src/stm32f4xx_hal.o
pFlash              0x20              ./Drivers/STM32F4xx_HAL_Driver/Src/stm32f4xx_hal_flash.o

Discarded input sections

 .text          0x0000000000000000        0x0 c:/st/stm32cubeide_1.7.0/stm32cubeide/plugins/com.st.stm32cube.ide.mcu.externaltools.gnu-tools-for-stm32.9-2020-q2-update.win32_2.0.0.202105311346/tools/bin/../lib/gcc/arm-none-eabi/9.3.1/thumb/v7e-m+fp/hard/crti.o
[...]
Memory Configuration

Name             Origin             Length             Attributes
RAM              0x0000000020000000 0x0000000000020000 xrw
FLASH            0x0000000008000000 0x0000000000080000 xr
*default*        0x0000000000000000 0xffffffffffffffff

Linker script and memory map

LOAD c:/st/stm32cubeide_1.7.0/stm32cubeide/plugins/com.st.stm32cube.ide.mcu.externaltools.gnu-tools-for-stm32.9-2020-q2-update.win32_2.0.0.202105311346/tools/bin/../lib/gcc/arm-none-eabi/9.3.1/thumb/v7e-m+fp/hard/crti.o
LOAD c:/st/stm32cubeide_1.7.0/stm32cubeide/plugins/com.st.stm32cube.ide.mcu.externaltools.gnu-tools-for-stm32.9-2020-q2-update.win32_2.0.0.202105311346/tools/bin/../lib/gcc/arm-none-eabi/9.3.1/thumb/v7e-m+fp/hard/crtbegin.o
LOAD c:/st/stm32cubeide_1.7.0/stm32cubeide/plugins/com.st.stm32cube.ide.mcu.externaltools.gnu-tools-for-stm32.9-2020-q2-update.win32_2.0.0.202105311346/tools/bin/../lib/gcc/arm-none-eabi/9.3.1/../../../../arm-none-eabi/lib/thumb/v7e-m+fp/hard/crt0.o
LOAD ./Core/Src/fonts.o
LOAD ./Core/Src/main.o
LOAD ./Core/Src/ssd1306.o
LOAD ./Core/Src/stm32f4xx_hal_msp.o
LOAD ./Core/Src/stm32f4xx_it.o
LOAD ./Core/Src/syscalls.o
LOAD ./Core/Src/sysmem.o
LOAD ./Core/Src/system_stm32f4xx.o
LOAD ./Core/Src/test.o
LOAD ./Core/Startup/startup_stm32f411vetx.o
LOAD ./Drivers/STM32F4xx_HAL_Driver/Src/stm32f4xx_hal.o
LOAD ./Drivers/STM32F4xx_HAL_Driver/Src/stm32f4xx_hal_cortex.o
LOAD ./Drivers/STM32F4xx_HAL_Driver/Src/stm32f4xx_hal_dma.o
LOAD ./Drivers/STM32F4xx_HAL_Driver/Src/stm32f4xx_hal_dma_ex.o
LOAD ./Drivers/STM32F4xx_HAL_Driver/Src/stm32f4xx_hal_exti.o
LOAD ./Drivers/STM32F4xx_HAL_Driver/Src/stm32f4xx_hal_flash.o
LOAD ./Drivers/STM32F4xx_HAL_Driver/Src/stm32f4xx_hal_flash_ex.o
LOAD ./Drivers/STM32F4xx_HAL_Driver/Src/stm32f4xx_hal_flash_ramfunc.o
LOAD ./Drivers/STM32F4xx_HAL_Driver/Src/stm32f4xx_hal_gpio.o
LOAD ./Drivers/STM32F4xx_HAL_Driver/Src/stm32f4xx_hal_i2c.o
LOAD ./Drivers/STM32F4xx_HAL_Driver/Src/stm32f4xx_hal_i2c_ex.o
LOAD ./Drivers/STM32F4xx_HAL_Driver/Src/stm32f4xx_hal_pwr.o
LOAD ./Drivers/STM32F4xx_HAL_Driver/Src/stm32f4xx_hal_pwr_ex.o
LOAD ./Drivers/STM32F4xx_HAL_Driver/Src/stm32f4xx_hal_rcc.o
LOAD ./Drivers/STM32F4xx_HAL_Driver/Src/stm32f4xx_hal_rcc_ex.o
LOAD ./Drivers/STM32F4xx_HAL_Driver/Src/stm32f4xx_hal_tim.o
LOAD ./Drivers/STM32F4xx_HAL_Driver/Src/stm32f4xx_hal_tim_ex.o
START GROUP
LOAD c:/st/stm32cubeide_1.7.0/stm32cubeide/plugins/com.st.stm32cube.ide.mcu.externaltools.gnu-tools-for-stm32.9-2020-q2-update.win32_2.0.0.202105311346/tools/bin/../lib/gcc/arm-none-eabi/9.3.1/../../../../arm-none-eabi/lib/thumb/v7e-m+fp/hard\libc_nano.a
LOAD c:/st/stm32cubeide_1.7.0/stm32cubeide/plugins/com.st.stm32cube.ide.mcu.externaltools.gnu-tools-for-stm32.9-2020-q2-update.win32_2.0.0.202105311346/tools/bin/../lib/gcc/arm-none-eabi/9.3.1/../../../../arm-none-eabi/lib/thumb/v7e-m+fp/hard\libm.a
END GROUP
START GROUP
LOAD c:/st/stm32cubeide_1.7.0/stm32cubeide/plugins/com.st.stm32cube.ide.mcu.externaltools.gnu-tools-for-stm32.9-2020-q2-update.win32_2.0.0.202105311346/tools/bin/../lib/gcc/arm-none-eabi/9.3.1/thumb/v7e-m+fp/hard\libgcc.a
LOAD c:/st/stm32cubeide_1.7.0/stm32cubeide/plugins/com.st.stm32cube.ide.mcu.externaltools.gnu-tools-for-stm32.9-2020-q2-update.win32_2.0.0.202105311346/tools/bin/../lib/gcc/arm-none-eabi/9.3.1/../../../../arm-none-eabi/lib/thumb/v7e-m+fp/hard\libc_nano.a
END GROUP
START GROUP
LOAD c:/st/stm32cubeide_1.7.0/stm32cubeide/plugins/com.st.stm32cube.ide.mcu.externaltools.gnu-tools-for-stm32.9-2020-q2-update.win32_2.0.0.202105311346/tools/bin/../lib/gcc/arm-none-eabi/9.3.1/thumb/v7e-m+fp/hard\libgcc.a
LOAD c:/st/stm32cubeide_1.7.0/stm32cubeide/plugins/com.st.stm32cube.ide.mcu.externaltools.gnu-tools-for-stm32.9-2020-q2-update.win32_2.0.0.202105311346/tools/bin/../lib/gcc/arm-none-eabi/9.3.1/../../../../arm-none-eabi/lib/thumb/v7e-m+fp/hard\libc_nano.a
LOAD c:/st/stm32cubeide_1.7.0/stm32cubeide/plugins/com.st.stm32cube.ide.mcu.externaltools.gnu-tools-for-stm32.9-2020-q2-update.win32_2.0.0.202105311346/tools/bin/../lib/gcc/arm-none-eabi/9.3.1/../../../../arm-none-eabi/lib/thumb/v7e-m+fp/hard\libnosys.a
END GROUP
START GROUP
LOAD c:/st/stm32cubeide_1.7.0/stm32cubeide/plugins/com.st.stm32cube.ide.mcu.externaltools.gnu-tools-for-stm32.9-2020-q2-update.win32_2.0.0.202105311346/tools/bin/../lib/gcc/arm-none-eabi/9.3.1/thumb/v7e-m+fp/hard\libgcc.a
LOAD c:/st/stm32cubeide_1.7.0/stm32cubeide/plugins/com.st.stm32cube.ide.mcu.externaltools.gnu-tools-for-stm32.9-2020-q2-update.win32_2.0.0.202105311346/tools/bin/../lib/gcc/arm-none-eabi/9.3.1/../../../../arm-none-eabi/lib/thumb/v7e-m+fp/hard\libc_nano.a
LOAD c:/st/stm32cubeide_1.7.0/stm32cubeide/plugins/com.st.stm32cube.ide.mcu.externaltools.gnu-tools-for-stm32.9-2020-q2-update.win32_2.0.0.202105311346/tools/bin/../lib/gcc/arm-none-eabi/9.3.1/../../../../arm-none-eabi/lib/thumb/v7e-m+fp/hard\libnosys.a
END GROUP
LOAD c:/st/stm32cubeide_1.7.0/stm32cubeide/plugins/com.st.stm32cube.ide.mcu.externaltools.gnu-tools-for-stm32.9-2020-q2-update.win32_2.0.0.202105311346/tools/bin/../lib/gcc/arm-none-eabi/9.3.1/thumb/v7e-m+fp/hard/crtend.o
LOAD c:/st/stm32cubeide_1.7.0/stm32cubeide/plugins/com.st.stm32cube.ide.mcu.externaltools.gnu-tools-for-stm32.9-2020-q2-update.win32_2.0.0.202105311346/tools/bin/../lib/gcc/arm-none-eabi/9.3.1/thumb/v7e-m+fp/hard/crtn.o
                0x0000000020020000                _estack = (ORIGIN (RAM) + LENGTH (RAM))
                0x0000000000000200                _Min_Heap_Size = 0x200
                0x0000000000000400                _Min_Stack_Size = 0x400

.isr_vector     0x0000000008000000      0x198
                0x0000000008000000                . = ALIGN (0x4)
 *(.isr_vector)
 .isr_vector    0x0000000008000000      0x198 ./Core/Startup/startup_stm32f411vetx.o
                0x0000000008000000                g_pfnVectors
                0x0000000008000198                . = ALIGN (0x4)

.text           0x0000000008000198     0x2b7c
                0x0000000008000198                . = ALIGN (0x4)
 *(.text)
 .text          0x0000000008000198       0x40 c:/st/stm32cubeide_1.7.0/stm32cubeide/plugins/com.st.stm32cube.ide.mcu.externaltools.gnu-tools-for-stm32.9-2020-q2-update.win32_2.0.0.202105311346/tools/bin/../lib/gcc/arm-none-eabi/9.3.1/thumb/v7e-m+fp/hard/crtbegin.o
 .text          0x00000000080001d8       0x30 c:/st/stm32cubeide_1.7.0/stm32cubeide/plugins/com.st.stm32cube.ide.mcu.externaltools.gnu-tools-for-stm32.9-2020-q2-update.win32_2.0.0.202105311346/tools/bin/../lib/gcc/arm-none-eabi/9.3.1/thumb/v7e-m+fp/hard\libgcc.a(_aeabi_uldivmod.o)
                0x00000000080001d8                __aeabi_uldivmod
 .text          0x0000000008000208      0x2c4 c:/st/stm32cubeide_1.7.0/stm32cubeide/plugins/com.st.stm32cube.ide.mcu.externaltools.gnu-tools-for-stm32.9-2020-q2-update.win32_2.0.0.202105311346/tools/bin/../lib/gcc/arm-none-eabi/9.3.1/thumb/v7e-m+fp/hard\libgcc.a(_udivmoddi4.o)
                0x0000000008000208                __udivmoddi4
 .text          0x00000000080004cc        0x4 c:/st/stm32cubeide_1.7.0/stm32cubeide/plugins/com.st.stm32cube.ide.mcu.externaltools.gnu-tools-for-stm32.9-2020-q2-update.win32_2.0.0.202105311346/tools/bin/../lib/gcc/arm-none-eabi/9.3.1/thumb/v7e-m+fp/hard\libgcc.a(_dvmd_tls.o)
                0x00000000080004cc                __aeabi_idiv0
                0x00000000080004cc                __aeabi_ldiv0
 *(.text*)
 .text.main     0x00000000080004d0      0x108 ./Core/Src/main.o
                0x00000000080004d0                main
 .text.SystemClock_Config
                0x00000000080005d8       0xd0 ./Core/Src/main.o
                0x00000000080005d8                SystemClock_Config
 .text.MX_I2C1_Init
                0x00000000080006a8       0x5c ./Core/Src/main.o
 .text.MX_GPIO_Init
                0x0000000008000704      0x298 ./Core/Src/main.o
 .text.Error_Handler
                0x000000000800099c        0xa ./Core/Src/main.o
                0x000000000800099c                Error_Handler
 .text.SSD1306_ScrollRight
                0x00000000080009a6       0x6c ./Core/Src/ssd1306.o
                0x00000000080009a6                SSD1306_ScrollRight
 .text.SSD1306_ScrollLeft
                0x0000000008000a12       0x6c ./Core/Src/ssd1306.o
                0x0000000008000a12                SSD1306_ScrollLeft
 .text.SSD1306_Scrolldiagright
                0x0000000008000a7e       0x80 ./Core/Src/ssd1306.o
                0x0000000008000a7e                SSD1306_Scrolldiagright
 .text.SSD1306_Scrolldiagleft
                0x0000000008000afe       0x80 ./Core/Src/ssd1306.o
                0x0000000008000afe                SSD1306_Scrolldiagleft
 .text.SSD1306_Stopscroll
                0x0000000008000b7e       0x12 ./Core/Src/ssd1306.o
                0x0000000008000b7e                SSD1306_Stopscroll
 .text.SSD1306_InvertDisplay
                0x0000000008000b90       0x2c ./Core/Src/ssd1306.o
                0x0000000008000b90                SSD1306_InvertDisplay
 .text.SSD1306_Init
                0x0000000008000bbc      0x188 ./Core/Src/ssd1306.o
                0x0000000008000bbc                SSD1306_Init
 .text.SSD1306_UpdateScreen
                0x0000000008000d44       0x5c ./Core/Src/ssd1306.o
                0x0000000008000d44                SSD1306_UpdateScreen
 .text.SSD1306_Fill
                0x0000000008000da0       0x30 ./Core/Src/ssd1306.o
                0x0000000008000da0                SSD1306_Fill
 .text.SSD1306_DrawPixel
                0x0000000008000dd0       0xc0 ./Core/Src/ssd1306.o
                0x0000000008000dd0                SSD1306_DrawPixel
 .text.SSD1306_GotoXY
                0x0000000008000e90       0x2c ./Core/Src/ssd1306.o
                0x0000000008000e90                SSD1306_GotoXY
 .text.SSD1306_Putc
                0x0000000008000ebc      0x100 ./Core/Src/ssd1306.o
                0x0000000008000ebc                SSD1306_Putc
 .text.SSD1306_Puts
                0x0000000008000fbc       0x4a ./Core/Src/ssd1306.o
                0x0000000008000fbc                SSD1306_Puts
 .text.SSD1306_Clear
                0x0000000008001006       0x12 ./Core/Src/ssd1306.o
                0x0000000008001006                SSD1306_Clear
 .text.ssd1306_I2C_Init
                0x0000000008001018       0x2c ./Core/Src/ssd1306.o
                0x0000000008001018                ssd1306_I2C_Init
 .text.ssd1306_I2C_WriteMulti
                0x0000000008001044       0x90 ./Core/Src/ssd1306.o
                0x0000000008001044                ssd1306_I2C_WriteMulti
 .text.ssd1306_I2C_Write
                0x00000000080010d4       0x3c ./Core/Src/ssd1306.o
                0x00000000080010d4                ssd1306_I2C_Write
 .text.HAL_MspInit
                0x0000000008001110       0x50 ./Core/Src/stm32f4xx_hal_msp.o
                0x0000000008001110                HAL_MspInit
 .text.HAL_I2C_MspInit
                0x0000000008001160       0x90 ./Core/Src/stm32f4xx_hal_msp.o
                0x0000000008001160                HAL_I2C_MspInit
 .text.NMI_Handler
                0x00000000080011f0        0x6 ./Core/Src/stm32f4xx_it.o
                0x00000000080011f0                NMI_Handler
 .text.HardFault_Handler
                0x00000000080011f6        0x6 ./Core/Src/stm32f4xx_it.o
                0x00000000080011f6                HardFault_Handler
 .text.MemManage_Handler
                0x00000000080011fc        0x6 ./Core/Src/stm32f4xx_it.o
                0x00000000080011fc                MemManage_Handler
 .text.BusFault_Handler
                0x0000000008001202        0x6 ./Core/Src/stm32f4xx_it.o
                0x0000000008001202                BusFault_Handler
 .text.UsageFault_Handler
                0x0000000008001208        0x6 ./Core/Src/stm32f4xx_it.o
                0x0000000008001208                UsageFault_Handler
 .text.SVC_Handler
                0x000000000800120e        0xe ./Core/Src/stm32f4xx_it.o
                0x000000000800120e                SVC_Handler
 .text.DebugMon_Handler
                0x000000000800121c        0xe ./Core/Src/stm32f4xx_it.o
                0x000000000800121c                DebugMon_Handler
 .text.PendSV_Handler
                0x000000000800122a        0xe ./Core/Src/stm32f4xx_it.o
                0x000000000800122a                PendSV_Handler
 .text.SysTick_Handler
                0x0000000008001238        0xc ./Core/Src/stm32f4xx_it.o
                0x0000000008001238                SysTick_Handler
 .text.SystemInit
                0x0000000008001244       0x24 ./Core/Src/system_stm32f4xx.o
                0x0000000008001244                SystemInit
 .text.Reset_Handler
                0x0000000008001268       0x50 ./Core/Startup/startup_stm32f411vetx.o
                0x0000000008001268                Reset_Handler
 .text.Default_Handler
                0x00000000080012b8        0x2 ./Core/Startup/startup_stm32f411vetx.o
                0x00000000080012b8                RTC_Alarm_IRQHandler
                0x00000000080012b8                EXTI2_IRQHandler
                0x00000000080012b8                SPI4_IRQHandler
                0x00000000080012b8                TIM1_CC_IRQHandler
                0x00000000080012b8                DMA2_Stream5_IRQHandler
                0x00000000080012b8                DMA1_Stream5_IRQHandler
                0x00000000080012b8                PVD_IRQHandler
                0x00000000080012b8                SDIO_IRQHandler
                0x00000000080012b8                TAMP_STAMP_IRQHandler
                0x00000000080012b8                EXTI3_IRQHandler
                0x00000000080012b8                TIM1_UP_TIM10_IRQHandler
                0x00000000080012b8                I2C3_ER_IRQHandler
                0x00000000080012b8                EXTI0_IRQHandler
                0x00000000080012b8                I2C2_EV_IRQHandler
                0x00000000080012b8                DMA1_Stream2_IRQHandler
                0x00000000080012b8                FPU_IRQHandler
                0x00000000080012b8                DMA2_Stream2_IRQHandler
                0x00000000080012b8                SPI1_IRQHandler
                0x00000000080012b8                TIM1_BRK_TIM9_IRQHandler
                0x00000000080012b8                DMA2_Stream3_IRQHandler
                0x00000000080012b8                USART6_IRQHandler
                0x00000000080012b8                DMA2_Stream0_IRQHandler
                0x00000000080012b8                TIM4_IRQHandler
                0x00000000080012b8                I2C1_EV_IRQHandler
                0x00000000080012b8                DMA1_Stream6_IRQHandler
                0x00000000080012b8                DMA1_Stream1_IRQHandler
                0x00000000080012b8                TIM3_IRQHandler
                0x00000000080012b8                RCC_IRQHandler
                0x00000000080012b8                Default_Handler
                0x00000000080012b8                EXTI15_10_IRQHandler
                0x00000000080012b8                ADC_IRQHandler
                0x00000000080012b8                DMA1_Stream7_IRQHandler
                0x00000000080012b8                SPI5_IRQHandler
                0x00000000080012b8                TIM5_IRQHandler
                0x00000000080012b8                DMA2_Stream7_IRQHandler
                0x00000000080012b8                I2C3_EV_IRQHandler
                0x00000000080012b8                EXTI9_5_IRQHandler
                0x00000000080012b8                RTC_WKUP_IRQHandler
                0x00000000080012b8                SPI2_IRQHandler
                0x00000000080012b8                DMA1_Stream0_IRQHandler
                0x00000000080012b8                EXTI4_IRQHandler
                0x00000000080012b8                WWDG_IRQHandler
                0x00000000080012b8                TIM2_IRQHandler
                0x00000000080012b8                OTG_FS_WKUP_IRQHandler
                0x00000000080012b8                TIM1_TRG_COM_TIM11_IRQHandler
                0x00000000080012b8                EXTI1_IRQHandler
                0x00000000080012b8                USART2_IRQHandler
                0x00000000080012b8                I2C2_ER_IRQHandler
                0x00000000080012b8                DMA2_Stream1_IRQHandler
                0x00000000080012b8                FLASH_IRQHandler
                0x00000000080012b8                DMA2_Stream4_IRQHandler
                0x00000000080012b8                USART1_IRQHandler
                0x00000000080012b8                OTG_FS_IRQHandler
                0x00000000080012b8                SPI3_IRQHandler
                0x00000000080012b8                DMA1_Stream4_IRQHandler
                0x00000000080012b8                I2C1_ER_IRQHandler
                0x00000000080012b8                DMA2_Stream6_IRQHandler
                0x00000000080012b8                DMA1_Stream3_IRQHandler
 *fill*         0x00000000080012ba        0x2 
 .text.HAL_Init
                0x00000000080012bc       0x44 ./Drivers/STM32F4xx_HAL_Driver/Src/stm32f4xx_hal.o
                0x00000000080012bc                HAL_Init
 .text.HAL_InitTick
                0x0000000008001300       0x60 ./Drivers/STM32F4xx_HAL_Driver/Src/stm32f4xx_hal.o
                0x0000000008001300                HAL_InitTick
 .text.HAL_IncTick
                0x0000000008001360       0x28 ./Drivers/STM32F4xx_HAL_Driver/Src/stm32f4xx_hal.o
                0x0000000008001360                HAL_IncTick
 .text.HAL_GetTick
                0x0000000008001388       0x18 ./Drivers/STM32F4xx_HAL_Driver/Src/stm32f4xx_hal.o
                0x0000000008001388                HAL_GetTick
 .text.HAL_Delay
                0x00000000080013a0       0x48 ./Drivers/STM32F4xx_HAL_Driver/Src/stm32f4xx_hal.o
                0x00000000080013a0                HAL_Delay
 .text.__NVIC_SetPriorityGrouping
                0x00000000080013e8       0x48 ./Drivers/STM32F4xx_HAL_Driver/Src/stm32f4xx_hal_cortex.o
 .text.__NVIC_GetPriorityGrouping
                0x0000000008001430       0x1c ./Drivers/STM32F4xx_HAL_Driver/Src/stm32f4xx_hal_cortex.o
 .text.__NVIC_SetPriority
                0x000000000800144c       0x54 ./Drivers/STM32F4xx_HAL_Driver/Src/stm32f4xx_hal_cortex.o
 .text.NVIC_EncodePriority
                0x00000000080014a0       0x66 ./Drivers/STM32F4xx_HAL_Driver/Src/stm32f4xx_hal_cortex.o
 *fill*         0x0000000008001506        0x2 
 .text.SysTick_Config
                0x0000000008001508       0x44 ./Drivers/STM32F4xx_HAL_Driver/Src/stm32f4xx_hal_cortex.o
 .text.HAL_NVIC_SetPriorityGrouping
                0x000000000800154c       0x16 ./Drivers/STM32F4xx_HAL_Driver/Src/stm32f4xx_hal_cortex.o
                0x000000000800154c                HAL_NVIC_SetPriorityGrouping
 .text.HAL_NVIC_SetPriority
                0x0000000008001562       0x38 ./Drivers/STM32F4xx_HAL_Driver/Src/stm32f4xx_hal_cortex.o
                0x0000000008001562                HAL_NVIC_SetPriority
 .text.HAL_SYSTICK_Config
                0x000000000800159a       0x18 ./Drivers/STM32F4xx_HAL_Driver/Src/stm32f4xx_hal_cortex.o
                0x000000000800159a                HAL_SYSTICK_Config
 *fill*         0x00000000080015b2        0x2 
 .text.HAL_GPIO_Init
                0x00000000080015b4      0x308 ./Drivers/STM32F4xx_HAL_Driver/Src/stm32f4xx_hal_gpio.o
                0x00000000080015b4                HAL_GPIO_Init
 .text.HAL_GPIO_WritePin
                0x00000000080018bc       0x32 ./Drivers/STM32F4xx_HAL_Driver/Src/stm32f4xx_hal_gpio.o
                0x00000000080018bc                HAL_GPIO_WritePin
 *fill*         0x00000000080018ee        0x2 
 .text.HAL_I2C_Init
                0x00000000080018f0      0x288 ./Drivers/STM32F4xx_HAL_Driver/Src/stm32f4xx_hal_i2c.o
                0x00000000080018f0                HAL_I2C_Init
 .text.HAL_I2C_Master_Transmit
                0x0000000008001b78      0x1fc ./Drivers/STM32F4xx_HAL_Driver/Src/stm32f4xx_hal_i2c.o
                0x0000000008001b78                HAL_I2C_Master_Transmit
 .text.HAL_I2C_IsDeviceReady
                0x0000000008001d74      0x25c ./Drivers/STM32F4xx_HAL_Driver/Src/stm32f4xx_hal_i2c.o
                0x0000000008001d74                HAL_I2C_IsDeviceReady
 .text.I2C_MasterRequestWrite
                0x0000000008001fd0      0x104 ./Drivers/STM32F4xx_HAL_Driver/Src/stm32f4xx_hal_i2c.o
 .text.I2C_WaitOnFlagUntilTimeout
                0x00000000080020d4       0xae ./Drivers/STM32F4xx_HAL_Driver/Src/stm32f4xx_hal_i2c.o
 .text.I2C_WaitOnMasterAddressFlagUntilTimeout
                0x0000000008002182       0xfe ./Drivers/STM32F4xx_HAL_Driver/Src/stm32f4xx_hal_i2c.o
 .text.I2C_WaitOnTXEFlagUntilTimeout
                0x0000000008002280       0x82 ./Drivers/STM32F4xx_HAL_Driver/Src/stm32f4xx_hal_i2c.o
 .text.I2C_WaitOnBTFFlagUntilTimeout
                0x0000000008002302       0x82 ./Drivers/STM32F4xx_HAL_Driver/Src/stm32f4xx_hal_i2c.o
 .text.I2C_IsAcknowledgeFailed
                0x0000000008002384       0x5e ./Drivers/STM32F4xx_HAL_Driver/Src/stm32f4xx_hal_i2c.o
 *fill*         0x00000000080023e2        0x2 
 .text.HAL_RCC_OscConfig
                0x00000000080023e4      0x4f0 ./Drivers/STM32F4xx_HAL_Driver/Src/stm32f4xx_hal_rcc.o
                0x00000000080023e4                HAL_RCC_OscConfig
 .text.HAL_RCC_ClockConfig
                0x00000000080028d4      0x1cc ./Drivers/STM32F4xx_HAL_Driver/Src/stm32f4xx_hal_rcc.o
                0x00000000080028d4                HAL_RCC_ClockConfig
 .text.HAL_RCC_GetSysClockFreq
                0x0000000008002aa0      0x1c4 ./Drivers/STM32F4xx_HAL_Driver/Src/stm32f4xx_hal_rcc.o
                0x0000000008002aa0                HAL_RCC_GetSysClockFreq
 .text.HAL_RCC_GetHCLKFreq
                0x0000000008002c64       0x18 ./Drivers/STM32F4xx_HAL_Driver/Src/stm32f4xx_hal_rcc.o
                0x0000000008002c64                HAL_RCC_GetHCLKFreq
 .text.HAL_RCC_GetPCLK1Freq
                0x0000000008002c7c       0x28 ./Drivers/STM32F4xx_HAL_Driver/Src/stm32f4xx_hal_rcc.o
                0x0000000008002c7c                HAL_RCC_GetPCLK1Freq
 .text.__libc_init_array
                0x0000000008002ca4       0x48 c:/st/stm32cubeide_1.7.0/stm32cubeide/plugins/com.st.stm32cube.ide.mcu.externaltools.gnu-tools-for-stm32.9-2020-q2-update.win32_2.0.0.202105311346/tools/bin/../lib/gcc/arm-none-eabi/9.3.1/../../../../arm-none-eabi/lib/thumb/v7e-m+fp/hard\libc_nano.a(lib_a-init.o)
                0x0000000008002ca4                __libc_init_array
 .text.memset   0x0000000008002cec       0x10 c:/st/stm32cubeide_1.7.0/stm32cubeide/plugins/com.st.stm32cube.ide.mcu.externaltools.gnu-tools-for-stm32.9-2020-q2-update.win32_2.0.0.202105311346/tools/bin/../lib/gcc/arm-none-eabi/9.3.1/../../../../arm-none-eabi/lib/thumb/v7e-m+fp/hard\libc_nano.a(lib_a-memset.o)
                0x0000000008002cec                memset
 *(.glue_7)
 .glue_7        0x0000000008002cfc        0x0 linker stubs
 *(.glue_7t)
 .glue_7t       0x0000000008002cfc        0x0 linker stubs
 *(.eh_frame)
 .eh_frame      0x0000000008002cfc        0x0 c:/st/stm32cubeide_1.7.0/stm32cubeide/plugins/com.st.stm32cube.ide.mcu.externaltools.gnu-tools-for-stm32.9-2020-q2-update.win32_2.0.0.202105311346/tools/bin/../lib/gcc/arm-none-eabi/9.3.1/thumb/v7e-m+fp/hard/crtbegin.o
 *(.init)
 .init          0x0000000008002cfc        0x4 c:/st/stm32cubeide_1.7.0/stm32cubeide/plugins/com.st.stm32cube.ide.mcu.externaltools.gnu-tools-for-stm32.9-2020-q2-update.win32_2.0.0.202105311346/tools/bin/../lib/gcc/arm-none-eabi/9.3.1/thumb/v7e-m+fp/hard/crti.o
                0x0000000008002cfc                _init
 .init          0x0000000008002d00        0x8 c:/st/stm32cubeide_1.7.0/stm32cubeide/plugins/com.st.stm32cube.ide.mcu.externaltools.gnu-tools-for-stm32.9-2020-q2-update.win32_2.0.0.202105311346/tools/bin/../lib/gcc/arm-none-eabi/9.3.1/thumb/v7e-m+fp/hard/crtn.o
 *(.fini)
 .fini          0x0000000008002d08        0x4 c:/st/stm32cubeide_1.7.0/stm32cubeide/plugins/com.st.stm32cube.ide.mcu.externaltools.gnu-tools-for-stm32.9-2020-q2-update.win32_2.0.0.202105311346/tools/bin/../lib/gcc/arm-none-eabi/9.3.1/thumb/v7e-m+fp/hard/crti.o
                0x0000000008002d08                _fini
 .fini          0x0000000008002d0c        0x8 c:/st/stm32cubeide_1.7.0/stm32cubeide/plugins/com.st.stm32cube.ide.mcu.externaltools.gnu-tools-for-stm32.9-2020-q2-update.win32_2.0.0.202105311346/tools/bin/../lib/gcc/arm-none-eabi/9.3.1/thumb/v7e-m+fp/hard/crtn.o
                0x0000000008002d14                . = ALIGN (0x4)
                0x0000000008002d14                _etext = .

.vfp11_veneer   0x0000000008002d14        0x0
 .vfp11_veneer  0x0000000008002d14        0x0 linker stubs

.v4_bx          0x0000000008002d14        0x0
 .v4_bx         0x0000000008002d14        0x0 linker stubs

.iplt           0x0000000008002d14        0x0
 .iplt          0x0000000008002d14        0x0 c:/st/stm32cubeide_1.7.0/stm32cubeide/plugins/com.st.stm32cube.ide.mcu.externaltools.gnu-tools-for-stm32.9-2020-q2-update.win32_2.0.0.202105311346/tools/bin/../lib/gcc/arm-none-eabi/9.3.1/thumb/v7e-m+fp/hard/crtbegin.o

.rodata         0x0000000008002d14      0xda0
                0x0000000008002d14                . = ALIGN (0x4)
 *(.rodata)
 .rodata        0x0000000008002d14       0x2c ./Core/Src/main.o
 *(.rodata*)
 .rodata.Font11x18
                0x0000000008002d40      0xd5c ./Core/Src/fonts.o
                0x0000000008002d40                Font11x18
 .rodata.AHBPrescTable
                0x0000000008003a9c       0x10 ./Core/Src/system_stm32f4xx.o
                0x0000000008003a9c                AHBPrescTable
 .rodata.APBPrescTable
                0x0000000008003aac        0x8 ./Core/Src/system_stm32f4xx.o
                0x0000000008003aac                APBPrescTable
                0x0000000008003ab4                . = ALIGN (0x4)

.ARM.extab      0x0000000008003ab4        0x0
                0x0000000008003ab4                . = ALIGN (0x4)
 *(.ARM.extab* .gnu.linkonce.armextab.*)
                0x0000000008003ab4                . = ALIGN (0x4)

.ARM            0x0000000008003ab4        0x8
                0x0000000008003ab4                . = ALIGN (0x4)
                0x0000000008003ab4                __exidx_start = .
 *(.ARM.exidx*)
 .ARM.exidx     0x0000000008003ab4        0x8 c:/st/stm32cubeide_1.7.0/stm32cubeide/plugins/com.st.stm32cube.ide.mcu.externaltools.gnu-tools-for-stm32.9-2020-q2-update.win32_2.0.0.202105311346/tools/bin/../lib/gcc/arm-none-eabi/9.3.1/thumb/v7e-m+fp/hard\libgcc.a(_udivmoddi4.o)
                0x0000000008003abc                __exidx_end = .
                0x0000000008003abc                . = ALIGN (0x4)

.rel.dyn        0x0000000008003abc        0x0
 .rel.iplt      0x0000000008003abc        0x0 c:/st/stm32cubeide_1.7.0/stm32cubeide/plugins/com.st.stm32cube.ide.mcu.externaltools.gnu-tools-for-stm32.9-2020-q2-update.win32_2.0.0.202105311346/tools/bin/../lib/gcc/arm-none-eabi/9.3.1/thumb/v7e-m+fp/hard/crtbegin.o

.preinit_array  0x0000000008003abc        0x0
                0x0000000008003abc                . = ALIGN (0x4)
                0x0000000008003abc                PROVIDE (__preinit_array_start = .)
 *(.preinit_array*)
                0x0000000008003abc                PROVIDE (__preinit_array_end = .)
                0x0000000008003abc                . = ALIGN (0x4)

.init_array     0x0000000008003abc        0x4
                0x0000000008003abc                . = ALIGN (0x4)
                0x0000000008003abc                PROVIDE (__init_array_start = .)
 *(SORT_BY_NAME(.init_array.*))
 *(.init_array*)
 .init_array    0x0000000008003abc        0x4 c:/st/stm32cubeide_1.7.0/stm32cubeide/plugins/com.st.stm32cube.ide.mcu.externaltools.gnu-tools-for-stm32.9-2020-q2-update.win32_2.0.0.202105311346/tools/bin/../lib/gcc/arm-none-eabi/9.3.1/thumb/v7e-m+fp/hard/crtbegin.o
                0x0000000008003ac0                PROVIDE (__init_array_end = .)
                0x0000000008003ac0                . = ALIGN (0x4)

.fini_array     0x0000000008003ac0        0x4
                0x0000000008003ac0                . = ALIGN (0x4)
                [!provide]                        PROVIDE (__fini_array_start = .)
 *(SORT_BY_NAME(.fini_array.*))
 *(.fini_array*)
 .fini_array    0x0000000008003ac0        0x4 c:/st/stm32cubeide_1.7.0/stm32cubeide/plugins/com.st.stm32cube.ide.mcu.externaltools.gnu-tools-for-stm32.9-2020-q2-update.win32_2.0.0.202105311346/tools/bin/../lib/gcc/arm-none-eabi/9.3.1/thumb/v7e-m+fp/hard/crtbegin.o
                [!provide]                        PROVIDE (__fini_array_end = .)
                0x0000000008003ac4                . = ALIGN (0x4)
                0x0000000008003ac4                _sidata = LOADADDR (.data)

.data           0x0000000020000000       0x14 load address 0x0000000008003ac4
                0x0000000020000000                . = ALIGN (0x4)
                0x0000000020000000                _sdata = .
 *(.data)
 *(.data*)
 .data.Font_11x18
                0x0000000020000000        0x8 ./Core/Src/fonts.o
                0x0000000020000000                Font_11x18
 .data.SystemCoreClock
                0x0000000020000008        0x4 ./Core/Src/system_stm32f4xx.o
                0x0000000020000008                SystemCoreClock
 .data.uwTickPrio
                0x000000002000000c        0x4 ./Drivers/STM32F4xx_HAL_Driver/Src/stm32f4xx_hal.o
                0x000000002000000c                uwTickPrio
 .data.uwTickFreq
                0x0000000020000010        0x1 ./Drivers/STM32F4xx_HAL_Driver/Src/stm32f4xx_hal.o
                0x0000000020000010                uwTickFreq
 *(.RamFunc)
 *(.RamFunc*)
                0x0000000020000014                . = ALIGN (0x4)
 *fill*         0x0000000020000011        0x3 
                0x0000000020000014                _edata = .

.igot.plt       0x0000000020000014        0x0 load address 0x0000000008003ad8
 .igot.plt      0x0000000020000014        0x0 c:/st/stm32cubeide_1.7.0/stm32cubeide/plugins/com.st.stm32cube.ide.mcu.externaltools.gnu-tools-for-stm32.9-2020-q2-update.win32_2.0.0.202105311346/tools/bin/../lib/gcc/arm-none-eabi/9.3.1/thumb/v7e-m+fp/hard/crtbegin.o
                0x0000000020000014                . = ALIGN (0x4)

.bss            0x0000000020000014      0x47c load address 0x0000000008003ad8
                0x0000000020000014                _sbss = .
                0x0000000020000014                __bss_start__ = _sbss
 *(.bss)
 .bss           0x0000000020000014       0x1c c:/st/stm32cubeide_1.7.0/stm32cubeide/plugins/com.st.stm32cube.ide.mcu.externaltools.gnu-tools-for-stm32.9-2020-q2-update.win32_2.0.0.202105311346/tools/bin/../lib/gcc/arm-none-eabi/9.3.1/thumb/v7e-m+fp/hard/crtbegin.o
 *(.bss*)
 .bss.SSD1306_Buffer
                0x0000000020000030      0x400 ./Core/Src/ssd1306.o
 .bss.SSD1306   0x0000000020000430        0x6 ./Core/Src/ssd1306.o
 *(COMMON)
 *fill*         0x0000000020000436        0x2 
 COMMON         0x0000000020000438       0x54 ./Core/Src/main.o
                0x0000000020000438                hi2c1
 COMMON         0x000000002000048c        0x4 ./Drivers/STM32F4xx_HAL_Driver/Src/stm32f4xx_hal.o
                0x000000002000048c                uwTick
                0x0000000020000490                . = ALIGN (0x4)
                0x0000000020000490                _ebss = .
                0x0000000020000490                __bss_end__ = _ebss

._user_heap_stack
                0x0000000020000490      0x600 load address 0x0000000008003ad8
                0x0000000020000490                . = ALIGN (0x8)
                [!provide]                        PROVIDE (end = .)
                0x0000000020000490                PROVIDE (_end = .)
                0x0000000020000690                . = (. + _Min_Heap_Size)
 *fill*         0x0000000020000490      0x200 
                0x0000000020000a90                . = (. + _Min_Stack_Size)
 *fill*         0x0000000020000690      0x400 
                0x0000000020000a90                . = ALIGN (0x8)

/DISCARD/
 libc.a(*)
 libm.a(*)
 libgcc.a(*)

.ARM.attributes
                0x0000000000000000       0x30
 *(.ARM.attributes)
 .ARM.attributes
                0x0000000000000000       0x1e c:/st/stm32cubeide_1.7.0/stm32cubeide/plugins/com.st.stm32cube.ide.mcu.externaltools.gnu-tools-for-stm32.9-2020-q2-update.win32_2.0.0.202105311346/tools/bin/../lib/gcc/arm-none-eabi/9.3.1/thumb/v7e-m+fp/hard/crti.o
 .ARM.attributes
                0x000000000000001e       0x34 c:/st/stm32cubeide_1.7.0/stm32cubeide/plugins/com.st.stm32cube.ide.mcu.externaltools.gnu-tools-for-stm32.9-2020-q2-update.win32_2.0.0.202105311346/tools/bin/../lib/gcc/arm-none-eabi/9.3.1/thumb/v7e-m+fp/hard/crtbegin.o
 .ARM.attributes
                0x0000000000000052       0x34 ./Core/Src/fonts.o
 .ARM.attributes
                0x0000000000000086       0x34 ./Core/Src/main.o
 .ARM.attributes
                0x00000000000000ba       0x34 ./Core/Src/ssd1306.o
 .ARM.attributes
                0x00000000000000ee       0x34 ./Core/Src/stm32f4xx_hal_msp.o
 .ARM.attributes
                0x0000000000000122       0x34 ./Core/Src/stm32f4xx_it.o
 .ARM.attributes
                0x0000000000000156       0x34 ./Core/Src/system_stm32f4xx.o
 .ARM.attributes
                0x000000000000018a       0x21 ./Core/Startup/startup_stm32f411vetx.o
 .ARM.attributes
                0x00000000000001ab       0x34 ./Drivers/STM32F4xx_HAL_Driver/Src/stm32f4xx_hal.o
 .ARM.attributes
                0x00000000000001df       0x34 ./Drivers/STM32F4xx_HAL_Driver/Src/stm32f4xx_hal_cortex.o
 .ARM.attributes
                0x0000000000000213       0x34 ./Drivers/STM32F4xx_HAL_Driver/Src/stm32f4xx_hal_gpio.o
 .ARM.attributes
                0x0000000000000247       0x34 ./Drivers/STM32F4xx_HAL_Driver/Src/stm32f4xx_hal_i2c.o
 .ARM.attributes
                0x000000000000027b       0x34 ./Drivers/STM32F4xx_HAL_Driver/Src/stm32f4xx_hal_rcc.o
 .ARM.attributes
                0x00000000000002af       0x34 c:/st/stm32cubeide_1.7.0/stm32cubeide/plugins/com.st.stm32cube.ide.mcu.externaltools.gnu-tools-for-stm32.9-2020-q2-update.win32_2.0.0.202105311346/tools/bin/../lib/gcc/arm-none-eabi/9.3.1/../../../../arm-none-eabi/lib/thumb/v7e-m+fp/hard\libc_nano.a(lib_a-init.o)
 .ARM.attributes
                0x00000000000002e3       0x34 c:/st/stm32cubeide_1.7.0/stm32cubeide/plugins/com.st.stm32cube.ide.mcu.externaltools.gnu-tools-for-stm32.9-2020-q2-update.win32_2.0.0.202105311346/tools/bin/../lib/gcc/arm-none-eabi/9.3.1/../../../../arm-none-eabi/lib/thumb/v7e-m+fp/hard\libc_nano.a(lib_a-memset.o)
 .ARM.attributes
                0x0000000000000317       0x1e c:/st/stm32cubeide_1.7.0/stm32cubeide/plugins/com.st.stm32cube.ide.mcu.externaltools.gnu-tools-for-stm32.9-2020-q2-update.win32_2.0.0.202105311346/tools/bin/../lib/gcc/arm-none-eabi/9.3.1/thumb/v7e-m+fp/hard\libgcc.a(_aeabi_uldivmod.o)
 .ARM.attributes
                0x0000000000000335       0x34 c:/st/stm32cubeide_1.7.0/stm32cubeide/plugins/com.st.stm32cube.ide.mcu.externaltools.gnu-tools-for-stm32.9-2020-q2-update.win32_2.0.0.202105311346/tools/bin/../lib/gcc/arm-none-eabi/9.3.1/thumb/v7e-m+fp/hard\libgcc.a(_udivmoddi4.o)
 .ARM.attributes
                0x0000000000000369       0x1e c:/st/stm32cubeide_1.7.0/stm32cubeide/plugins/com.st.stm32cube.ide.mcu.externaltools.gnu-tools-for-stm32.9-2020-q2-update.win32_2.0.0.202105311346/tools/bin/../lib/gcc/arm-none-eabi/9.3.1/thumb/v7e-m+fp/hard\libgcc.a(_dvmd_tls.o)
 .ARM.attributes
                0x0000000000000387       0x1e c:/st/stm32cubeide_1.7.0/stm32cubeide/plugins/com.st.stm32cube.ide.mcu.externaltools.gnu-tools-for-stm32.9-2020-q2-update.win32_2.0.0.202105311346/tools/bin/../lib/gcc/arm-none-eabi/9.3.1/thumb/v7e-m+fp/hard/crtn.o
OUTPUT(OLED_Config.elf elf32-littlearm)
LOAD linker stubs
LOAD c:/st/stm32cubeide_1.7.0/stm32cubeide/plugins/com.st.stm32cube.ide.mcu.externaltools.gnu-tools-for-stm32.9-2020-q2-update.win32_2.0.0.202105311346/tools/bin/../lib/gcc/arm-none-eabi/9.3.1/../../../../arm-none-eabi/lib/thumb/v7e-m+fp/hard\libc.a
LOAD c:/st/stm32cubeide_1.7.0/stm32cubeide/plugins/com.st.stm32cube.ide.mcu.externaltools.gnu-tools-for-stm32.9-2020-q2-update.win32_2.0.0.202105311346/tools/bin/../lib/gcc/arm-none-eabi/9.3.1/../../../../arm-none-eabi/lib/thumb/v7e-m+fp/hard\libm.a
LOAD c:/st/stm32cubeide_1.7.0/stm32cubeide/plugins/com.st.stm32cube.ide.mcu.externaltools.gnu-tools-for-stm32.9-2020-q2-update.win32_2.0.0.202105311346/tools/bin/../lib/gcc/arm-none-eabi/9.3.1/thumb/v7e-m+fp/hard\libgcc.a

.debug_info     0x0000000000000000     0x9f37
 .debug_info    0x0000000000000000      0xbd3 ./Core/Src/fonts.o
 .debug_info    0x0000000000000bd3     0x163c ./Core/Src/main.o
 .debug_info    0x000000000000220f     0x1a71 ./Core/Src/ssd1306.o
 .debug_info    0x0000000000003c80      0xaa5 ./Core/Src/stm32f4xx_hal_msp.o
 .debug_info    0x0000000000004725      0x222 ./Core/Src/stm32f4xx_it.o
 .debug_info    0x0000000000004947      0x5d0 ./Core/Src/system_stm32f4xx.o
 .debug_info    0x0000000000004f17       0x22 ./Core/Startup/startup_stm32f411vetx.o
 .debug_info    0x0000000000004f39      0x944 ./Drivers/STM32F4xx_HAL_Driver/Src/stm32f4xx_hal.o
 .debug_info    0x000000000000587d      0xe47 ./Drivers/STM32F4xx_HAL_Driver/Src/stm32f4xx_hal_cortex.o
 .debug_info    0x00000000000066c4      0x862 ./Drivers/STM32F4xx_HAL_Driver/Src/stm32f4xx_hal_gpio.o
 .debug_info    0x0000000000006f26     0x2653 ./Drivers/STM32F4xx_HAL_Driver/Src/stm32f4xx_hal_i2c.o
 .debug_info    0x0000000000009579      0x9be ./Drivers/STM32F4xx_HAL_Driver/Src/stm32f4xx_hal_rcc.o

.debug_abbrev   0x0000000000000000     0x17fc
 .debug_abbrev  0x0000000000000000      0x208 ./Core/Src/fonts.o
 .debug_abbrev  0x0000000000000208      0x28e ./Core/Src/main.o
 .debug_abbrev  0x0000000000000496      0x33e ./Core/Src/ssd1306.o
 .debug_abbrev  0x00000000000007d4      0x1ac ./Core/Src/stm32f4xx_hal_msp.o
 .debug_abbrev  0x0000000000000980       0xd2 ./Core/Src/stm32f4xx_it.o
 .debug_abbrev  0x0000000000000a52      0x145 ./Core/Src/system_stm32f4xx.o
 .debug_abbrev  0x0000000000000b97       0x12 ./Core/Startup/startup_stm32f411vetx.o
 .debug_abbrev  0x0000000000000ba9      0x21e ./Drivers/STM32F4xx_HAL_Driver/Src/stm32f4xx_hal.o
 .debug_abbrev  0x0000000000000dc7      0x33c ./Drivers/STM32F4xx_HAL_Driver/Src/stm32f4xx_hal_cortex.o
 .debug_abbrev  0x0000000000001103      0x1f1 ./Drivers/STM32F4xx_HAL_Driver/Src/stm32f4xx_hal_gpio.o
 .debug_abbrev  0x00000000000012f4      0x293 ./Drivers/STM32F4xx_HAL_Driver/Src/stm32f4xx_hal_i2c.o
 .debug_abbrev  0x0000000000001587      0x275 ./Drivers/STM32F4xx_HAL_Driver/Src/stm32f4xx_hal_rcc.o

.debug_aranges  0x0000000000000000      0x7c0
 .debug_aranges
                0x0000000000000000       0x20 ./Core/Src/fonts.o
 .debug_aranges
                0x0000000000000020       0x40 ./Core/Src/main.o
 .debug_aranges
                0x0000000000000060       0xf8 ./Core/Src/ssd1306.o
 .debug_aranges
                0x0000000000000158       0x30 ./Core/Src/stm32f4xx_hal_msp.o
 .debug_aranges
                0x0000000000000188       0x60 ./Core/Src/stm32f4xx_it.o
 .debug_aranges
                0x00000000000001e8       0x28 ./Core/Src/system_stm32f4xx.o
 .debug_aranges
                0x0000000000000210       0x28 ./Core/Startup/startup_stm32f411vetx.o
 .debug_aranges
                0x0000000000000238       0xf0 ./Drivers/STM32F4xx_HAL_Driver/Src/stm32f4xx_hal.o
 .debug_aranges
                0x0000000000000328      0x118 ./Drivers/STM32F4xx_HAL_Driver/Src/stm32f4xx_hal_cortex.o
 .debug_aranges
                0x0000000000000440       0x58 ./Drivers/STM32F4xx_HAL_Driver/Src/stm32f4xx_hal_gpio.o
 .debug_aranges
                0x0000000000000498      0x2a0 ./Drivers/STM32F4xx_HAL_Driver/Src/stm32f4xx_hal_i2c.o
 .debug_aranges
                0x0000000000000738       0x88 ./Drivers/STM32F4xx_HAL_Driver/Src/stm32f4xx_hal_rcc.o

.debug_ranges   0x0000000000000000      0x730
 .debug_ranges  0x0000000000000000       0x10 ./Core/Src/fonts.o
 .debug_ranges  0x0000000000000010       0x30 ./Core/Src/main.o
 .debug_ranges  0x0000000000000040       0xe8 ./Core/Src/ssd1306.o
 .debug_ranges  0x0000000000000128       0x20 ./Core/Src/stm32f4xx_hal_msp.o
 .debug_ranges  0x0000000000000148       0x50 ./Core/Src/stm32f4xx_it.o
 .debug_ranges  0x0000000000000198       0x18 ./Core/Src/system_stm32f4xx.o
 .debug_ranges  0x00000000000001b0       0x20 ./Core/Startup/startup_stm32f411vetx.o
 .debug_ranges  0x00000000000001d0       0xe0 ./Drivers/STM32F4xx_HAL_Driver/Src/stm32f4xx_hal.o
 .debug_ranges  0x00000000000002b0      0x108 ./Drivers/STM32F4xx_HAL_Driver/Src/stm32f4xx_hal_cortex.o
 .debug_ranges  0x00000000000003b8       0x48 ./Drivers/STM32F4xx_HAL_Driver/Src/stm32f4xx_hal_gpio.o
 .debug_ranges  0x0000000000000400      0x2b8 ./Drivers/STM32F4xx_HAL_Driver/Src/stm32f4xx_hal_i2c.o
 .debug_ranges  0x00000000000006b8       0x78 ./Drivers/STM32F4xx_HAL_Driver/Src/stm32f4xx_hal_rcc.o

.debug_macro    0x0000000000000000    0x15893
 .debug_macro   0x0000000000000000      0x2a1 ./Core/Src/fonts.o
 .debug_macro   0x00000000000002a1      0xaa8 ./Core/Src/fonts.o
 .debug_macro   0x0000000000000d49      0x295 ./Core/Src/fonts.o
 .debug_macro   0x0000000000000fde       0x2e ./Core/Src/fonts.o
 .debug_macro   0x000000000000100c       0x28 ./Core/Src/fonts.o
 .debug_macro   0x0000000000001034       0x22 ./Core/Src/fonts.o
 .debug_macro   0x0000000000001056       0x8e ./Core/Src/fonts.o
 .debug_macro   0x00000000000010e4       0x51 ./Core/Src/fonts.o
 .debug_macro   0x0000000000001135      0x103 ./Core/Src/fonts.o
 .debug_macro   0x0000000000001238       0x6a ./Core/Src/fonts.o
 .debug_macro   0x00000000000012a2      0x1df ./Core/Src/fonts.o
 .debug_macro   0x0000000000001481       0x1c ./Core/Src/fonts.o
 .debug_macro   0x000000000000149d       0x22 ./Core/Src/fonts.o
 .debug_macro   0x00000000000014bf       0xdf ./Core/Src/fonts.o
 .debug_macro   0x000000000000159e     0x102d ./Core/Src/fonts.o
 .debug_macro   0x00000000000025cb      0x11f ./Core/Src/fonts.o
 .debug_macro   0x00000000000026ea     0xb953 ./Core/Src/fonts.o
 .debug_macro   0x000000000000e03d       0x6d ./Core/Src/fonts.o
 .debug_macro   0x000000000000e0aa     0x3666 ./Core/Src/fonts.o
 .debug_macro   0x0000000000011710      0x174 ./Core/Src/fonts.o
 .debug_macro   0x0000000000011884       0x5c ./Core/Src/fonts.o
 .debug_macro   0x00000000000118e0      0x447 ./Core/Src/fonts.o
 .debug_macro   0x0000000000011d27      0x9fe ./Core/Src/fonts.o
 .debug_macro   0x0000000000012725      0x116 ./Core/Src/fonts.o
 .debug_macro   0x000000000001283b      0x11b ./Core/Src/fonts.o
 .debug_macro   0x0000000000012956       0xa5 ./Core/Src/fonts.o
 .debug_macro   0x00000000000129fb      0x15f ./Core/Src/fonts.o
 .debug_macro   0x0000000000012b5a      0x287 ./Core/Src/fonts.o
 .debug_macro   0x0000000000012de1       0x5f ./Core/Src/fonts.o
 .debug_macro   0x0000000000012e40      0x236 ./Core/Src/fonts.o
 .debug_macro   0x0000000000013076      0x132 ./Core/Src/fonts.o
 .debug_macro   0x00000000000131a8      0x264 ./Core/Src/fonts.o
 .debug_macro   0x000000000001340c       0x2e ./Core/Src/fonts.o
 .debug_macro   0x000000000001343a      0x1b5 ./Core/Src/fonts.o
 .debug_macro   0x00000000000135ef       0x22 ./Core/Src/fonts.o
 .debug_macro   0x0000000000013611       0xd6 ./Core/Src/fonts.o
 .debug_macro   0x00000000000136e7      0x11a ./Core/Src/fonts.o
 .debug_macro   0x0000000000013801       0x85 ./Core/Src/fonts.o
 .debug_macro   0x0000000000013886       0x89 ./Core/Src/fonts.o
 .debug_macro   0x000000000001390f      0x126 ./Core/Src/fonts.o
 .debug_macro   0x0000000000013a35       0x52 ./Core/Src/fonts.o
 .debug_macro   0x0000000000013a87       0x18 ./Core/Src/fonts.o
 .debug_macro   0x0000000000013a9f       0x3c ./Core/Src/fonts.o
 .debug_macro   0x0000000000013adb       0x34 ./Core/Src/fonts.o
 .debug_macro   0x0000000000013b0f       0x16 ./Core/Src/fonts.o
 .debug_macro   0x0000000000013b25       0x43 ./Core/Src/fonts.o
 .debug_macro   0x0000000000013b68       0x34 ./Core/Src/fonts.o
 .debug_macro   0x0000000000013b9c       0x10 ./Core/Src/fonts.o
 .debug_macro   0x0000000000013bac       0x58 ./Core/Src/fonts.o
 .debug_macro   0x0000000000013c04       0x71 ./Core/Src/fonts.o
 .debug_macro   0x0000000000013c75       0x1c ./Core/Src/fonts.o
 .debug_macro   0x0000000000013c91      0x12a ./Core/Src/fonts.o
 .debug_macro   0x0000000000013dbb      0x333 ./Core/Src/fonts.o
 .debug_macro   0x00000000000140ee       0x10 ./Core/Src/fonts.o
 .debug_macro   0x00000000000140fe       0x35 ./Core/Src/fonts.o
 .debug_macro   0x0000000000014133       0x20 ./Core/Src/fonts.o
 .debug_macro   0x0000000000014153      0x301 ./Core/Src/main.o
 .debug_macro   0x0000000000014454      0x160 ./Core/Src/main.o
 .debug_macro   0x00000000000145b4       0x16 ./Core/Src/main.o
 .debug_macro   0x00000000000145ca       0x16 ./Core/Src/main.o
 .debug_macro   0x00000000000145e0       0x29 ./Core/Src/main.o
 .debug_macro   0x0000000000014609       0x1d ./Core/Src/main.o
 .debug_macro   0x0000000000014626      0x32c ./Core/Src/ssd1306.o
 .debug_macro   0x0000000000014952      0x1d8 ./Core/Src/stm32f4xx_hal_msp.o
 .debug_macro   0x0000000000014b2a      0x1e2 ./Core/Src/stm32f4xx_it.o
 .debug_macro   0x0000000000014d0c      0x1c9 ./Core/Src/system_stm32f4xx.o
 .debug_macro   0x0000000000014ed5      0x229 ./Drivers/STM32F4xx_HAL_Driver/Src/stm32f4xx_hal.o
 .debug_macro   0x00000000000150fe      0x1c9 ./Drivers/STM32F4xx_HAL_Driver/Src/stm32f4xx_hal_cortex.o
 .debug_macro   0x00000000000152c7      0x1cf ./Drivers/STM32F4xx_HAL_Driver/Src/stm32f4xx_hal_gpio.o
 .debug_macro   0x0000000000015496      0x210 ./Drivers/STM32F4xx_HAL_Driver/Src/stm32f4xx_hal_i2c.o
 .debug_macro   0x00000000000156a6      0x1ed ./Drivers/STM32F4xx_HAL_Driver/Src/stm32f4xx_hal_rcc.o

.debug_line     0x0000000000000000     0x9f25
 .debug_line    0x0000000000000000      0x815 ./Core/Src/fonts.o
 .debug_line    0x0000000000000815      0xa02 ./Core/Src/main.o
 .debug_line    0x0000000000001217      0xfe8 ./Core/Src/ssd1306.o
 .debug_line    0x00000000000021ff      0x6fe ./Core/Src/stm32f4xx_hal_msp.o
 .debug_line    0x00000000000028fd      0x771 ./Core/Src/stm32f4xx_it.o
 .debug_line    0x000000000000306e      0x730 ./Core/Src/system_stm32f4xx.o
 .debug_line    0x000000000000379e       0x88 ./Core/Startup/startup_stm32f411vetx.o
 .debug_line    0x0000000000003826      0x996 ./Drivers/STM32F4xx_HAL_Driver/Src/stm32f4xx_hal.o
 .debug_line    0x00000000000041bc      0xc45 ./Drivers/STM32F4xx_HAL_Driver/Src/stm32f4xx_hal_cortex.o
 .debug_line    0x0000000000004e01      0xad0 ./Drivers/STM32F4xx_HAL_Driver/Src/stm32f4xx_hal_gpio.o
 .debug_line    0x00000000000058d1     0x3942 ./Drivers/STM32F4xx_HAL_Driver/Src/stm32f4xx_hal_i2c.o
 .debug_line    0x0000000000009213      0xd12 ./Drivers/STM32F4xx_HAL_Driver/Src/stm32f4xx_hal_rcc.o

.debug_str      0x0000000000000000    0x856c3
 .debug_str     0x0000000000000000    0x825ac ./Core/Src/fonts.o
                                      0x828c3 (size before relaxing)
 .debug_str     0x00000000000825ac      0xed8 ./Core/Src/main.o
                                      0x83781 (size before relaxing)
 .debug_str     0x0000000000083484      0x528 ./Core/Src/ssd1306.o
                                      0x833e0 (size before relaxing)
 .debug_str     0x00000000000839ac       0x53 ./Core/Src/stm32f4xx_hal_msp.o
                                      0x80253 (size before relaxing)
 .debug_str     0x00000000000839ff       0xbd ./Core/Src/stm32f4xx_it.o
                                      0x7fc5c (size before relaxing)
 .debug_str     0x0000000000083abc       0xaf ./Core/Src/system_stm32f4xx.o
                                      0x7f7a3 (size before relaxing)
 .debug_str     0x0000000000083b6b       0x36 ./Core/Startup/startup_stm32f411vetx.o
                                         0x74 (size before relaxing)
 .debug_str     0x0000000000083ba1      0x919 ./Drivers/STM32F4xx_HAL_Driver/Src/stm32f4xx_hal.o
                                      0x8012d (size before relaxing)
 .debug_str     0x00000000000844ba      0x399 ./Drivers/STM32F4xx_HAL_Driver/Src/stm32f4xx_hal_cortex.o
                                      0x7ff0a (size before relaxing)
 .debug_str     0x0000000000084853      0x15f ./Drivers/STM32F4xx_HAL_Driver/Src/stm32f4xx_hal_gpio.o
                                      0x7f94a (size before relaxing)
 .debug_str     0x00000000000849b2      0xac3 ./Drivers/STM32F4xx_HAL_Driver/Src/stm32f4xx_hal_i2c.o
                                      0x80718 (size before relaxing)
 .debug_str     0x0000000000085475      0x24e ./Drivers/STM32F4xx_HAL_Driver/Src/stm32f4xx_hal_rcc.o
                                      0x7fba5 (size before relaxing)

.comment        0x0000000000000000       0x53
 .comment       0x0000000000000000       0x53 ./Core/Src/fonts.o
                                         0x54 (size before relaxing)
 .comment       0x0000000000000053       0x54 ./Core/Src/main.o
 .comment       0x0000000000000053       0x54 ./Core/Src/ssd1306.o
 .comment       0x0000000000000053       0x54 ./Core/Src/stm32f4xx_hal_msp.o
 .comment       0x0000000000000053       0x54 ./Core/Src/stm32f4xx_it.o
 .comment       0x0000000000000053       0x54 ./Core/Src/system_stm32f4xx.o
 .comment       0x0000000000000053       0x54 ./Drivers/STM32F4xx_HAL_Driver/Src/stm32f4xx_hal.o
 .comment       0x0000000000000053       0x54 ./Drivers/STM32F4xx_HAL_Driver/Src/stm32f4xx_hal_cortex.o
 .comment       0x0000000000000053       0x54 ./Drivers/STM32F4xx_HAL_Driver/Src/stm32f4xx_hal_gpio.o
 .comment       0x0000000000000053       0x54 ./Drivers/STM32F4xx_HAL_Driver/Src/stm32f4xx_hal_i2c.o
 .comment       0x0000000000000053       0x54 ./Drivers/STM32F4xx_HAL_Driver/Src/stm32f4xx_hal_rcc.o

.debug_frame    0x0000000000000000     0x1f24
 .debug_frame   0x0000000000000000       0x38 ./Core/Src/fonts.o
 .debug_frame   0x0000000000000038       0xb0 ./Core/Src/main.o
 .debug_frame   0x00000000000000e8      0x414 ./Core/Src/ssd1306.o
 .debug_frame   0x00000000000004fc       0x7c ./Core/Src/stm32f4xx_hal_msp.o
 .debug_frame   0x0000000000000578      0x104 ./Core/Src/stm32f4xx_it.o
 .debug_frame   0x000000000000067c       0x58 ./Core/Src/system_stm32f4xx.o
 .debug_frame   0x00000000000006d4      0x374 ./Drivers/STM32F4xx_HAL_Driver/Src/stm32f4xx_hal.o
 .debug_frame   0x0000000000000a48      0x498 ./Drivers/STM32F4xx_HAL_Driver/Src/stm32f4xx_hal_cortex.o
 .debug_frame   0x0000000000000ee0      0x14c ./Drivers/STM32F4xx_HAL_Driver/Src/stm32f4xx_hal_gpio.o
 .debug_frame   0x000000000000102c      0xc5c ./Drivers/STM32F4xx_HAL_Driver/Src/stm32f4xx_hal_i2c.o
 .debug_frame   0x0000000000001c88      0x1f0 ./Drivers/STM32F4xx_HAL_Driver/Src/stm32f4xx_hal_rcc.o
 .debug_frame   0x0000000000001e78       0x2c c:/st/stm32cubeide_1.7.0/stm32cubeide/plugins/com.st.stm32cube.ide.mcu.externaltools.gnu-tools-for-stm32.9-2020-q2-update.win32_2.0.0.202105311346/tools/bin/../lib/gcc/arm-none-eabi/9.3.1/../../../../arm-none-eabi/lib/thumb/v7e-m+fp/hard\libc_nano.a(lib_a-init.o)
 .debug_frame   0x0000000000001ea4       0x20 c:/st/stm32cubeide_1.7.0/stm32cubeide/plugins/com.st.stm32cube.ide.mcu.externaltools.gnu-tools-for-stm32.9-2020-q2-update.win32_2.0.0.202105311346/tools/bin/../lib/gcc/arm-none-eabi/9.3.1/../../../../arm-none-eabi/lib/thumb/v7e-m+fp/hard\libc_nano.a(lib_a-memset.o)
 .debug_frame   0x0000000000001ec4       0x2c c:/st/stm32cubeide_1.7.0/stm32cubeide/plugins/com.st.stm32cube.ide.mcu.externaltools.gnu-tools-for-stm32.9-2020-q2-update.win32_2.0.0.202105311346/tools/bin/../lib/gcc/arm-none-eabi/9.3.1/thumb/v7e-m+fp/hard\libgcc.a(_aeabi_uldivmod.o)
 .debug_frame   0x0000000000001ef0       0x34 c:/st/stm32cubeide_1.7.0/stm32cubeide/plugins/com.st.stm32cube.ide.mcu.externaltools.gnu-tools-for-stm32.9-2020-q2-update.win32_2.0.0.202105311346/tools/bin/../lib/gcc/arm-none-eabi/9.3.1/thumb/v7e-m+fp/hard\libgcc.a(_udivmoddi4.o)
