ssd1306.c:60:6:SSD1306_ScrollRight	16	static
ssd1306.c:73:6:SSD1306_ScrollLeft	16	static
ssd1306.c:86:6:SSD1306_Scrolldiagright	16	static
ssd1306.c:102:6:SSD1306_Scrolldiagleft	16	static
ssd1306.c:118:6:SSD1306_Stopscroll	8	static
ssd1306.c:125:6:SSD1306_InvertDisplay	16	static
ssd1306.c:147:6:SSD1306_DrawBitmap	32	static
ssd1306.c:177:9:SSD1306_Init	16	static
ssd1306.c:243:6:SSD1306_UpdateScreen	16	static
ssd1306.c:256:6:SSD1306_ToggleInvert	16	static
ssd1306.c:268:6:SSD1306_Fill	16	static
ssd1306.c:273:6:SSD1306_DrawPixel	16	static
ssd1306.c:308:6:SSD1306_GotoXY	16	static
ssd1306.c:321:6:SSD1306_Putc	32	static
ssd1306.c:355:6:SSD1306_Puts	24	static
ssd1306.c:373:6:SSD1306_DrawLine	40	static
ssd1306.c:457:6:SSD1306_DrawRectangle	32	static
ssd1306.c:482:6:SSD1306_DrawFilledRectangle	40	static
ssd1306.c:509:6:SSD1306_DrawTriangle	32	static
ssd1306.c:517:6:SSD1306_DrawFilledTriangle	64	static
ssd1306.c:573:6:SSD1306_DrawCircle	40	static
ssd1306.c:607:6:SSD1306_DrawFilledCircle	48	static
ssd1306.c:640:6:SSD1306_Clear	8	static
ssd1306.c:645:6:SSD1306_ON	8	static
ssd1306.c:650:6:SSD1306_OFF	8	static
ssd1306.c:666:6:ssd1306_I2C_Init	16	static
ssd1306.c:678:6:ssd1306_I2C_WriteMulti	296	static
ssd1306.c:688:6:ssd1306_I2C_Write	32	static
