Archive member included to satisfy reference by file (symbol)

c:/st/stm32cubeide_1.7.0/stm32cubeide/plugins/com.st.stm32cube.ide.mcu.externaltools.gnu-tools-for-stm32.9-2020-q2-update.win32_2.0.0.202105311346/tools/bin/../lib/gcc/arm-none-eabi/9.3.1/../../../../arm-none-eabi/lib/thumb/v7e-m+fp/hard\libc_nano.a(lib_a-errno.o)
                              ./Core/Src/syscalls.o (__errno)
c:/st/stm32cubeide_1.7.0/stm32cubeide/plugins/com.st.stm32cube.ide.mcu.externaltools.gnu-tools-for-stm32.9-2020-q2-update.win32_2.0.0.202105311346/tools/bin/../lib/gcc/arm-none-eabi/9.3.1/../../../../arm-none-eabi/lib/thumb/v7e-m+fp/hard\libc_nano.a(lib_a-exit.o)
                              c:/st/stm32cubeide_1.7.0/stm32cubeide/plugins/com.st.stm32cube.ide.mcu.externaltools.gnu-tools-for-stm32.9-2020-q2-update.win32_2.0.0.202105311346/tools/bin/../lib/gcc/arm-none-eabi/9.3.1/../../../../arm-none-eabi/lib/thumb/v7e-m+fp/hard/crt0.o (exit)
c:/st/stm32cubeide_1.7.0/stm32cubeide/plugins/com.st.stm32cube.ide.mcu.externaltools.gnu-tools-for-stm32.9-2020-q2-update.win32_2.0.0.202105311346/tools/bin/../lib/gcc/arm-none-eabi/9.3.1/../../../../arm-none-eabi/lib/thumb/v7e-m+fp/hard\libc_nano.a(lib_a-findfp.o)
                              ./Middlewares/Third_Party/FreeRTOS/Source/tasks.o (__sf_fake_stderr)
c:/st/stm32cubeide_1.7.0/stm32cubeide/plugins/com.st.stm32cube.ide.mcu.externaltools.gnu-tools-for-stm32.9-2020-q2-update.win32_2.0.0.202105311346/tools/bin/../lib/gcc/arm-none-eabi/9.3.1/../../../../arm-none-eabi/lib/thumb/v7e-m+fp/hard\libc_nano.a(lib_a-fwalk.o)
                              c:/st/stm32cubeide_1.7.0/stm32cubeide/plugins/com.st.stm32cube.ide.mcu.externaltools.gnu-tools-for-stm32.9-2020-q2-update.win32_2.0.0.202105311346/tools/bin/../lib/gcc/arm-none-eabi/9.3.1/../../../../arm-none-eabi/lib/thumb/v7e-m+fp/hard\libc_nano.a(lib_a-findfp.o) (_fwalk)
c:/st/stm32cubeide_1.7.0/stm32cubeide/plugins/com.st.stm32cube.ide.mcu.externaltools.gnu-tools-for-stm32.9-2020-q2-update.win32_2.0.0.202105311346/tools/bin/../lib/gcc/arm-none-eabi/9.3.1/../../../../arm-none-eabi/lib/thumb/v7e-m+fp/hard\libc_nano.a(lib_a-impure.o)
                              c:/st/stm32cubeide_1.7.0/stm32cubeide/plugins/com.st.stm32cube.ide.mcu.externaltools.gnu-tools-for-stm32.9-2020-q2-update.win32_2.0.0.202105311346/tools/bin/../lib/gcc/arm-none-eabi/9.3.1/../../../../arm-none-eabi/lib/thumb/v7e-m+fp/hard\libc_nano.a(lib_a-exit.o) (_global_impure_ptr)
c:/st/stm32cubeide_1.7.0/stm32cubeide/plugins/com.st.stm32cube.ide.mcu.externaltools.gnu-tools-for-stm32.9-2020-q2-update.win32_2.0.0.202105311346/tools/bin/../lib/gcc/arm-none-eabi/9.3.1/../../../../arm-none-eabi/lib/thumb/v7e-m+fp/hard\libc_nano.a(lib_a-init.o)
                              c:/st/stm32cubeide_1.7.0/stm32cubeide/plugins/com.st.stm32cube.ide.mcu.externaltools.gnu-tools-for-stm32.9-2020-q2-update.win32_2.0.0.202105311346/tools/bin/../lib/gcc/arm-none-eabi/9.3.1/../../../../arm-none-eabi/lib/thumb/v7e-m+fp/hard/crt0.o (__libc_init_array)
c:/st/stm32cubeide_1.7.0/stm32cubeide/plugins/com.st.stm32cube.ide.mcu.externaltools.gnu-tools-for-stm32.9-2020-q2-update.win32_2.0.0.202105311346/tools/bin/../lib/gcc/arm-none-eabi/9.3.1/../../../../arm-none-eabi/lib/thumb/v7e-m+fp/hard\libc_nano.a(lib_a-lock.o)
                              c:/st/stm32cubeide_1.7.0/stm32cubeide/plugins/com.st.stm32cube.ide.mcu.externaltools.gnu-tools-for-stm32.9-2020-q2-update.win32_2.0.0.202105311346/tools/bin/../lib/gcc/arm-none-eabi/9.3.1/../../../../arm-none-eabi/lib/thumb/v7e-m+fp/hard\libc_nano.a(lib_a-findfp.o) (__retarget_lock_init_recursive)
c:/st/stm32cubeide_1.7.0/stm32cubeide/plugins/com.st.stm32cube.ide.mcu.externaltools.gnu-tools-for-stm32.9-2020-q2-update.win32_2.0.0.202105311346/tools/bin/../lib/gcc/arm-none-eabi/9.3.1/../../../../arm-none-eabi/lib/thumb/v7e-m+fp/hard\libc_nano.a(lib_a-memcpy-stub.o)
                              ./Middlewares/Third_Party/FreeRTOS/Source/queue.o (memcpy)
c:/st/stm32cubeide_1.7.0/stm32cubeide/plugins/com.st.stm32cube.ide.mcu.externaltools.gnu-tools-for-stm32.9-2020-q2-update.win32_2.0.0.202105311346/tools/bin/../lib/gcc/arm-none-eabi/9.3.1/../../../../arm-none-eabi/lib/thumb/v7e-m+fp/hard\libc_nano.a(lib_a-memset.o)
                              c:/st/stm32cubeide_1.7.0/stm32cubeide/plugins/com.st.stm32cube.ide.mcu.externaltools.gnu-tools-for-stm32.9-2020-q2-update.win32_2.0.0.202105311346/tools/bin/../lib/gcc/arm-none-eabi/9.3.1/../../../../arm-none-eabi/lib/thumb/v7e-m+fp/hard/crt0.o (memset)
c:/st/stm32cubeide_1.7.0/stm32cubeide/plugins/com.st.stm32cube.ide.mcu.externaltools.gnu-tools-for-stm32.9-2020-q2-update.win32_2.0.0.202105311346/tools/bin/../lib/gcc/arm-none-eabi/9.3.1/../../../../arm-none-eabi/lib/thumb/v7e-m+fp/hard\libc_nano.a(lib_a-nano-mallocr.o)
[...]
Memory Configuration

Name             Origin             Length             Attributes
RAM              0x0000000020000000 0x0000000000020000 xrw
FLASH            0x0000000008000000 0x0000000000080000 xr
*default*        0x0000000000000000 0xffffffffffffffff

Linker script and memory map

LOAD c:/st/stm32cubeide_1.7.0/stm32cubeide/plugins/com.st.stm32cube.ide.mcu.externaltools.gnu-tools-for-stm32.9-2020-q2-update.win32_2.0.0.202105311346/tools/bin/../lib/gcc/arm-none-eabi/9.3.1/thumb/v7e-m+fp/hard/crti.o
LOAD c:/st/stm32cubeide_1.7.0/stm32cubeide/plugins/com.st.stm32cube.ide.mcu.externaltools.gnu-tools-for-stm32.9-2020-q2-update.win32_2.0.0.202105311346/tools/bin/../lib/gcc/arm-none-eabi/9.3.1/thumb/v7e-m+fp/hard/crtbegin.o
LOAD c:/st/stm32cubeide_1.7.0/stm32cubeide/plugins/com.st.stm32cube.ide.mcu.externaltools.gnu-tools-for-stm32.9-2020-q2-update.win32_2.0.0.202105311346/tools/bin/../lib/gcc/arm-none-eabi/9.3.1/../../../../arm-none-eabi/lib/thumb/v7e-m+fp/hard/crt0.o
LOAD ./Core/Src/adc.o
LOAD ./Core/Src/buzzer.o
LOAD ./Core/Src/fonts.o
LOAD ./Core/Src/freertos.o
LOAD ./Core/Src/ir_sensor.o
LOAD ./Core/Src/main.o
LOAD ./Core/Src/oled_ops.o
LOAD ./Core/Src/rtc.o
LOAD ./Core/Src/ssd1306.o
LOAD ./Core/Src/stm32f4xx_hal_msp.o
LOAD ./Core/Src/stm32f4xx_hal_timebase_tim.o
LOAD ./Core/Src/stm32f4xx_it.o
LOAD ./Core/Src/syscalls.o
LOAD ./Core/Src/sysmem.o
LOAD ./Core/Src/system_stm32f4xx.o
LOAD ./Core/Src/timer.o
LOAD ./Core/Startup/startup_stm32f411vetx.o
LOAD ./Drivers/STM32F4xx_HAL_Driver/Src/stm32f4xx_hal.o
LOAD ./Drivers/STM32F4xx_HAL_Driver/Src/stm32f4xx_hal_cortex.o
LOAD ./Drivers/STM32F4xx_HAL_Driver/Src/stm32f4xx_hal_dma.o
LOAD ./Drivers/STM32F4xx_HAL_Driver/Src/stm32f4xx_hal_dma_ex.o
LOAD ./Drivers/STM32F4xx_HAL_Driver/Src/stm32f4xx_hal_exti.o
LOAD ./Drivers/STM32F4xx_HAL_Driver/Src/stm32f4xx_hal_flash.o
LOAD ./Drivers/STM32F4xx_HAL_Driver/Src/stm32f4xx_hal_flash_ex.o
LOAD ./Drivers/STM32F4xx_HAL_Driver/Src/stm32f4xx_hal_flash_ramfunc.o
LOAD ./Drivers/STM32F4xx_HAL_Driver/Src/stm32f4xx_hal_gpio.o
LOAD ./Drivers/STM32F4xx_HAL_Driver/Src/stm32f4xx_hal_i2c.o
LOAD ./Drivers/STM32F4xx_HAL_Driver/Src/stm32f4xx_hal_i2c_ex.o
LOAD ./Drivers/STM32F4xx_HAL_Driver/Src/stm32f4xx_hal_pwr.o
LOAD ./Drivers/STM32F4xx_HAL_Driver/Src/stm32f4xx_hal_pwr_ex.o
LOAD ./Drivers/STM32F4xx_HAL_Driver/Src/stm32f4xx_hal_rcc.o
LOAD ./Drivers/STM32F4xx_HAL_Driver/Src/stm32f4xx_hal_rcc_ex.o
LOAD ./Drivers/STM32F4xx_HAL_Driver/Src/stm32f4xx_hal_tim.o
LOAD ./Drivers/STM32F4xx_HAL_Driver/Src/stm32f4xx_hal_tim_ex.o
LOAD ./Middlewares/Third_Party/FreeRTOS/Source/CMSIS_RTOS/cmsis_os.o
LOAD ./Middlewares/Third_Party/FreeRTOS/Source/croutine.o
LOAD ./Middlewares/Third_Party/FreeRTOS/Source/event_groups.o
LOAD ./Middlewares/Third_Party/FreeRTOS/Source/list.o
LOAD ./Middlewares/Third_Party/FreeRTOS/Source/queue.o
LOAD ./Middlewares/Third_Party/FreeRTOS/Source/stream_buffer.o
LOAD ./Middlewares/Third_Party/FreeRTOS/Source/tasks.o
LOAD ./Middlewares/Third_Party/FreeRTOS/Source/timers.o
LOAD ./Middlewares/Third_Party/FreeRTOS/Source/portable/GCC/ARM_CM4F/port.o
LOAD ./Middlewares/Third_Party/FreeRTOS/Source/portable/MemMang/heap_4.o
START GROUP
LOAD c:/st/stm32cubeide_1.7.0/stm32cubeide/plugins/com.st.stm32cube.ide.mcu.externaltools.gnu-tools-for-stm32.9-2020-q2-update.win32_2.0.0.202105311346/tools/bin/../lib/gcc/arm-none-eabi/9.3.1/../../../../arm-none-eabi/lib/thumb/v7e-m+fp/hard\libc_nano.a
LOAD c:/st/stm32cubeide_1.7.0/stm32cubeide/plugins/com.st.stm32cube.ide.mcu.externaltools.gnu-tools-for-stm32.9-2020-q2-update.win32_2.0.0.202105311346/tools/bin/../lib/gcc/arm-none-eabi/9.3.1/../../../../arm-none-eabi/lib/thumb/v7e-m+fp/hard\libm.a
END GROUP
START GROUP
LOAD c:/st/stm32cubeide_1.7.0/stm32cubeide/plugins/com.st.stm32cube.ide.mcu.externaltools.gnu-tools-for-stm32.9-2020-q2-update.win32_2.0.0.202105311346/tools/bin/../lib/gcc/arm-none-eabi/9.3.1/thumb/v7e-m+fp/hard\libgcc.a
LOAD c:/st/stm32cubeide_1.7.0/stm32cubeide/plugins/com.st.stm32cube.ide.mcu.externaltools.gnu-tools-for-stm32.9-2020-q2-update.win32_2.0.0.202105311346/tools/bin/../lib/gcc/arm-none-eabi/9.3.1/../../../../arm-none-eabi/lib/thumb/v7e-m+fp/hard\libc_nano.a
END GROUP
START GROUP
LOAD c:/st/stm32cubeide_1.7.0/stm32cubeide/plugins/com.st.stm32cube.ide.mcu.externaltools.gnu-tools-for-stm32.9-2020-q2-update.win32_2.0.0.202105311346/tools/bin/../lib/gcc/arm-none-eabi/9.3.1/thumb/v7e-m+fp/hard\libgcc.a
LOAD c:/st/stm32cubeide_1.7.0/stm32cubeide/plugins/com.st.stm32cube.ide.mcu.externaltools.gnu-tools-for-stm32.9-2020-q2-update.win32_2.0.0.202105311346/tools/bin/../lib/gcc/arm-none-eabi/9.3.1/../../../../arm-none-eabi/lib/thumb/v7e-m+fp/hard\libc_nano.a
LOAD c:/st/stm32cubeide_1.7.0/stm32cubeide/plugins/com.st.stm32cube.ide.mcu.externaltools.gnu-tools-for-stm32.9-2020-q2-update.win32_2.0.0.202105311346/tools/bin/../lib/gcc/arm-none-eabi/9.3.1/../../../../arm-none-eabi/lib/thumb/v7e-m+fp/hard\libnosys.a
END GROUP
START GROUP
LOAD c:/st/stm32cubeide_1.7.0/stm32cubeide/plugins/com.st.stm32cube.ide.mcu.externaltools.gnu-tools-for-stm32.9-2020-q2-update.win32_2.0.0.202105311346/tools/bin/../lib/gcc/arm-none-eabi/9.3.1/thumb/v7e-m+fp/hard\libgcc.a
LOAD c:/st/stm32cubeide_1.7.0/stm32cubeide/plugins/com.st.stm32cube.ide.mcu.externaltools.gnu-tools-for-stm32.9-2020-q2-update.win32_2.0.0.202105311346/tools/bin/../lib/gcc/arm-none-eabi/9.3.1/../../../../arm-none-eabi/lib/thumb/v7e-m+fp/hard\libc_nano.a
LOAD c:/st/stm32cubeide_1.7.0/stm32cubeide/plugins/com.st.stm32cube.ide.mcu.externaltools.gnu-tools-for-stm32.9-2020-q2-update.win32_2.0.0.202105311346/tools/bin/../lib/gcc/arm-none-eabi/9.3.1/../../../../arm-none-eabi/lib/thumb/v7e-m+fp/hard\libnosys.a
END GROUP
LOAD c:/st/stm32cubeide_1.7.0/stm32cubeide/plugins/com.st.stm32cube.ide.mcu.externaltools.gnu-tools-for-stm32.9-2020-q2-update.win32_2.0.0.202105311346/tools/bin/../lib/gcc/arm-none-eabi/9.3.1/thumb/v7e-m+fp/hard/crtend.o
LOAD c:/st/stm32cubeide_1.7.0/stm32cubeide/plugins/com.st.stm32cube.ide.mcu.externaltools.gnu-tools-for-stm32.9-2020-q2-update.win32_2.0.0.202105311346/tools/bin/../lib/gcc/arm-none-eabi/9.3.1/thumb/v7e-m+fp/hard/crtn.o
                0x0000000020020000                _estack = (ORIGIN (RAM) + LENGTH (RAM))
                0x0000000000000200                _Min_Heap_Size = 0x200
                0x0000000000000400                _Min_Stack_Size = 0x400

.isr_vector     0x0000000008000000      0x198
                0x0000000008000000                . = ALIGN (0x4)
 *(.isr_vector)
 .isr_vector    0x0000000008000000      0x198 ./Core/Startup/startup_stm32f411vetx.o
                0x0000000008000000                g_pfnVectors
                0x0000000008000198                . = ALIGN (0x4)

.text           0x00000000080001a0     0x529c
                0x00000000080001a0                . = ALIGN (0x4)
 *(.text)
 .text          0x00000000080001a0       0x40 c:/st/stm32cubeide_1.7.0/stm32cubeide/plugins/com.st.stm32cube.ide.mcu.externaltools.gnu-tools-for-stm32.9-2020-q2-update.win32_2.0.0.202105311346/tools/bin/../lib/gcc/arm-none-eabi/9.3.1/thumb/v7e-m+fp/hard/crtbegin.o
 .text          0x00000000080001e0       0x30 c:/st/stm32cubeide_1.7.0/stm32cubeide/plugins/com.st.stm32cube.ide.mcu.externaltools.gnu-tools-for-stm32.9-2020-q2-update.win32_2.0.0.202105311346/tools/bin/../lib/gcc/arm-none-eabi/9.3.1/thumb/v7e-m+fp/hard\libgcc.a(_aeabi_uldivmod.o)
                0x00000000080001e0                __aeabi_uldivmod
 .text          0x0000000008000210      0x2c4 c:/st/stm32cubeide_1.7.0/stm32cubeide/plugins/com.st.stm32cube.ide.mcu.externaltools.gnu-tools-for-stm32.9-2020-q2-update.win32_2.0.0.202105311346/tools/bin/../lib/gcc/arm-none-eabi/9.3.1/thumb/v7e-m+fp/hard\libgcc.a(_udivmoddi4.o)
                0x0000000008000210                __udivmoddi4
 .text          0x00000000080004d4        0x4 c:/st/stm32cubeide_1.7.0/stm32cubeide/plugins/com.st.stm32cube.ide.mcu.externaltools.gnu-tools-for-stm32.9-2020-q2-update.win32_2.0.0.202105311346/tools/bin/../lib/gcc/arm-none-eabi/9.3.1/thumb/v7e-m+fp/hard\libgcc.a(_dvmd_tls.o)
                0x00000000080004d4                __aeabi_idiv0
                0x00000000080004d4                __aeabi_ldiv0
 *(.text*)
 .text.__NVIC_EnableIRQ
                0x00000000080004d8       0x3c ./Core/Src/adc.o
 .text.__NVIC_SetPriority
                0x0000000008000514       0x54 ./Core/Src/adc.o
 .text.adc_init
                0x0000000008000568       0x8c ./Core/Src/adc.o
                0x0000000008000568                adc_init
 .text.ADC_IRQHandler
                0x00000000080005f4       0x34 ./Core/Src/adc.o
                0x00000000080005f4                ADC_IRQHandler
 .text.calculate_temperature
                0x0000000008000628      0x398 ./Core/Src/adc.o
                0x0000000008000628                calculate_temperature
 .text.get_temp
                0x00000000080009c0       0x18 ./Core/Src/adc.o
                0x00000000080009c0                get_temp
 .text.vApplicationGetIdleTaskMemory
                0x00000000080009d8       0x34 ./Core/Src/freertos.o
                0x00000000080009d8                vApplicationGetIdleTaskMemory
 .text.ir_init  0x0000000008000a0c       0x84 ./Core/Src/ir_sensor.o
                0x0000000008000a0c                ir_init
 .text.check_ir_sensor
                0x0000000008000a90       0x90 ./Core/Src/ir_sensor.o
                0x0000000008000a90                check_ir_sensor
 .text.return_right_status
                0x0000000008000b20       0x18 ./Core/Src/ir_sensor.o
                0x0000000008000b20                return_right_status
 .text.return_left_status
                0x0000000008000b38       0x18 ./Core/Src/ir_sensor.o
                0x0000000008000b38                return_left_status
 .text.return_both_status
                0x0000000008000b50       0x18 ./Core/Src/ir_sensor.o
                0x0000000008000b50                return_both_status
 .text.main     0x0000000008000b68       0xbc ./Core/Src/main.o
                0x0000000008000b68                main
 .text.SystemClock_Config
                0x0000000008000c24       0xbc ./Core/Src/main.o
                0x0000000008000c24                SystemClock_Config
 .text.MX_I2C1_Init
                0x0000000008000ce0       0x5c ./Core/Src/main.o
 .text.MX_GPIO_Init
                0x0000000008000d3c       0x6c ./Core/Src/main.o
 .text.StartDefaultTask
                0x0000000008000da8        0xa ./Core/Src/main.o
                0x0000000008000da8                StartDefaultTask
 .text.Sense_IR_Entry
                0x0000000008000db2       0x14 ./Core/Src/main.o
                0x0000000008000db2                Sense_IR_Entry
 *fill*         0x0000000008000dc6        0x2 
 .text.display_oled_enter
                0x0000000008000dc8      0x198 ./Core/Src/main.o
                0x0000000008000dc8                display_oled_enter
 .text.HAL_TIM_PeriodElapsedCallback
                0x0000000008000f60       0x24 ./Core/Src/main.o
                0x0000000008000f60                HAL_TIM_PeriodElapsedCallback
 .text.Error_Handler
                0x0000000008000f84        0xa ./Core/Src/main.o
                0x0000000008000f84                Error_Handler
 *fill*         0x0000000008000f8e        0x2 
 .text.Time_Update
                0x0000000008000f90      0x2d4 ./Core/Src/oled_ops.o
                0x0000000008000f90                Time_Update
 .text.rtc_init
                0x0000000008001264      0x140 ./Core/Src/rtc.o
                0x0000000008001264                rtc_init
 .text.RTC_calculate_time
                0x00000000080013a4       0xc0 ./Core/Src/rtc.o
                0x00000000080013a4                RTC_calculate_time
 .text.RTC_calculate_date
                0x0000000008001464       0xa0 ./Core/Src/rtc.o
                0x0000000008001464                RTC_calculate_date
 .text.get_minutes
                0x0000000008001504       0x18 ./Core/Src/rtc.o
                0x0000000008001504                get_minutes
 .text.get_hours
                0x000000000800151c       0x18 ./Core/Src/rtc.o
                0x000000000800151c                get_hours
 .text.get_year
                0x0000000008001534       0x18 ./Core/Src/rtc.o
                0x0000000008001534                get_year
 .text.get_month
                0x000000000800154c       0x18 ./Core/Src/rtc.o
                0x000000000800154c                get_month
 .text.get_day  0x0000000008001564       0x18 ./Core/Src/rtc.o
                0x0000000008001564                get_day
 .text.SSD1306_DrawBitmap
                0x000000000800157c       0xd0 ./Core/Src/ssd1306.o
                0x000000000800157c                SSD1306_DrawBitmap
 .text.SSD1306_Init
                0x000000000800164c      0x188 ./Core/Src/ssd1306.o
                0x000000000800164c                SSD1306_Init
 .text.SSD1306_UpdateScreen
                0x00000000080017d4       0x5c ./Core/Src/ssd1306.o
                0x00000000080017d4                SSD1306_UpdateScreen
 .text.SSD1306_Fill
                0x0000000008001830       0x30 ./Core/Src/ssd1306.o
                0x0000000008001830                SSD1306_Fill
 .text.SSD1306_DrawPixel
                0x0000000008001860       0xc0 ./Core/Src/ssd1306.o
                0x0000000008001860                SSD1306_DrawPixel
 .text.SSD1306_GotoXY
                0x0000000008001920       0x2c ./Core/Src/ssd1306.o
                0x0000000008001920                SSD1306_GotoXY
 .text.SSD1306_Putc
                0x000000000800194c      0x100 ./Core/Src/ssd1306.o
                0x000000000800194c                SSD1306_Putc
 .text.SSD1306_Puts
                0x0000000008001a4c       0x4a ./Core/Src/ssd1306.o
                0x0000000008001a4c                SSD1306_Puts
 .text.SSD1306_Clear
                0x0000000008001a96       0x12 ./Core/Src/ssd1306.o
                0x0000000008001a96                SSD1306_Clear
 .text.ssd1306_I2C_Init
                0x0000000008001aa8       0x2c ./Core/Src/ssd1306.o
                0x0000000008001aa8                ssd1306_I2C_Init
 .text.ssd1306_I2C_WriteMulti
                0x0000000008001ad4       0x90 ./Core/Src/ssd1306.o
                0x0000000008001ad4                ssd1306_I2C_WriteMulti
 .text.ssd1306_I2C_Write
                0x0000000008001b64       0x3c ./Core/Src/ssd1306.o
                0x0000000008001b64                ssd1306_I2C_Write
 .text.HAL_MspInit
                0x0000000008001ba0       0x58 ./Core/Src/stm32f4xx_hal_msp.o
                0x0000000008001ba0                HAL_MspInit
 .text.HAL_I2C_MspInit
                0x0000000008001bf8       0x90 ./Core/Src/stm32f4xx_hal_msp.o
                0x0000000008001bf8                HAL_I2C_MspInit
 .text.HAL_InitTick
                0x0000000008001c88       0xb0 ./Core/Src/stm32f4xx_hal_timebase_tim.o
                0x0000000008001c88                HAL_InitTick
 .text.NMI_Handler
                0x0000000008001d38        0x6 ./Core/Src/stm32f4xx_it.o
                0x0000000008001d38                NMI_Handler
 .text.HardFault_Handler
                0x0000000008001d3e        0x6 ./Core/Src/stm32f4xx_it.o
                0x0000000008001d3e                HardFault_Handler
 .text.MemManage_Handler
                0x0000000008001d44        0x6 ./Core/Src/stm32f4xx_it.o
                0x0000000008001d44                MemManage_Handler
 .text.BusFault_Handler
                0x0000000008001d4a        0x6 ./Core/Src/stm32f4xx_it.o
                0x0000000008001d4a                BusFault_Handler
 .text.UsageFault_Handler
                0x0000000008001d50        0x6 ./Core/Src/stm32f4xx_it.o
                0x0000000008001d50                UsageFault_Handler
 .text.DebugMon_Handler
                0x0000000008001d56        0xe ./Core/Src/stm32f4xx_it.o
                0x0000000008001d56                DebugMon_Handler
 .text.TIM4_IRQHandler
                0x0000000008001d64       0x14 ./Core/Src/stm32f4xx_it.o
                0x0000000008001d64                TIM4_IRQHandler
 .text.SystemInit
                0x0000000008001d78       0x24 ./Core/Src/system_stm32f4xx.o
                0x0000000008001d78                SystemInit
 .text.__NVIC_EnableIRQ
                0x0000000008001d9c       0x3c ./Core/Src/timer.o
 .text.BM_TIM2_Init
                0x0000000008001dd8       0x50 ./Core/Src/timer.o
                0x0000000008001dd8                BM_TIM2_Init
 .text.TIM2_IRQHandler
                0x0000000008001e28       0x2c ./Core/Src/timer.o
                0x0000000008001e28                TIM2_IRQHandler
 .text.Start_Timer
                0x0000000008001e54       0x28 ./Core/Src/timer.o
                0x0000000008001e54                Start_Timer
 .text.get_timer_Count
                0x0000000008001e7c       0x18 ./Core/Src/timer.o
                0x0000000008001e7c                get_timer_Count
 .text.Reset_Handler
                0x0000000008001e94       0x50 ./Core/Startup/startup_stm32f411vetx.o
                0x0000000008001e94                Reset_Handler
 .text.Default_Handler
                0x0000000008001ee4        0x2 ./Core/Startup/startup_stm32f411vetx.o
                0x0000000008001ee4                RTC_Alarm_IRQHandler
                0x0000000008001ee4                EXTI2_IRQHandler
                0x0000000008001ee4                SPI4_IRQHandler
                0x0000000008001ee4                TIM1_CC_IRQHandler
                0x0000000008001ee4                DMA2_Stream5_IRQHandler
                0x0000000008001ee4                DMA1_Stream5_IRQHandler
                0x0000000008001ee4                PVD_IRQHandler
                0x0000000008001ee4                SDIO_IRQHandler
                0x0000000008001ee4                TAMP_STAMP_IRQHandler
                0x0000000008001ee4                EXTI3_IRQHandler
                0x0000000008001ee4                TIM1_UP_TIM10_IRQHandler
                0x0000000008001ee4                I2C3_ER_IRQHandler
                0x0000000008001ee4                EXTI0_IRQHandler
                0x0000000008001ee4                I2C2_EV_IRQHandler
                0x0000000008001ee4                DMA1_Stream2_IRQHandler
                0x0000000008001ee4                FPU_IRQHandler
                0x0000000008001ee4                DMA2_Stream2_IRQHandler
                0x0000000008001ee4                SPI1_IRQHandler
                0x0000000008001ee4                TIM1_BRK_TIM9_IRQHandler
                0x0000000008001ee4                DMA2_Stream3_IRQHandler
                0x0000000008001ee4                USART6_IRQHandler
                0x0000000008001ee4                DMA2_Stream0_IRQHandler
                0x0000000008001ee4                I2C1_EV_IRQHandler
                0x0000000008001ee4                DMA1_Stream6_IRQHandler
                0x0000000008001ee4                DMA1_Stream1_IRQHandler
                0x0000000008001ee4                TIM3_IRQHandler
                0x0000000008001ee4                RCC_IRQHandler
                0x0000000008001ee4                Default_Handler
                0x0000000008001ee4                EXTI15_10_IRQHandler
                0x0000000008001ee4                DMA1_Stream7_IRQHandler
                0x0000000008001ee4                SPI5_IRQHandler
                0x0000000008001ee4                TIM5_IRQHandler
                0x0000000008001ee4                DMA2_Stream7_IRQHandler
                0x0000000008001ee4                I2C3_EV_IRQHandler
                0x0000000008001ee4                EXTI9_5_IRQHandler
                0x0000000008001ee4                RTC_WKUP_IRQHandler
                0x0000000008001ee4                SPI2_IRQHandler
                0x0000000008001ee4                DMA1_Stream0_IRQHandler
                0x0000000008001ee4                EXTI4_IRQHandler
                0x0000000008001ee4                WWDG_IRQHandler
                0x0000000008001ee4                OTG_FS_WKUP_IRQHandler
                0x0000000008001ee4                TIM1_TRG_COM_TIM11_IRQHandler
                0x0000000008001ee4                EXTI1_IRQHandler
                0x0000000008001ee4                USART2_IRQHandler
                0x0000000008001ee4                I2C2_ER_IRQHandler
                0x0000000008001ee4                DMA2_Stream1_IRQHandler
                0x0000000008001ee4                FLASH_IRQHandler
                0x0000000008001ee4                DMA2_Stream4_IRQHandler
                0x0000000008001ee4                USART1_IRQHandler
                0x0000000008001ee4                OTG_FS_IRQHandler
                0x0000000008001ee4                SPI3_IRQHandler
                0x0000000008001ee4                DMA1_Stream4_IRQHandler
                0x0000000008001ee4                I2C1_ER_IRQHandler
                0x0000000008001ee4                DMA2_Stream6_IRQHandler
                0x0000000008001ee4                DMA1_Stream3_IRQHandler
 *fill*         0x0000000008001ee6        0x2 
 .text.HAL_Init
                0x0000000008001ee8       0x44 ./Drivers/STM32F4xx_HAL_Driver/Src/stm32f4xx_hal.o
                0x0000000008001ee8                HAL_Init
 .text.HAL_IncTick
                0x0000000008001f2c       0x28 ./Drivers/STM32F4xx_HAL_Driver/Src/stm32f4xx_hal.o
                0x0000000008001f2c                HAL_IncTick
 .text.HAL_GetTick
                0x0000000008001f54       0x18 ./Drivers/STM32F4xx_HAL_Driver/Src/stm32f4xx_hal.o
                0x0000000008001f54                HAL_GetTick
 .text.__NVIC_SetPriorityGrouping
                0x0000000008001f6c       0x48 ./Drivers/STM32F4xx_HAL_Driver/Src/stm32f4xx_hal_cortex.o
 .text.__NVIC_GetPriorityGrouping
                0x0000000008001fb4       0x1c ./Drivers/STM32F4xx_HAL_Driver/Src/stm32f4xx_hal_cortex.o
 .text.__NVIC_EnableIRQ
                0x0000000008001fd0       0x3c ./Drivers/STM32F4xx_HAL_Driver/Src/stm32f4xx_hal_cortex.o
 .text.__NVIC_SetPriority
                0x000000000800200c       0x54 ./Drivers/STM32F4xx_HAL_Driver/Src/stm32f4xx_hal_cortex.o
 .text.NVIC_EncodePriority
                0x0000000008002060       0x66 ./Drivers/STM32F4xx_HAL_Driver/Src/stm32f4xx_hal_cortex.o
 .text.HAL_NVIC_SetPriorityGrouping
                0x00000000080020c6       0x16 ./Drivers/STM32F4xx_HAL_Driver/Src/stm32f4xx_hal_cortex.o
                0x00000000080020c6                HAL_NVIC_SetPriorityGrouping
 .text.HAL_NVIC_SetPriority
                0x00000000080020dc       0x38 ./Drivers/STM32F4xx_HAL_Driver/Src/stm32f4xx_hal_cortex.o
                0x00000000080020dc                HAL_NVIC_SetPriority
 .text.HAL_NVIC_EnableIRQ
                0x0000000008002114       0x1c ./Drivers/STM32F4xx_HAL_Driver/Src/stm32f4xx_hal_cortex.o
                0x0000000008002114                HAL_NVIC_EnableIRQ
 .text.HAL_GPIO_Init
                0x0000000008002130      0x308 ./Drivers/STM32F4xx_HAL_Driver/Src/stm32f4xx_hal_gpio.o
                0x0000000008002130                HAL_GPIO_Init
 .text.HAL_I2C_Init
                0x0000000008002438      0x288 ./Drivers/STM32F4xx_HAL_Driver/Src/stm32f4xx_hal_i2c.o
                0x0000000008002438                HAL_I2C_Init
 .text.HAL_I2C_Master_Transmit
                0x00000000080026c0      0x1fc ./Drivers/STM32F4xx_HAL_Driver/Src/stm32f4xx_hal_i2c.o
                0x00000000080026c0                HAL_I2C_Master_Transmit
 .text.HAL_I2C_IsDeviceReady
                0x00000000080028bc      0x25c ./Drivers/STM32F4xx_HAL_Driver/Src/stm32f4xx_hal_i2c.o
                0x00000000080028bc                HAL_I2C_IsDeviceReady
 .text.I2C_MasterRequestWrite
                0x0000000008002b18      0x104 ./Drivers/STM32F4xx_HAL_Driver/Src/stm32f4xx_hal_i2c.o
 .text.I2C_WaitOnFlagUntilTimeout
                0x0000000008002c1c       0xae ./Drivers/STM32F4xx_HAL_Driver/Src/stm32f4xx_hal_i2c.o
 .text.I2C_WaitOnMasterAddressFlagUntilTimeout
                0x0000000008002cca       0xfe ./Drivers/STM32F4xx_HAL_Driver/Src/stm32f4xx_hal_i2c.o
 .text.I2C_WaitOnTXEFlagUntilTimeout
                0x0000000008002dc8       0x82 ./Drivers/STM32F4xx_HAL_Driver/Src/stm32f4xx_hal_i2c.o
 .text.I2C_WaitOnBTFFlagUntilTimeout
                0x0000000008002e4a       0x82 ./Drivers/STM32F4xx_HAL_Driver/Src/stm32f4xx_hal_i2c.o
 .text.I2C_IsAcknowledgeFailed
                0x0000000008002ecc       0x5e ./Drivers/STM32F4xx_HAL_Driver/Src/stm32f4xx_hal_i2c.o
 *fill*         0x0000000008002f2a        0x2 
 .text.HAL_RCC_OscConfig
                0x0000000008002f2c      0x4f0 ./Drivers/STM32F4xx_HAL_Driver/Src/stm32f4xx_hal_rcc.o
                0x0000000008002f2c                HAL_RCC_OscConfig
 .text.HAL_RCC_ClockConfig
                0x000000000800341c      0x1cc ./Drivers/STM32F4xx_HAL_Driver/Src/stm32f4xx_hal_rcc.o
                0x000000000800341c                HAL_RCC_ClockConfig
 .text.HAL_RCC_GetSysClockFreq
                0x00000000080035e8      0x1c4 ./Drivers/STM32F4xx_HAL_Driver/Src/stm32f4xx_hal_rcc.o
                0x00000000080035e8                HAL_RCC_GetSysClockFreq
 .text.HAL_RCC_GetHCLKFreq
                0x00000000080037ac       0x18 ./Drivers/STM32F4xx_HAL_Driver/Src/stm32f4xx_hal_rcc.o
                0x00000000080037ac                HAL_RCC_GetHCLKFreq
 .text.HAL_RCC_GetPCLK1Freq
                0x00000000080037c4       0x28 ./Drivers/STM32F4xx_HAL_Driver/Src/stm32f4xx_hal_rcc.o
                0x00000000080037c4                HAL_RCC_GetPCLK1Freq
 .text.HAL_RCC_GetClockConfig
                0x00000000080037ec       0x64 ./Drivers/STM32F4xx_HAL_Driver/Src/stm32f4xx_hal_rcc.o
                0x00000000080037ec                HAL_RCC_GetClockConfig
 .text.HAL_TIM_Base_Init
                0x0000000008003850       0x9e ./Drivers/STM32F4xx_HAL_Driver/Src/stm32f4xx_hal_tim.o
                0x0000000008003850                HAL_TIM_Base_Init
 .text.HAL_TIM_Base_MspInit
                0x00000000080038ee       0x14 ./Drivers/STM32F4xx_HAL_Driver/Src/stm32f4xx_hal_tim.o
                0x00000000080038ee                HAL_TIM_Base_MspInit
 *fill*         0x0000000008003902        0x2 
 .text.HAL_TIM_Base_Start_IT
                0x0000000008003904       0xc4 ./Drivers/STM32F4xx_HAL_Driver/Src/stm32f4xx_hal_tim.o
                0x0000000008003904                HAL_TIM_Base_Start_IT
 .text.HAL_TIM_IRQHandler
                0x00000000080039c8      0x210 ./Drivers/STM32F4xx_HAL_Driver/Src/stm32f4xx_hal_tim.o
                0x00000000080039c8                HAL_TIM_IRQHandler
 .text.HAL_TIM_OC_DelayElapsedCallback
                0x0000000008003bd8       0x14 ./Drivers/STM32F4xx_HAL_Driver/Src/stm32f4xx_hal_tim.o
                0x0000000008003bd8                HAL_TIM_OC_DelayElapsedCallback
 .text.HAL_TIM_IC_CaptureCallback
                0x0000000008003bec       0x14 ./Drivers/STM32F4xx_HAL_Driver/Src/stm32f4xx_hal_tim.o
                0x0000000008003bec                HAL_TIM_IC_CaptureCallback
 .text.HAL_TIM_PWM_PulseFinishedCallback
                0x0000000008003c00       0x14 ./Drivers/STM32F4xx_HAL_Driver/Src/stm32f4xx_hal_tim.o
                0x0000000008003c00                HAL_TIM_PWM_PulseFinishedCallback
 .text.HAL_TIM_TriggerCallback
                0x0000000008003c14       0x14 ./Drivers/STM32F4xx_HAL_Driver/Src/stm32f4xx_hal_tim.o
                0x0000000008003c14                HAL_TIM_TriggerCallback
 .text.TIM_Base_SetConfig
                0x0000000008003c28      0x100 ./Drivers/STM32F4xx_HAL_Driver/Src/stm32f4xx_hal_tim.o
                0x0000000008003c28                TIM_Base_SetConfig
 .text.HAL_TIMEx_CommutCallback
                0x0000000008003d28       0x14 ./Drivers/STM32F4xx_HAL_Driver/Src/stm32f4xx_hal_tim_ex.o
                0x0000000008003d28                HAL_TIMEx_CommutCallback
 .text.HAL_TIMEx_BreakCallback
                0x0000000008003d3c       0x14 ./Drivers/STM32F4xx_HAL_Driver/Src/stm32f4xx_hal_tim_ex.o
                0x0000000008003d3c                HAL_TIMEx_BreakCallback
 .text.makeFreeRtosPriority
                0x0000000008003d50       0x30 ./Middlewares/Third_Party/FreeRTOS/Source/CMSIS_RTOS/cmsis_os.o
 .text.osKernelStart
                0x0000000008003d80        0xe ./Middlewares/Third_Party/FreeRTOS/Source/CMSIS_RTOS/cmsis_os.o
                0x0000000008003d80                osKernelStart
 .text.osThreadCreate
                0x0000000008003d8e       0x98 ./Middlewares/Third_Party/FreeRTOS/Source/CMSIS_RTOS/cmsis_os.o
                0x0000000008003d8e                osThreadCreate
 .text.osDelay  0x0000000008003e26       0x28 ./Middlewares/Third_Party/FreeRTOS/Source/CMSIS_RTOS/cmsis_os.o
                0x0000000008003e26                osDelay
 .text.vListInitialise
                0x0000000008003e4e       0x40 ./Middlewares/Third_Party/FreeRTOS/Source/list.o
                0x0000000008003e4e                vListInitialise
 .text.vListInitialiseItem
                0x0000000008003e8e       0x1a ./Middlewares/Third_Party/FreeRTOS/Source/list.o
                0x0000000008003e8e                vListInitialiseItem
 .text.vListInsertEnd
                0x0000000008003ea8       0x48 ./Middlewares/Third_Party/FreeRTOS/Source/list.o
                0x0000000008003ea8                vListInsertEnd
 .text.vListInsert
                0x0000000008003ef0       0x72 ./Middlewares/Third_Party/FreeRTOS/Source/list.o
                0x0000000008003ef0                vListInsert
 .text.uxListRemove
                0x0000000008003f62       0x54 ./Middlewares/Third_Party/FreeRTOS/Source/list.o
                0x0000000008003f62                uxListRemove
 .text.xTaskCreateStatic
                0x0000000008003fb6       0xba ./Middlewares/Third_Party/FreeRTOS/Source/tasks.o
                0x0000000008003fb6                xTaskCreateStatic
 .text.xTaskCreate
                0x0000000008004070       0x8a ./Middlewares/Third_Party/FreeRTOS/Source/tasks.o
                0x0000000008004070                xTaskCreate
 *fill*         0x00000000080040fa        0x2 
 .text.prvInitialiseNewTask
                0x00000000080040fc      0x13c ./Middlewares/Third_Party/FreeRTOS/Source/tasks.o
 .text.prvAddNewTaskToReadyList
                0x0000000008004238       0xd4 ./Middlewares/Third_Party/FreeRTOS/Source/tasks.o
 .text.vTaskDelay
                0x000000000800430c       0x68 ./Middlewares/Third_Party/FreeRTOS/Source/tasks.o
                0x000000000800430c                vTaskDelay
 .text.vTaskStartScheduler
                0x0000000008004374       0xd4 ./Middlewares/Third_Party/FreeRTOS/Source/tasks.o
                0x0000000008004374                vTaskStartScheduler
 .text.vTaskSuspendAll
                0x0000000008004448       0x1c ./Middlewares/Third_Party/FreeRTOS/Source/tasks.o
                0x0000000008004448                vTaskSuspendAll
 .text.xTaskResumeAll
                0x0000000008004464      0x138 ./Middlewares/Third_Party/FreeRTOS/Source/tasks.o
                0x0000000008004464                xTaskResumeAll
 .text.xTaskIncrementTick
                0x000000000800459c      0x170 ./Middlewares/Third_Party/FreeRTOS/Source/tasks.o
                0x000000000800459c                xTaskIncrementTick
 .text.vTaskSwitchContext
                0x000000000800470c       0xc4 ./Middlewares/Third_Party/FreeRTOS/Source/tasks.o
                0x000000000800470c                vTaskSwitchContext
 .text.prvIdleTask
                0x00000000080047d0       0x30 ./Middlewares/Third_Party/FreeRTOS/Source/tasks.o
 .text.prvInitialiseTaskLists
                0x0000000008004800       0x80 ./Middlewares/Third_Party/FreeRTOS/Source/tasks.o
 .text.prvCheckTasksWaitingTermination
                0x0000000008004880       0x5c ./Middlewares/Third_Party/FreeRTOS/Source/tasks.o
 .text.prvDeleteTCB
                0x00000000080048dc       0x68 ./Middlewares/Third_Party/FreeRTOS/Source/tasks.o
 .text.prvResetNextTaskUnblockTime
                0x0000000008004944       0x40 ./Middlewares/Third_Party/FreeRTOS/Source/tasks.o
 .text.prvAddCurrentTaskToDelayedList
                0x0000000008004984       0xcc ./Middlewares/Third_Party/FreeRTOS/Source/tasks.o
 .text.pxPortInitialiseStack
                0x0000000008004a50       0x68 ./Middlewares/Third_Party/FreeRTOS/Source/portable/GCC/ARM_CM4F/port.o
                0x0000000008004a50                pxPortInitialiseStack
 .text.prvTaskExitError
                0x0000000008004ab8       0x58 ./Middlewares/Third_Party/FreeRTOS/Source/portable/GCC/ARM_CM4F/port.o
 .text.SVC_Handler
                0x0000000008004b10       0x28 ./Middlewares/Third_Party/FreeRTOS/Source/portable/GCC/ARM_CM4F/port.o
                0x0000000008004b10                SVC_Handler
 .text.prvPortStartFirstTask
                0x0000000008004b38       0x28 ./Middlewares/Third_Party/FreeRTOS/Source/portable/GCC/ARM_CM4F/port.o
 .text.xPortStartScheduler
                0x0000000008004b60      0x144 ./Middlewares/Third_Party/FreeRTOS/Source/portable/GCC/ARM_CM4F/port.o
                0x0000000008004b60                xPortStartScheduler
 .text.vPortEnterCritical
                0x0000000008004ca4       0x60 ./Middlewares/Third_Party/FreeRTOS/Source/portable/GCC/ARM_CM4F/port.o
                0x0000000008004ca4                vPortEnterCritical
 .text.vPortExitCritical
                0x0000000008004d04       0x54 ./Middlewares/Third_Party/FreeRTOS/Source/portable/GCC/ARM_CM4F/port.o
                0x0000000008004d04                vPortExitCritical
 *fill*         0x0000000008004d58        0x8 
 .text.PendSV_Handler
                0x0000000008004d60       0x68 ./Middlewares/Third_Party/FreeRTOS/Source/portable/GCC/ARM_CM4F/port.o
                0x0000000008004d60                PendSV_Handler
 .text.SysTick_Handler
                0x0000000008004dc8       0x44 ./Middlewares/Third_Party/FreeRTOS/Source/portable/GCC/ARM_CM4F/port.o
                0x0000000008004dc8                SysTick_Handler
 .text.vPortSetupTimerInterrupt
                0x0000000008004e0c       0x48 ./Middlewares/Third_Party/FreeRTOS/Source/portable/GCC/ARM_CM4F/port.o
                0x0000000008004e0c                vPortSetupTimerInterrupt
 .text.vPortEnableVFP
                0x0000000008004e54       0x14 ./Middlewares/Third_Party/FreeRTOS/Source/portable/GCC/ARM_CM4F/port.o
 .text.pvPortMalloc
                0x0000000008004e68      0x198 ./Middlewares/Third_Party/FreeRTOS/Source/portable/MemMang/heap_4.o
                0x0000000008004e68                pvPortMalloc
 .text.vPortFree
                0x0000000008005000       0xc4 ./Middlewares/Third_Party/FreeRTOS/Source/portable/MemMang/heap_4.o
                0x0000000008005000                vPortFree
 .text.prvHeapInit
                0x00000000080050c4       0xc4 ./Middlewares/Third_Party/FreeRTOS/Source/portable/MemMang/heap_4.o
 .text.prvInsertBlockIntoFreeList
                0x0000000008005188       0xb4 ./Middlewares/Third_Party/FreeRTOS/Source/portable/MemMang/heap_4.o
 .text.__libc_init_array
                0x000000000800523c       0x48 c:/st/stm32cubeide_1.7.0/stm32cubeide/plugins/com.st.stm32cube.ide.mcu.externaltools.gnu-tools-for-stm32.9-2020-q2-update.win32_2.0.0.202105311346/tools/bin/../lib/gcc/arm-none-eabi/9.3.1/../../../../arm-none-eabi/lib/thumb/v7e-m+fp/hard\libc_nano.a(lib_a-init.o)
                0x000000000800523c                __libc_init_array
 .text.__retarget_lock_acquire_recursive
                0x0000000008005284        0x2 c:/st/stm32cubeide_1.7.0/stm32cubeide/plugins/com.st.stm32cube.ide.mcu.externaltools.gnu-tools-for-stm32.9-2020-q2-update.win32_2.0.0.202105311346/tools/bin/../lib/gcc/arm-none-eabi/9.3.1/../../../../arm-none-eabi/lib/thumb/v7e-m+fp/hard\libc_nano.a(lib_a-lock.o)
                0x0000000008005284                __retarget_lock_acquire_recursive
 .text.__retarget_lock_release_recursive
                0x0000000008005286        0x2 c:/st/stm32cubeide_1.7.0/stm32cubeide/plugins/com.st.stm32cube.ide.mcu.externaltools.gnu-tools-for-stm32.9-2020-q2-update.win32_2.0.0.202105311346/tools/bin/../lib/gcc/arm-none-eabi/9.3.1/../../../../arm-none-eabi/lib/thumb/v7e-m+fp/hard\libc_nano.a(lib_a-lock.o)
                0x0000000008005286                __retarget_lock_release_recursive
 .text.memset   0x0000000008005288       0x10 c:/st/stm32cubeide_1.7.0/stm32cubeide/plugins/com.st.stm32cube.ide.mcu.externaltools.gnu-tools-for-stm32.9-2020-q2-update.win32_2.0.0.202105311346/tools/bin/../lib/gcc/arm-none-eabi/9.3.1/../../../../arm-none-eabi/lib/thumb/v7e-m+fp/hard\libc_nano.a(lib_a-memset.o)
                0x0000000008005288                memset
 .text.cleanup_glue
                0x0000000008005298       0x1a c:/st/stm32cubeide_1.7.0/stm32cubeide/plugins/com.st.stm32cube.ide.mcu.externaltools.gnu-tools-for-stm32.9-2020-q2-update.win32_2.0.0.202105311346/tools/bin/../lib/gcc/arm-none-eabi/9.3.1/../../../../arm-none-eabi/lib/thumb/v7e-m+fp/hard\libc_nano.a(lib_a-reent.o)
                0x0000000008005298                cleanup_glue
 *fill*         0x00000000080052b2        0x2 
 .text._reclaim_reent
                0x00000000080052b4       0xb8 c:/st/stm32cubeide_1.7.0/stm32cubeide/plugins/com.st.stm32cube.ide.mcu.externaltools.gnu-tools-for-stm32.9-2020-q2-update.win32_2.0.0.202105311346/tools/bin/../lib/gcc/arm-none-eabi/9.3.1/../../../../arm-none-eabi/lib/thumb/v7e-m+fp/hard\libc_nano.a(lib_a-reent.o)
                0x00000000080052b4                _reclaim_reent
 .text.__malloc_lock
                0x000000000800536c        0xc c:/st/stm32cubeide_1.7.0/stm32cubeide/plugins/com.st.stm32cube.ide.mcu.externaltools.gnu-tools-for-stm32.9-2020-q2-update.win32_2.0.0.202105311346/tools/bin/../lib/gcc/arm-none-eabi/9.3.1/../../../../arm-none-eabi/lib/thumb/v7e-m+fp/hard\libc_nano.a(lib_a-mlock.o)
                0x000000000800536c                __malloc_lock
 .text.__malloc_unlock
                0x0000000008005378        0xc c:/st/stm32cubeide_1.7.0/stm32cubeide/plugins/com.st.stm32cube.ide.mcu.externaltools.gnu-tools-for-stm32.9-2020-q2-update.win32_2.0.0.202105311346/tools/bin/../lib/gcc/arm-none-eabi/9.3.1/../../../../arm-none-eabi/lib/thumb/v7e-m+fp/hard\libc_nano.a(lib_a-mlock.o)
                0x0000000008005378                __malloc_unlock
 .text._free_r  0x0000000008005384       0xa0 c:/st/stm32cubeide_1.7.0/stm32cubeide/plugins/com.st.stm32cube.ide.mcu.externaltools.gnu-tools-for-stm32.9-2020-q2-update.win32_2.0.0.202105311346/tools/bin/../lib/gcc/arm-none-eabi/9.3.1/../../../../arm-none-eabi/lib/thumb/v7e-m+fp/hard\libc_nano.a(lib_a-nano-freer.o)
                0x0000000008005384                _free_r
 *(.glue_7)
 .glue_7        0x0000000008005424        0x0 linker stubs
 *(.glue_7t)
 .glue_7t       0x0000000008005424        0x0 linker stubs
 *(.eh_frame)
 .eh_frame      0x0000000008005424        0x0 c:/st/stm32cubeide_1.7.0/stm32cubeide/plugins/com.st.stm32cube.ide.mcu.externaltools.gnu-tools-for-stm32.9-2020-q2-update.win32_2.0.0.202105311346/tools/bin/../lib/gcc/arm-none-eabi/9.3.1/thumb/v7e-m+fp/hard/crtbegin.o
 *(.init)
 .init          0x0000000008005424        0x4 c:/st/stm32cubeide_1.7.0/stm32cubeide/plugins/com.st.stm32cube.ide.mcu.externaltools.gnu-tools-for-stm32.9-2020-q2-update.win32_2.0.0.202105311346/tools/bin/../lib/gcc/arm-none-eabi/9.3.1/thumb/v7e-m+fp/hard/crti.o
                0x0000000008005424                _init
 .init          0x0000000008005428        0x8 c:/st/stm32cubeide_1.7.0/stm32cubeide/plugins/com.st.stm32cube.ide.mcu.externaltools.gnu-tools-for-stm32.9-2020-q2-update.win32_2.0.0.202105311346/tools/bin/../lib/gcc/arm-none-eabi/9.3.1/thumb/v7e-m+fp/hard/crtn.o
 *(.fini)
 .fini          0x0000000008005430        0x4 c:/st/stm32cubeide_1.7.0/stm32cubeide/plugins/com.st.stm32cube.ide.mcu.externaltools.gnu-tools-for-stm32.9-2020-q2-update.win32_2.0.0.202105311346/tools/bin/../lib/gcc/arm-none-eabi/9.3.1/thumb/v7e-m+fp/hard/crti.o
                0x0000000008005430                _fini
 .fini          0x0000000008005434        0x8 c:/st/stm32cubeide_1.7.0/stm32cubeide/plugins/com.st.stm32cube.ide.mcu.externaltools.gnu-tools-for-stm32.9-2020-q2-update.win32_2.0.0.202105311346/tools/bin/../lib/gcc/arm-none-eabi/9.3.1/thumb/v7e-m+fp/hard/crtn.o
                0x000000000800543c                . = ALIGN (0x4)
                0x000000000800543c                _etext = .

.vfp11_veneer   0x000000000800543c        0x0
 .vfp11_veneer  0x000000000800543c        0x0 linker stubs

.v4_bx          0x000000000800543c        0x0
 .v4_bx         0x000000000800543c        0x0 linker stubs

.iplt           0x000000000800543c        0x0
 .iplt          0x000000000800543c        0x0 c:/st/stm32cubeide_1.7.0/stm32cubeide/plugins/com.st.stm32cube.ide.mcu.externaltools.gnu-tools-for-stm32.9-2020-q2-update.win32_2.0.0.202105311346/tools/bin/../lib/gcc/arm-none-eabi/9.3.1/thumb/v7e-m+fp/hard/crtbegin.o

.rodata         0x000000000800543c     0x1bb4
                0x000000000800543c                . = ALIGN (0x4)
 *(.rodata)
 .rodata        0x000000000800543c       0x7c ./Core/Src/main.o
 .rodata        0x00000000080054b8        0x5 ./Middlewares/Third_Party/FreeRTOS/Source/tasks.o
 *(.rodata*)
 *fill*         0x00000000080054bd        0x3 
 .rodata.Font7x10
                0x00000000080054c0      0x76c ./Core/Src/fonts.o
                0x00000000080054c0                Font7x10
 .rodata.Font16x26
                0x0000000008005c2c     0x134c ./Core/Src/fonts.o
                0x0000000008005c2c                Font16x26
 .rodata.AHBPrescTable
                0x0000000008006f78       0x10 ./Core/Src/system_stm32f4xx.o
                0x0000000008006f78                AHBPrescTable
 .rodata.APBPrescTable
                0x0000000008006f88        0x8 ./Core/Src/system_stm32f4xx.o
                0x0000000008006f88                APBPrescTable
 .rodata.__sf_fake_stderr
                0x0000000008006f90       0x20 c:/st/stm32cubeide_1.7.0/stm32cubeide/plugins/com.st.stm32cube.ide.mcu.externaltools.gnu-tools-for-stm32.9-2020-q2-update.win32_2.0.0.202105311346/tools/bin/../lib/gcc/arm-none-eabi/9.3.1/../../../../arm-none-eabi/lib/thumb/v7e-m+fp/hard\libc_nano.a(lib_a-findfp.o)
                0x0000000008006f90                __sf_fake_stderr
 .rodata.__sf_fake_stdin
                0x0000000008006fb0       0x20 c:/st/stm32cubeide_1.7.0/stm32cubeide/plugins/com.st.stm32cube.ide.mcu.externaltools.gnu-tools-for-stm32.9-2020-q2-update.win32_2.0.0.202105311346/tools/bin/../lib/gcc/arm-none-eabi/9.3.1/../../../../arm-none-eabi/lib/thumb/v7e-m+fp/hard\libc_nano.a(lib_a-findfp.o)
                0x0000000008006fb0                __sf_fake_stdin
 .rodata.__sf_fake_stdout
                0x0000000008006fd0       0x20 c:/st/stm32cubeide_1.7.0/stm32cubeide/plugins/com.st.stm32cube.ide.mcu.externaltools.gnu-tools-for-stm32.9-2020-q2-update.win32_2.0.0.202105311346/tools/bin/../lib/gcc/arm-none-eabi/9.3.1/../../../../arm-none-eabi/lib/thumb/v7e-m+fp/hard\libc_nano.a(lib_a-findfp.o)
                0x0000000008006fd0                __sf_fake_stdout
                0x0000000008006ff0                . = ALIGN (0x4)

.ARM.extab      0x0000000008006ff0        0x0
                0x0000000008006ff0                . = ALIGN (0x4)
 *(.ARM.extab* .gnu.linkonce.armextab.*)
                0x0000000008006ff0                . = ALIGN (0x4)

.ARM            0x0000000008006ff0        0x8
                0x0000000008006ff0                . = ALIGN (0x4)
                0x0000000008006ff0                __exidx_start = .
 *(.ARM.exidx*)
 .ARM.exidx     0x0000000008006ff0        0x8 c:/st/stm32cubeide_1.7.0/stm32cubeide/plugins/com.st.stm32cube.ide.mcu.externaltools.gnu-tools-for-stm32.9-2020-q2-update.win32_2.0.0.202105311346/tools/bin/../lib/gcc/arm-none-eabi/9.3.1/thumb/v7e-m+fp/hard\libgcc.a(_udivmoddi4.o)
                0x0000000008006ff8                __exidx_end = .
                0x0000000008006ff8                . = ALIGN (0x4)

.rel.dyn        0x0000000008006ff8        0x0
 .rel.iplt      0x0000000008006ff8        0x0 c:/st/stm32cubeide_1.7.0/stm32cubeide/plugins/com.st.stm32cube.ide.mcu.externaltools.gnu-tools-for-stm32.9-2020-q2-update.win32_2.0.0.202105311346/tools/bin/../lib/gcc/arm-none-eabi/9.3.1/thumb/v7e-m+fp/hard/crtbegin.o

.preinit_array  0x0000000008006ff8        0x0
                0x0000000008006ff8                . = ALIGN (0x4)
                0x0000000008006ff8                PROVIDE (__preinit_array_start = .)
 *(.preinit_array*)
                0x0000000008006ff8                PROVIDE (__preinit_array_end = .)
                0x0000000008006ff8                . = ALIGN (0x4)

.init_array     0x0000000008006ff8        0x4
                0x0000000008006ff8                . = ALIGN (0x4)
                0x0000000008006ff8                PROVIDE (__init_array_start = .)
 *(SORT_BY_NAME(.init_array.*))
 *(.init_array*)
 .init_array    0x0000000008006ff8        0x4 c:/st/stm32cubeide_1.7.0/stm32cubeide/plugins/com.st.stm32cube.ide.mcu.externaltools.gnu-tools-for-stm32.9-2020-q2-update.win32_2.0.0.202105311346/tools/bin/../lib/gcc/arm-none-eabi/9.3.1/thumb/v7e-m+fp/hard/crtbegin.o
                0x0000000008006ffc                PROVIDE (__init_array_end = .)
                0x0000000008006ffc                . = ALIGN (0x4)

.fini_array     0x0000000008006ffc        0x4
                0x0000000008006ffc                . = ALIGN (0x4)
                [!provide]                        PROVIDE (__fini_array_start = .)
 *(SORT_BY_NAME(.fini_array.*))
 *(.fini_array*)
 .fini_array    0x0000000008006ffc        0x4 c:/st/stm32cubeide_1.7.0/stm32cubeide/plugins/com.st.stm32cube.ide.mcu.externaltools.gnu-tools-for-stm32.9-2020-q2-update.win32_2.0.0.202105311346/tools/bin/../lib/gcc/arm-none-eabi/9.3.1/thumb/v7e-m+fp/hard/crtbegin.o
                [!provide]                        PROVIDE (__fini_array_end = .)
                0x0000000008007000                . = ALIGN (0x4)
                0x0000000008007000                _sidata = LOADADDR (.data)

.data           0x0000000020000000      0xc98 load address 0x0000000008007000
                0x0000000020000000                . = ALIGN (0x4)
                0x0000000020000000                _sdata = .
 *(.data)
 *(.data*)
 .data.Font_7x10
                0x0000000020000000        0x8 ./Core/Src/fonts.o
                0x0000000020000000                Font_7x10
 .data.Font_16x26
                0x0000000020000008        0x8 ./Core/Src/fonts.o
                0x0000000020000008                Font_16x26
 .data.clear_oled_left
                0x0000000020000010        0x1 ./Core/Src/main.o
 .data.clear_oled_right
                0x0000000020000011        0x1 ./Core/Src/main.o
 .data.clear_oled_both
                0x0000000020000012        0x1 ./Core/Src/main.o
 .data.clear_oled_default
                0x0000000020000013        0x1 ./Core/Src/main.o
 .data.Left_Alert_NEW
                0x0000000020000014      0x400 ./Core/Src/main.o
 .data.Both_Side_Alert_NEW
                0x0000000020000414      0x400 ./Core/Src/main.o
 .data.Right_Alert_NEW
                0x0000000020000814      0x400 ./Core/Src/main.o
 .data.date_string
                0x0000000020000c14        0x9 ./Core/Src/oled_ops.o
 *fill*         0x0000000020000c1d        0x3 
 .data.temp_string
                0x0000000020000c20        0x4 ./Core/Src/oled_ops.o
 .data.SystemCoreClock
                0x0000000020000c24        0x4 ./Core/Src/system_stm32f4xx.o
                0x0000000020000c24                SystemCoreClock
 .data.uwTickPrio
                0x0000000020000c28        0x4 ./Drivers/STM32F4xx_HAL_Driver/Src/stm32f4xx_hal.o
                0x0000000020000c28                uwTickPrio
 .data.uwTickFreq
                0x0000000020000c2c        0x1 ./Drivers/STM32F4xx_HAL_Driver/Src/stm32f4xx_hal.o
                0x0000000020000c2c                uwTickFreq
 *fill*         0x0000000020000c2d        0x3 
 .data.uxCriticalNesting
                0x0000000020000c30        0x4 ./Middlewares/Third_Party/FreeRTOS/Source/portable/GCC/ARM_CM4F/port.o
 .data._impure_ptr
                0x0000000020000c34        0x4 c:/st/stm32cubeide_1.7.0/stm32cubeide/plugins/com.st.stm32cube.ide.mcu.externaltools.gnu-tools-for-stm32.9-2020-q2-update.win32_2.0.0.202105311346/tools/bin/../lib/gcc/arm-none-eabi/9.3.1/../../../../arm-none-eabi/lib/thumb/v7e-m+fp/hard\libc_nano.a(lib_a-impure.o)
                0x0000000020000c34                _impure_ptr
 .data.impure_data
                0x0000000020000c38       0x60 c:/st/stm32cubeide_1.7.0/stm32cubeide/plugins/com.st.stm32cube.ide.mcu.externaltools.gnu-tools-for-stm32.9-2020-q2-update.win32_2.0.0.202105311346/tools/bin/../lib/gcc/arm-none-eabi/9.3.1/../../../../arm-none-eabi/lib/thumb/v7e-m+fp/hard\libc_nano.a(lib_a-impure.o)
 *(.RamFunc)
 *(.RamFunc*)
                0x0000000020000c98                . = ALIGN (0x4)
                0x0000000020000c98                _edata = .

.igot.plt       0x0000000020000c98        0x0 load address 0x0000000008007c98
 .igot.plt      0x0000000020000c98        0x0 c:/st/stm32cubeide_1.7.0/stm32cubeide/plugins/com.st.stm32cube.ide.mcu.externaltools.gnu-tools-for-stm32.9-2020-q2-update.win32_2.0.0.202105311346/tools/bin/../lib/gcc/arm-none-eabi/9.3.1/thumb/v7e-m+fp/hard/crtbegin.o
                0x0000000020000c98                . = ALIGN (0x4)

.bss            0x0000000020000c98     0x4510 load address 0x0000000008007c98
                0x0000000020000c98                _sbss = .
                0x0000000020000c98                __bss_start__ = _sbss
 *(.bss)
 .bss           0x0000000020000c98       0x1c c:/st/stm32cubeide_1.7.0/stm32cubeide/plugins/com.st.stm32cube.ide.mcu.externaltools.gnu-tools-for-stm32.9-2020-q2-update.win32_2.0.0.202105311346/tools/bin/../lib/gcc/arm-none-eabi/9.3.1/thumb/v7e-m+fp/hard/crtbegin.o
 *(.bss*)
 .bss.adc_value
                0x0000000020000cb4        0x4 ./Core/Src/adc.o
 .bss.temperature
                0x0000000020000cb8        0x4 ./Core/Src/adc.o
 .bss.xIdleTaskTCBBuffer
                0x0000000020000cbc       0xb4 ./Core/Src/freertos.o
 .bss.xIdleStack
                0x0000000020000d70      0x200 ./Core/Src/freertos.o
 .bss.vehicle_leftside
                0x0000000020000f70        0x1 ./Core/Src/ir_sensor.o
 .bss.vehicle_rightside
                0x0000000020000f71        0x1 ./Core/Src/ir_sensor.o
 .bss.vechile_bothside
                0x0000000020000f72        0x1 ./Core/Src/ir_sensor.o
 .bss.prev_min_val
                0x0000000020000f73        0x1 ./Core/Src/oled_ops.o
 .bss.prev_hour_val
                0x0000000020000f74        0x1 ./Core/Src/oled_ops.o
 .bss.min_ones  0x0000000020000f75        0x1 ./Core/Src/oled_ops.o
 .bss.min_tens  0x0000000020000f76        0x1 ./Core/Src/oled_ops.o
 .bss.hours_ones
                0x0000000020000f77        0x1 ./Core/Src/oled_ops.o
 .bss.hours_tens
                0x0000000020000f78        0x1 ./Core/Src/oled_ops.o
 .bss.date_val  0x0000000020000f79        0x1 ./Core/Src/oled_ops.o
 .bss.month_val
                0x0000000020000f7a        0x1 ./Core/Src/oled_ops.o
 .bss.year_val  0x0000000020000f7b        0x1 ./Core/Src/oled_ops.o
 .bss.date_ones
                0x0000000020000f7c        0x1 ./Core/Src/oled_ops.o
 .bss.date_tens
                0x0000000020000f7d        0x1 ./Core/Src/oled_ops.o
 .bss.month_ones
                0x0000000020000f7e        0x1 ./Core/Src/oled_ops.o
 .bss.month_tens
                0x0000000020000f7f        0x1 ./Core/Src/oled_ops.o
 .bss.year_ones
                0x0000000020000f80        0x1 ./Core/Src/oled_ops.o
 .bss.year_tens
                0x0000000020000f81        0x1 ./Core/Src/oled_ops.o
 .bss.temp_val  0x0000000020000f82        0x1 ./Core/Src/oled_ops.o
 .bss.temp_tens
                0x0000000020000f83        0x1 ./Core/Src/oled_ops.o
 .bss.temp_ones
                0x0000000020000f84        0x1 ./Core/Src/oled_ops.o
 .bss.Hours     0x0000000020000f85        0x1 ./Core/Src/rtc.o
 .bss.Minutes   0x0000000020000f86        0x1 ./Core/Src/rtc.o
 .bss.Seconds   0x0000000020000f87        0x1 ./Core/Src/rtc.o
 .bss.Month     0x0000000020000f88        0x1 ./Core/Src/rtc.o
 .bss.Day       0x0000000020000f89        0x1 ./Core/Src/rtc.o
 .bss.Year      0x0000000020000f8a        0x1 ./Core/Src/rtc.o
 *fill*         0x0000000020000f8b        0x1 
 .bss.SSD1306_Buffer
                0x0000000020000f8c      0x400 ./Core/Src/ssd1306.o
 .bss.SSD1306   0x000000002000138c        0x6 ./Core/Src/ssd1306.o
 *fill*         0x0000000020001392        0x2 
 .bss.timer_2_counter
                0x0000000020001394        0x4 ./Core/Src/timer.o
 .bss.pxCurrentTCB
                0x0000000020001398        0x4 ./Middlewares/Third_Party/FreeRTOS/Source/tasks.o
                0x0000000020001398                pxCurrentTCB
 .bss.pxReadyTasksLists
                0x000000002000139c       0x8c ./Middlewares/Third_Party/FreeRTOS/Source/tasks.o
 .bss.xDelayedTaskList1
                0x0000000020001428       0x14 ./Middlewares/Third_Party/FreeRTOS/Source/tasks.o
 .bss.xDelayedTaskList2
                0x000000002000143c       0x14 ./Middlewares/Third_Party/FreeRTOS/Source/tasks.o
 .bss.pxDelayedTaskList
                0x0000000020001450        0x4 ./Middlewares/Third_Party/FreeRTOS/Source/tasks.o
 .bss.pxOverflowDelayedTaskList
                0x0000000020001454        0x4 ./Middlewares/Third_Party/FreeRTOS/Source/tasks.o
 .bss.xPendingReadyList
                0x0000000020001458       0x14 ./Middlewares/Third_Party/FreeRTOS/Source/tasks.o
 .bss.xTasksWaitingTermination
                0x000000002000146c       0x14 ./Middlewares/Third_Party/FreeRTOS/Source/tasks.o
 .bss.uxDeletedTasksWaitingCleanUp
                0x0000000020001480        0x4 ./Middlewares/Third_Party/FreeRTOS/Source/tasks.o
 .bss.xSuspendedTaskList
                0x0000000020001484       0x14 ./Middlewares/Third_Party/FreeRTOS/Source/tasks.o
 .bss.uxCurrentNumberOfTasks
                0x0000000020001498        0x4 ./Middlewares/Third_Party/FreeRTOS/Source/tasks.o
 .bss.xTickCount
                0x000000002000149c        0x4 ./Middlewares/Third_Party/FreeRTOS/Source/tasks.o
 .bss.uxTopReadyPriority
                0x00000000200014a0        0x4 ./Middlewares/Third_Party/FreeRTOS/Source/tasks.o
 .bss.xSchedulerRunning
                0x00000000200014a4        0x4 ./Middlewares/Third_Party/FreeRTOS/Source/tasks.o
 .bss.xPendedTicks
                0x00000000200014a8        0x4 ./Middlewares/Third_Party/FreeRTOS/Source/tasks.o
 .bss.xYieldPending
                0x00000000200014ac        0x4 ./Middlewares/Third_Party/FreeRTOS/Source/tasks.o
 .bss.xNumOfOverflows
                0x00000000200014b0        0x4 ./Middlewares/Third_Party/FreeRTOS/Source/tasks.o
 .bss.uxTaskNumber
                0x00000000200014b4        0x4 ./Middlewares/Third_Party/FreeRTOS/Source/tasks.o
 .bss.xNextTaskUnblockTime
                0x00000000200014b8        0x4 ./Middlewares/Third_Party/FreeRTOS/Source/tasks.o
 .bss.xIdleTaskHandle
                0x00000000200014bc        0x4 ./Middlewares/Third_Party/FreeRTOS/Source/tasks.o
 .bss.uxSchedulerSuspended
                0x00000000200014c0        0x4 ./Middlewares/Third_Party/FreeRTOS/Source/tasks.o
 .bss.ucMaxSysCallPriority
                0x00000000200014c4        0x1 ./Middlewares/Third_Party/FreeRTOS/Source/portable/GCC/ARM_CM4F/port.o
 *fill*         0x00000000200014c5        0x3 
 .bss.ulMaxPRIGROUPValue
                0x00000000200014c8        0x4 ./Middlewares/Third_Party/FreeRTOS/Source/portable/GCC/ARM_CM4F/port.o
 .bss.ucHeap    0x00000000200014cc     0x3c00 ./Middlewares/Third_Party/FreeRTOS/Source/portable/MemMang/heap_4.o
 .bss.xStart    0x00000000200050cc        0x8 ./Middlewares/Third_Party/FreeRTOS/Source/portable/MemMang/heap_4.o
 .bss.pxEnd     0x00000000200050d4        0x4 ./Middlewares/Third_Party/FreeRTOS/Source/portable/MemMang/heap_4.o
 .bss.xFreeBytesRemaining
                0x00000000200050d8        0x4 ./Middlewares/Third_Party/FreeRTOS/Source/portable/MemMang/heap_4.o
 .bss.xMinimumEverFreeBytesRemaining
                0x00000000200050dc        0x4 ./Middlewares/Third_Party/FreeRTOS/Source/portable/MemMang/heap_4.o
 .bss.xNumberOfSuccessfulAllocations
                0x00000000200050e0        0x4 ./Middlewares/Third_Party/FreeRTOS/Source/portable/MemMang/heap_4.o
 .bss.xNumberOfSuccessfulFrees
                0x00000000200050e4        0x4 ./Middlewares/Third_Party/FreeRTOS/Source/portable/MemMang/heap_4.o
 .bss.xBlockAllocatedBit
                0x00000000200050e8        0x4 ./Middlewares/Third_Party/FreeRTOS/Source/portable/MemMang/heap_4.o
 .bss.__malloc_free_list
                0x00000000200050ec        0x4 c:/st/stm32cubeide_1.7.0/stm32cubeide/plugins/com.st.stm32cube.ide.mcu.externaltools.gnu-tools-for-stm32.9-2020-q2-update.win32_2.0.0.202105311346/tools/bin/../lib/gcc/arm-none-eabi/9.3.1/../../../../arm-none-eabi/lib/thumb/v7e-m+fp/hard\libc_nano.a(lib_a-nano-mallocr.o)
                0x00000000200050ec                __malloc_free_list
 *(COMMON)
 COMMON         0x00000000200050f0       0x60 ./Core/Src/main.o
                0x00000000200050f0                defaultTaskHandle
                0x00000000200050f4                hi2c1
                0x0000000020005148                display_oledHandle
                0x000000002000514c                Sense_IRHandle
 COMMON         0x0000000020005150       0x48 ./Core/Src/stm32f4xx_hal_timebase_tim.o
                0x0000000020005150                htim4
 COMMON         0x0000000020005198        0x4 ./Drivers/STM32F4xx_HAL_Driver/Src/stm32f4xx_hal.o
                0x0000000020005198                uwTick
 COMMON         0x000000002000519c        0x9 c:/st/stm32cubeide_1.7.0/stm32cubeide/plugins/com.st.stm32cube.ide.mcu.externaltools.gnu-tools-for-stm32.9-2020-q2-update.win32_2.0.0.202105311346/tools/bin/../lib/gcc/arm-none-eabi/9.3.1/../../../../arm-none-eabi/lib/thumb/v7e-m+fp/hard\libc_nano.a(lib_a-lock.o)
                0x000000002000519c                __lock___atexit_recursive_mutex
                0x000000002000519d                __lock___arc4random_mutex
                0x000000002000519e                __lock___env_recursive_mutex
                0x000000002000519f                __lock___sinit_recursive_mutex
                0x00000000200051a0                __lock___malloc_recursive_mutex
                0x00000000200051a1                __lock___at_quick_exit_mutex
                0x00000000200051a2                __lock___dd_hash_mutex
                0x00000000200051a3                __lock___tz_mutex
                0x00000000200051a4                __lock___sfp_recursive_mutex
                0x00000000200051a8                . = ALIGN (0x4)
 *fill*         0x00000000200051a5        0x3 
                0x00000000200051a8                _ebss = .
                0x00000000200051a8                __bss_end__ = _ebss

._user_heap_stack
                0x00000000200051a8      0x600 load address 0x0000000008007c98
                0x00000000200051a8                . = ALIGN (0x8)
                [!provide]                        PROVIDE (end = .)
                0x00000000200051a8                PROVIDE (_end = .)
                0x00000000200053a8                . = (. + _Min_Heap_Size)
 *fill*         0x00000000200051a8      0x200 
                0x00000000200057a8                . = (. + _Min_Stack_Size)
 *fill*         0x00000000200053a8      0x400 
                0x00000000200057a8                . = ALIGN (0x8)

/DISCARD/
 libc.a(*)
 libm.a(*)
 libgcc.a(*)

.ARM.attributes
                0x0000000000000000       0x30
 *(.ARM.attributes)
 .ARM.attributes
                0x0000000000000000       0x1e c:/st/stm32cubeide_1.7.0/stm32cubeide/plugins/com.st.stm32cube.ide.mcu.externaltools.gnu-tools-for-stm32.9-2020-q2-update.win32_2.0.0.202105311346/tools/bin/../lib/gcc/arm-none-eabi/9.3.1/thumb/v7e-m+fp/hard/crti.o
 .ARM.attributes
                0x000000000000001e       0x34 c:/st/stm32cubeide_1.7.0/stm32cubeide/plugins/com.st.stm32cube.ide.mcu.externaltools.gnu-tools-for-stm32.9-2020-q2-update.win32_2.0.0.202105311346/tools/bin/../lib/gcc/arm-none-eabi/9.3.1/thumb/v7e-m+fp/hard/crtbegin.o
 .ARM.attributes
                0x0000000000000052       0x34 ./Core/Src/adc.o
 .ARM.attributes
                0x0000000000000086       0x34 ./Core/Src/fonts.o
 .ARM.attributes
                0x00000000000000ba       0x34 ./Core/Src/freertos.o
 .ARM.attributes
                0x00000000000000ee       0x34 ./Core/Src/ir_sensor.o
 .ARM.attributes
                0x0000000000000122       0x34 ./Core/Src/main.o
 .ARM.attributes
                0x0000000000000156       0x34 ./Core/Src/oled_ops.o
 .ARM.attributes
                0x000000000000018a       0x34 ./Core/Src/rtc.o
 .ARM.attributes
                0x00000000000001be       0x34 ./Core/Src/ssd1306.o
 .ARM.attributes
                0x00000000000001f2       0x34 ./Core/Src/stm32f4xx_hal_msp.o
 .ARM.attributes
                0x0000000000000226       0x34 ./Core/Src/stm32f4xx_hal_timebase_tim.o
 .ARM.attributes
                0x000000000000025a       0x34 ./Core/Src/stm32f4xx_it.o
 .ARM.attributes
                0x000000000000028e       0x34 ./Core/Src/system_stm32f4xx.o
 .ARM.attributes
                0x00000000000002c2       0x34 ./Core/Src/timer.o
 .ARM.attributes
                0x00000000000002f6       0x21 ./Core/Startup/startup_stm32f411vetx.o
 .ARM.attributes
                0x0000000000000317       0x34 ./Drivers/STM32F4xx_HAL_Driver/Src/stm32f4xx_hal.o
 .ARM.attributes
                0x000000000000034b       0x34 ./Drivers/STM32F4xx_HAL_Driver/Src/stm32f4xx_hal_cortex.o
 .ARM.attributes
                0x000000000000037f       0x34 ./Drivers/STM32F4xx_HAL_Driver/Src/stm32f4xx_hal_gpio.o
 .ARM.attributes
                0x00000000000003b3       0x34 ./Drivers/STM32F4xx_HAL_Driver/Src/stm32f4xx_hal_i2c.o
 .ARM.attributes
                0x00000000000003e7       0x34 ./Drivers/STM32F4xx_HAL_Driver/Src/stm32f4xx_hal_rcc.o
 .ARM.attributes
                0x000000000000041b       0x34 ./Drivers/STM32F4xx_HAL_Driver/Src/stm32f4xx_hal_tim.o
 .ARM.attributes
                0x000000000000044f       0x34 ./Drivers/STM32F4xx_HAL_Driver/Src/stm32f4xx_hal_tim_ex.o
 .ARM.attributes
                0x0000000000000483       0x34 ./Middlewares/Third_Party/FreeRTOS/Source/CMSIS_RTOS/cmsis_os.o
 .ARM.attributes
                0x00000000000004b7       0x34 ./Middlewares/Third_Party/FreeRTOS/Source/list.o
 .ARM.attributes
                0x00000000000004eb       0x34 ./Middlewares/Third_Party/FreeRTOS/Source/tasks.o
 .ARM.attributes
                0x000000000000051f       0x34 ./Middlewares/Third_Party/FreeRTOS/Source/portable/GCC/ARM_CM4F/port.o
 .ARM.attributes
                0x0000000000000553       0x34 ./Middlewares/Third_Party/FreeRTOS/Source/portable/MemMang/heap_4.o
 .ARM.attributes
                0x0000000000000587       0x34 c:/st/stm32cubeide_1.7.0/stm32cubeide/plugins/com.st.stm32cube.ide.mcu.externaltools.gnu-tools-for-stm32.9-2020-q2-update.win32_2.0.0.202105311346/tools/bin/../lib/gcc/arm-none-eabi/9.3.1/../../../../arm-none-eabi/lib/thumb/v7e-m+fp/hard\libc_nano.a(lib_a-findfp.o)
 .ARM.attributes
                0x00000000000005bb       0x32 c:/st/stm32cubeide_1.7.0/stm32cubeide/plugins/com.st.stm32cube.ide.mcu.externaltools.gnu-tools-for-stm32.9-2020-q2-update.win32_2.0.0.202105311346/tools/bin/../lib/gcc/arm-none-eabi/9.3.1/../../../../arm-none-eabi/lib/thumb/v7e-m+fp/hard\libc_nano.a(lib_a-impure.o)
 .ARM.attributes
                0x00000000000005ed       0x34 c:/st/stm32cubeide_1.7.0/stm32cubeide/plugins/com.st.stm32cube.ide.mcu.externaltools.gnu-tools-for-stm32.9-2020-q2-update.win32_2.0.0.202105311346/tools/bin/../lib/gcc/arm-none-eabi/9.3.1/../../../../arm-none-eabi/lib/thumb/v7e-m+fp/hard\libc_nano.a(lib_a-init.o)
 .ARM.attributes
                0x0000000000000621       0x34 c:/st/stm32cubeide_1.7.0/stm32cubeide/plugins/com.st.stm32cube.ide.mcu.externaltools.gnu-tools-for-stm32.9-2020-q2-update.win32_2.0.0.202105311346/tools/bin/../lib/gcc/arm-none-eabi/9.3.1/../../../../arm-none-eabi/lib/thumb/v7e-m+fp/hard\libc_nano.a(lib_a-lock.o)
 .ARM.attributes
                0x0000000000000655       0x34 c:/st/stm32cubeide_1.7.0/stm32cubeide/plugins/com.st.stm32cube.ide.mcu.externaltools.gnu-tools-for-stm32.9-2020-q2-update.win32_2.0.0.202105311346/tools/bin/../lib/gcc/arm-none-eabi/9.3.1/../../../../arm-none-eabi/lib/thumb/v7e-m+fp/hard\libc_nano.a(lib_a-memset.o)
 .ARM.attributes
                0x0000000000000689       0x34 c:/st/stm32cubeide_1.7.0/stm32cubeide/plugins/com.st.stm32cube.ide.mcu.externaltools.gnu-tools-for-stm32.9-2020-q2-update.win32_2.0.0.202105311346/tools/bin/../lib/gcc/arm-none-eabi/9.3.1/../../../../arm-none-eabi/lib/thumb/v7e-m+fp/hard\libc_nano.a(lib_a-nano-mallocr.o)
 .ARM.attributes
                0x00000000000006bd       0x34 c:/st/stm32cubeide_1.7.0/stm32cubeide/plugins/com.st.stm32cube.ide.mcu.externaltools.gnu-tools-for-stm32.9-2020-q2-update.win32_2.0.0.202105311346/tools/bin/../lib/gcc/arm-none-eabi/9.3.1/../../../../arm-none-eabi/lib/thumb/v7e-m+fp/hard\libc_nano.a(lib_a-reent.o)
 .ARM.attributes
                0x00000000000006f1       0x34 c:/st/stm32cubeide_1.7.0/stm32cubeide/plugins/com.st.stm32cube.ide.mcu.externaltools.gnu-tools-for-stm32.9-2020-q2-update.win32_2.0.0.202105311346/tools/bin/../lib/gcc/arm-none-eabi/9.3.1/../../../../arm-none-eabi/lib/thumb/v7e-m+fp/hard\libc_nano.a(lib_a-mlock.o)
 .ARM.attributes
                0x0000000000000725       0x34 c:/st/stm32cubeide_1.7.0/stm32cubeide/plugins/com.st.stm32cube.ide.mcu.externaltools.gnu-tools-for-stm32.9-2020-q2-update.win32_2.0.0.202105311346/tools/bin/../lib/gcc/arm-none-eabi/9.3.1/../../../../arm-none-eabi/lib/thumb/v7e-m+fp/hard\libc_nano.a(lib_a-nano-freer.o)
 .ARM.attributes
                0x0000000000000759       0x1e c:/st/stm32cubeide_1.7.0/stm32cubeide/plugins/com.st.stm32cube.ide.mcu.externaltools.gnu-tools-for-stm32.9-2020-q2-update.win32_2.0.0.202105311346/tools/bin/../lib/gcc/arm-none-eabi/9.3.1/thumb/v7e-m+fp/hard\libgcc.a(_aeabi_uldivmod.o)
 .ARM.attributes
                0x0000000000000777       0x34 c:/st/stm32cubeide_1.7.0/stm32cubeide/plugins/com.st.stm32cube.ide.mcu.externaltools.gnu-tools-for-stm32.9-2020-q2-update.win32_2.0.0.202105311346/tools/bin/../lib/gcc/arm-none-eabi/9.3.1/thumb/v7e-m+fp/hard\libgcc.a(_udivmoddi4.o)
 .ARM.attributes
                0x00000000000007ab       0x1e c:/st/stm32cubeide_1.7.0/stm32cubeide/plugins/com.st.stm32cube.ide.mcu.externaltools.gnu-tools-for-stm32.9-2020-q2-update.win32_2.0.0.202105311346/tools/bin/../lib/gcc/arm-none-eabi/9.3.1/thumb/v7e-m+fp/hard\libgcc.a(_dvmd_tls.o)
 .ARM.attributes
                0x00000000000007c9       0x1e c:/st/stm32cubeide_1.7.0/stm32cubeide/plugins/com.st.stm32cube.ide.mcu.externaltools.gnu-tools-for-stm32.9-2020-q2-update.win32_2.0.0.202105311346/tools/bin/../lib/gcc/arm-none-eabi/9.3.1/thumb/v7e-m+fp/hard/crtn.o
OUTPUT(ESD_CP_RTOS.elf elf32-littlearm)
LOAD linker stubs
LOAD c:/st/stm32cubeide_1.7.0/stm32cubeide/plugins/com.st.stm32cube.ide.mcu.externaltools.gnu-tools-for-stm32.9-2020-q2-update.win32_2.0.0.202105311346/tools/bin/../lib/gcc/arm-none-eabi/9.3.1/../../../../arm-none-eabi/lib/thumb/v7e-m+fp/hard\libc.a
LOAD c:/st/stm32cubeide_1.7.0/stm32cubeide/plugins/com.st.stm32cube.ide.mcu.externaltools.gnu-tools-for-stm32.9-2020-q2-update.win32_2.0.0.202105311346/tools/bin/../lib/gcc/arm-none-eabi/9.3.1/../../../../arm-none-eabi/lib/thumb/v7e-m+fp/hard\libm.a
LOAD c:/st/stm32cubeide_1.7.0/stm32cubeide/plugins/com.st.stm32cube.ide.mcu.externaltools.gnu-tools-for-stm32.9-2020-q2-update.win32_2.0.0.202105311346/tools/bin/../lib/gcc/arm-none-eabi/9.3.1/thumb/v7e-m+fp/hard\libgcc.a

.debug_info     0x0000000000000000    0x1a8a6
 .debug_info    0x0000000000000000      0xaef ./Core/Src/adc.o
 .debug_info    0x0000000000000aef      0xbd3 ./Core/Src/fonts.o
 .debug_info    0x00000000000016c2      0xc14 ./Core/Src/freertos.o
 .debug_info    0x00000000000022d6      0xdf7 ./Core/Src/ir_sensor.o
 .debug_info    0x00000000000030cd     0x1cae ./Core/Src/main.o
 .debug_info    0x0000000000004d7b      0xd64 ./Core/Src/oled_ops.o
 .debug_info    0x0000000000005adf      0x739 ./Core/Src/rtc.o
 .debug_info    0x0000000000006218     0x1a71 ./Core/Src/ssd1306.o
 .debug_info    0x0000000000007c89      0xc3a ./Core/Src/stm32f4xx_hal_msp.o
 .debug_info    0x00000000000088c3      0xc00 ./Core/Src/stm32f4xx_hal_timebase_tim.o
 .debug_info    0x00000000000094c3      0x7c3 ./Core/Src/stm32f4xx_it.o
 .debug_info    0x0000000000009c86      0x5d0 ./Core/Src/system_stm32f4xx.o
 .debug_info    0x000000000000a256      0x80d ./Core/Src/timer.o
 .debug_info    0x000000000000aa63       0x22 ./Core/Startup/startup_stm32f411vetx.o
 .debug_info    0x000000000000aa85      0x944 ./Drivers/STM32F4xx_HAL_Driver/Src/stm32f4xx_hal.o
 .debug_info    0x000000000000b3c9      0xe47 ./Drivers/STM32F4xx_HAL_Driver/Src/stm32f4xx_hal_cortex.o
 .debug_info    0x000000000000c210      0x862 ./Drivers/STM32F4xx_HAL_Driver/Src/stm32f4xx_hal_gpio.o
 .debug_info    0x000000000000ca72     0x2653 ./Drivers/STM32F4xx_HAL_Driver/Src/stm32f4xx_hal_i2c.o
 .debug_info    0x000000000000f0c5      0x9be ./Drivers/STM32F4xx_HAL_Driver/Src/stm32f4xx_hal_rcc.o
 .debug_info    0x000000000000fa83     0x2c1a ./Drivers/STM32F4xx_HAL_Driver/Src/stm32f4xx_hal_tim.o
 .debug_info    0x000000000001269d     0x159a ./Drivers/STM32F4xx_HAL_Driver/Src/stm32f4xx_hal_tim_ex.o
 .debug_info    0x0000000000013c37     0x2048 ./Middlewares/Third_Party/FreeRTOS/Source/CMSIS_RTOS/cmsis_os.o
 .debug_info    0x0000000000015c7f      0xb82 ./Middlewares/Third_Party/FreeRTOS/Source/list.o
 .debug_info    0x0000000000016801     0x2591 ./Middlewares/Third_Party/FreeRTOS/Source/tasks.o
 .debug_info    0x0000000000018d92      0xd8a ./Middlewares/Third_Party/FreeRTOS/Source/portable/GCC/ARM_CM4F/port.o
 .debug_info    0x0000000000019b1c      0xd8a ./Middlewares/Third_Party/FreeRTOS/Source/portable/MemMang/heap_4.o

.debug_abbrev   0x0000000000000000     0x39db
 .debug_abbrev  0x0000000000000000      0x221 ./Core/Src/adc.o
 .debug_abbrev  0x0000000000000221      0x208 ./Core/Src/fonts.o
 .debug_abbrev  0x0000000000000429      0x1db ./Core/Src/freertos.o
 .debug_abbrev  0x0000000000000604      0x207 ./Core/Src/ir_sensor.o
 .debug_abbrev  0x000000000000080b      0x2da ./Core/Src/main.o
 .debug_abbrev  0x0000000000000ae5      0x1c8 ./Core/Src/oled_ops.o
 .debug_abbrev  0x0000000000000cad      0x168 ./Core/Src/rtc.o
 .debug_abbrev  0x0000000000000e15      0x33e ./Core/Src/ssd1306.o
 .debug_abbrev  0x0000000000001153      0x1b5 ./Core/Src/stm32f4xx_hal_msp.o
 .debug_abbrev  0x0000000000001308      0x1d0 ./Core/Src/stm32f4xx_hal_timebase_tim.o
 .debug_abbrev  0x00000000000014d8      0x187 ./Core/Src/stm32f4xx_it.o
 .debug_abbrev  0x000000000000165f      0x145 ./Core/Src/system_stm32f4xx.o
 .debug_abbrev  0x00000000000017a4      0x1ab ./Core/Src/timer.o
 .debug_abbrev  0x000000000000194f       0x12 ./Core/Startup/startup_stm32f411vetx.o
 .debug_abbrev  0x0000000000001961      0x21e ./Drivers/STM32F4xx_HAL_Driver/Src/stm32f4xx_hal.o
 .debug_abbrev  0x0000000000001b7f      0x33c ./Drivers/STM32F4xx_HAL_Driver/Src/stm32f4xx_hal_cortex.o
 .debug_abbrev  0x0000000000001ebb      0x1f1 ./Drivers/STM32F4xx_HAL_Driver/Src/stm32f4xx_hal_gpio.o
 .debug_abbrev  0x00000000000020ac      0x293 ./Drivers/STM32F4xx_HAL_Driver/Src/stm32f4xx_hal_i2c.o
 .debug_abbrev  0x000000000000233f      0x275 ./Drivers/STM32F4xx_HAL_Driver/Src/stm32f4xx_hal_rcc.o
 .debug_abbrev  0x00000000000025b4      0x26f ./Drivers/STM32F4xx_HAL_Driver/Src/stm32f4xx_hal_tim.o
 .debug_abbrev  0x0000000000002823      0x277 ./Drivers/STM32F4xx_HAL_Driver/Src/stm32f4xx_hal_tim_ex.o
 .debug_abbrev  0x0000000000002a9a      0x3c2 ./Middlewares/Third_Party/FreeRTOS/Source/CMSIS_RTOS/cmsis_os.o
 .debug_abbrev  0x0000000000002e5c      0x1f7 ./Middlewares/Third_Party/FreeRTOS/Source/list.o
 .debug_abbrev  0x0000000000003053      0x380 ./Middlewares/Third_Party/FreeRTOS/Source/tasks.o
 .debug_abbrev  0x00000000000033d3      0x335 ./Middlewares/Third_Party/FreeRTOS/Source/portable/GCC/ARM_CM4F/port.o
 .debug_abbrev  0x0000000000003708      0x2d3 ./Middlewares/Third_Party/FreeRTOS/Source/portable/MemMang/heap_4.o

.debug_aranges  0x0000000000000000     0x1340
 .debug_aranges
                0x0000000000000000       0x48 ./Core/Src/adc.o
 .debug_aranges
                0x0000000000000048       0x20 ./Core/Src/fonts.o
 .debug_aranges
                0x0000000000000068       0x20 ./Core/Src/freertos.o
 .debug_aranges
                0x0000000000000088       0x40 ./Core/Src/ir_sensor.o
 .debug_aranges
                0x00000000000000c8       0x60 ./Core/Src/main.o
 .debug_aranges
                0x0000000000000128       0x20 ./Core/Src/oled_ops.o
 .debug_aranges
                0x0000000000000148       0x58 ./Core/Src/rtc.o
 .debug_aranges
                0x00000000000001a0       0xf8 ./Core/Src/ssd1306.o
 .debug_aranges
                0x0000000000000298       0x30 ./Core/Src/stm32f4xx_hal_msp.o
 .debug_aranges
                0x00000000000002c8       0x30 ./Core/Src/stm32f4xx_hal_timebase_tim.o
 .debug_aranges
                0x00000000000002f8       0x50 ./Core/Src/stm32f4xx_it.o
 .debug_aranges
                0x0000000000000348       0x28 ./Core/Src/system_stm32f4xx.o
 .debug_aranges
                0x0000000000000370       0x40 ./Core/Src/timer.o
 .debug_aranges
                0x00000000000003b0       0x28 ./Core/Startup/startup_stm32f411vetx.o
 .debug_aranges
                0x00000000000003d8       0xf0 ./Drivers/STM32F4xx_HAL_Driver/Src/stm32f4xx_hal.o
 .debug_aranges
                0x00000000000004c8      0x118 ./Drivers/STM32F4xx_HAL_Driver/Src/stm32f4xx_hal_cortex.o
 .debug_aranges
                0x00000000000005e0       0x58 ./Drivers/STM32F4xx_HAL_Driver/Src/stm32f4xx_hal_gpio.o
 .debug_aranges
                0x0000000000000638      0x2a0 ./Drivers/STM32F4xx_HAL_Driver/Src/stm32f4xx_hal_i2c.o
 .debug_aranges
                0x00000000000008d8       0x88 ./Drivers/STM32F4xx_HAL_Driver/Src/stm32f4xx_hal_rcc.o
 .debug_aranges
                0x0000000000000960      0x3d0 ./Drivers/STM32F4xx_HAL_Driver/Src/stm32f4xx_hal_tim.o
 .debug_aranges
                0x0000000000000d30      0x168 ./Drivers/STM32F4xx_HAL_Driver/Src/stm32f4xx_hal_tim_ex.o
 .debug_aranges
                0x0000000000000e98      0x1d8 ./Middlewares/Third_Party/FreeRTOS/Source/CMSIS_RTOS/cmsis_os.o
 .debug_aranges
                0x0000000000001070       0x40 ./Middlewares/Third_Party/FreeRTOS/Source/list.o
 .debug_aranges
                0x00000000000010b0      0x1b8 ./Middlewares/Third_Party/FreeRTOS/Source/tasks.o
 .debug_aranges
                0x0000000000001268       0x80 ./Middlewares/Third_Party/FreeRTOS/Source/portable/GCC/ARM_CM4F/port.o
 .debug_aranges
                0x00000000000012e8       0x58 ./Middlewares/Third_Party/FreeRTOS/Source/portable/MemMang/heap_4.o

.debug_ranges   0x0000000000000000     0x11d0
 .debug_ranges  0x0000000000000000       0x38 ./Core/Src/adc.o
 .debug_ranges  0x0000000000000038       0x10 ./Core/Src/fonts.o
 .debug_ranges  0x0000000000000048       0x10 ./Core/Src/freertos.o
 .debug_ranges  0x0000000000000058       0x30 ./Core/Src/ir_sensor.o
 .debug_ranges  0x0000000000000088       0x50 ./Core/Src/main.o
 .debug_ranges  0x00000000000000d8       0x10 ./Core/Src/oled_ops.o
 .debug_ranges  0x00000000000000e8       0x48 ./Core/Src/rtc.o
 .debug_ranges  0x0000000000000130       0xe8 ./Core/Src/ssd1306.o
 .debug_ranges  0x0000000000000218       0x20 ./Core/Src/stm32f4xx_hal_msp.o
 .debug_ranges  0x0000000000000238       0x20 ./Core/Src/stm32f4xx_hal_timebase_tim.o
 .debug_ranges  0x0000000000000258       0x40 ./Core/Src/stm32f4xx_it.o
 .debug_ranges  0x0000000000000298       0x18 ./Core/Src/system_stm32f4xx.o
 .debug_ranges  0x00000000000002b0       0x30 ./Core/Src/timer.o
 .debug_ranges  0x00000000000002e0       0x20 ./Core/Startup/startup_stm32f411vetx.o
 .debug_ranges  0x0000000000000300       0xe0 ./Drivers/STM32F4xx_HAL_Driver/Src/stm32f4xx_hal.o
 .debug_ranges  0x00000000000003e0      0x108 ./Drivers/STM32F4xx_HAL_Driver/Src/stm32f4xx_hal_cortex.o
 .debug_ranges  0x00000000000004e8       0x48 ./Drivers/STM32F4xx_HAL_Driver/Src/stm32f4xx_hal_gpio.o
 .debug_ranges  0x0000000000000530      0x2b8 ./Drivers/STM32F4xx_HAL_Driver/Src/stm32f4xx_hal_i2c.o
 .debug_ranges  0x00000000000007e8       0x78 ./Drivers/STM32F4xx_HAL_Driver/Src/stm32f4xx_hal_rcc.o
 .debug_ranges  0x0000000000000860      0x3c0 ./Drivers/STM32F4xx_HAL_Driver/Src/stm32f4xx_hal_tim.o
 .debug_ranges  0x0000000000000c20      0x158 ./Drivers/STM32F4xx_HAL_Driver/Src/stm32f4xx_hal_tim_ex.o
 .debug_ranges  0x0000000000000d78      0x1c8 ./Middlewares/Third_Party/FreeRTOS/Source/CMSIS_RTOS/cmsis_os.o
 .debug_ranges  0x0000000000000f40       0x30 ./Middlewares/Third_Party/FreeRTOS/Source/list.o
 .debug_ranges  0x0000000000000f70      0x1a8 ./Middlewares/Third_Party/FreeRTOS/Source/tasks.o
 .debug_ranges  0x0000000000001118       0x70 ./Middlewares/Third_Party/FreeRTOS/Source/portable/GCC/ARM_CM4F/port.o
 .debug_ranges  0x0000000000001188       0x48 ./Middlewares/Third_Party/FreeRTOS/Source/portable/MemMang/heap_4.o

.debug_macro    0x0000000000000000    0x1913d
 .debug_macro   0x0000000000000000      0x22c ./Core/Src/adc.o
 .debug_macro   0x000000000000022c      0xaa8 ./Core/Src/adc.o
 .debug_macro   0x0000000000000cd4      0x29b ./Core/Src/adc.o
 .debug_macro   0x0000000000000f6f       0x2e ./Core/Src/adc.o
 .debug_macro   0x0000000000000f9d       0x28 ./Core/Src/adc.o
 .debug_macro   0x0000000000000fc5       0x22 ./Core/Src/adc.o
 .debug_macro   0x0000000000000fe7       0x8e ./Core/Src/adc.o
 .debug_macro   0x0000000000001075       0x51 ./Core/Src/adc.o
 .debug_macro   0x00000000000010c6      0x103 ./Core/Src/adc.o
 .debug_macro   0x00000000000011c9       0x6a ./Core/Src/adc.o
 .debug_macro   0x0000000000001233      0x1df ./Core/Src/adc.o
 .debug_macro   0x0000000000001412       0x1c ./Core/Src/adc.o
 .debug_macro   0x000000000000142e       0x22 ./Core/Src/adc.o
 .debug_macro   0x0000000000001450       0xdf ./Core/Src/adc.o
 .debug_macro   0x000000000000152f     0x102d ./Core/Src/adc.o
 .debug_macro   0x000000000000255c      0x11f ./Core/Src/adc.o
 .debug_macro   0x000000000000267b     0xb953 ./Core/Src/adc.o
 .debug_macro   0x000000000000dfce       0x6d ./Core/Src/adc.o
 .debug_macro   0x000000000000e03b     0x3666 ./Core/Src/adc.o
 .debug_macro   0x00000000000116a1      0x174 ./Core/Src/adc.o
 .debug_macro   0x0000000000011815       0x5c ./Core/Src/adc.o
 .debug_macro   0x0000000000011871      0x447 ./Core/Src/adc.o
 .debug_macro   0x0000000000011cb8      0x9fe ./Core/Src/adc.o
 .debug_macro   0x00000000000126b6      0x116 ./Core/Src/adc.o
 .debug_macro   0x00000000000127cc      0x11b ./Core/Src/adc.o
 .debug_macro   0x00000000000128e7       0xa5 ./Core/Src/adc.o
 .debug_macro   0x000000000001298c      0x15f ./Core/Src/adc.o
 .debug_macro   0x0000000000012aeb      0x287 ./Core/Src/adc.o
 .debug_macro   0x0000000000012d72       0x5f ./Core/Src/adc.o
 .debug_macro   0x0000000000012dd1      0x236 ./Core/Src/adc.o
 .debug_macro   0x0000000000013007      0x132 ./Core/Src/adc.o
 .debug_macro   0x0000000000013139      0x264 ./Core/Src/adc.o
 .debug_macro   0x000000000001339d       0x2e ./Core/Src/adc.o
 .debug_macro   0x00000000000133cb      0x1b5 ./Core/Src/adc.o
 .debug_macro   0x0000000000013580       0x22 ./Core/Src/adc.o
 .debug_macro   0x00000000000135a2       0xd6 ./Core/Src/adc.o
 .debug_macro   0x0000000000013678      0x11a ./Core/Src/adc.o
 .debug_macro   0x0000000000013792       0x85 ./Core/Src/adc.o
 .debug_macro   0x0000000000013817       0x89 ./Core/Src/adc.o
 .debug_macro   0x00000000000138a0      0x8d1 ./Core/Src/adc.o
 .debug_macro   0x0000000000014171       0x47 ./Core/Src/adc.o
 .debug_macro   0x00000000000141b8      0x126 ./Core/Src/adc.o
 .debug_macro   0x00000000000142de       0x10 ./Core/Src/adc.o
 .debug_macro   0x00000000000142ee      0x2b5 ./Core/Src/fonts.o
 .debug_macro   0x00000000000145a3       0x52 ./Core/Src/fonts.o
 .debug_macro   0x00000000000145f5       0x18 ./Core/Src/fonts.o
 .debug_macro   0x000000000001460d       0x3c ./Core/Src/fonts.o
 .debug_macro   0x0000000000014649       0x34 ./Core/Src/fonts.o
 .debug_macro   0x000000000001467d       0x16 ./Core/Src/fonts.o
 .debug_macro   0x0000000000014693       0x43 ./Core/Src/fonts.o
 .debug_macro   0x00000000000146d6       0x34 ./Core/Src/fonts.o
 .debug_macro   0x000000000001470a       0x10 ./Core/Src/fonts.o
 .debug_macro   0x000000000001471a       0x58 ./Core/Src/fonts.o
 .debug_macro   0x0000000000014772       0x71 ./Core/Src/fonts.o
 .debug_macro   0x00000000000147e3       0x1c ./Core/Src/fonts.o
 .debug_macro   0x00000000000147ff      0x12a ./Core/Src/fonts.o
 .debug_macro   0x0000000000014929      0x333 ./Core/Src/fonts.o
 .debug_macro   0x0000000000014c5c       0x10 ./Core/Src/fonts.o
 .debug_macro   0x0000000000014c6c       0x35 ./Core/Src/fonts.o
 .debug_macro   0x0000000000014ca1       0x20 ./Core/Src/fonts.o
 .debug_macro   0x0000000000014cc1      0x2f1 ./Core/Src/freertos.o
 .debug_macro   0x0000000000014fb2       0xf1 ./Core/Src/freertos.o
 .debug_macro   0x00000000000150a3      0x15a ./Core/Src/freertos.o
 .debug_macro   0x00000000000151fd       0xde ./Core/Src/freertos.o
 .debug_macro   0x00000000000152db       0x1c ./Core/Src/freertos.o
 .debug_macro   0x00000000000152f7       0x26 ./Core/Src/freertos.o
 .debug_macro   0x000000000001531d       0x10 ./Core/Src/freertos.o
 .debug_macro   0x000000000001532d      0x4fe ./Core/Src/freertos.o
 .debug_macro   0x000000000001582b       0xb5 ./Core/Src/freertos.o
 .debug_macro   0x00000000000158e0       0xaa ./Core/Src/freertos.o
 .debug_macro   0x000000000001598a      0x36c ./Core/Src/ir_sensor.o
 .debug_macro   0x0000000000015cf6       0x16 ./Core/Src/ir_sensor.o
 .debug_macro   0x0000000000015d0c       0x16 ./Core/Src/ir_sensor.o
 .debug_macro   0x0000000000015d22       0x29 ./Core/Src/ir_sensor.o
 .debug_macro   0x0000000000015d4b       0x1d ./Core/Src/ir_sensor.o
 .debug_macro   0x0000000000015d68       0x22 ./Core/Src/ir_sensor.o
 .debug_macro   0x0000000000015d8a      0x431 ./Core/Src/main.o
 .debug_macro   0x00000000000161bb       0xf1 ./Core/Src/main.o
 .debug_macro   0x00000000000162ac       0x91 ./Core/Src/main.o
 .debug_macro   0x000000000001633d       0x8d ./Core/Src/main.o
 .debug_macro   0x00000000000163ca       0x7e ./Core/Src/main.o
 .debug_macro   0x0000000000016448       0x19 ./Core/Src/main.o
 .debug_macro   0x0000000000016461       0xf2 ./Core/Src/main.o
 .debug_macro   0x0000000000016553      0x367 ./Core/Src/oled_ops.o
 .debug_macro   0x00000000000168ba       0x16 ./Core/Src/oled_ops.o
 .debug_macro   0x00000000000168d0      0x28c ./Core/Src/rtc.o
 .debug_macro   0x0000000000016b5c      0x340 ./Core/Src/ssd1306.o
 .debug_macro   0x0000000000016e9c      0x1ec ./Core/Src/stm32f4xx_hal_msp.o
 .debug_macro   0x0000000000017088      0x1dd ./Core/Src/stm32f4xx_hal_timebase_tim.o
 .debug_macro   0x0000000000017265      0x1f6 ./Core/Src/stm32f4xx_it.o
 .debug_macro   0x000000000001745b      0x1dd ./Core/Src/system_stm32f4xx.o
 .debug_macro   0x0000000000017638      0x214 ./Core/Src/timer.o
 .debug_macro   0x000000000001784c      0x23d ./Drivers/STM32F4xx_HAL_Driver/Src/stm32f4xx_hal.o
 .debug_macro   0x0000000000017a89      0x1dd ./Drivers/STM32F4xx_HAL_Driver/Src/stm32f4xx_hal_cortex.o
 .debug_macro   0x0000000000017c66      0x1e3 ./Drivers/STM32F4xx_HAL_Driver/Src/stm32f4xx_hal_gpio.o
 .debug_macro   0x0000000000017e49      0x224 ./Drivers/STM32F4xx_HAL_Driver/Src/stm32f4xx_hal_i2c.o
 .debug_macro   0x000000000001806d      0x201 ./Drivers/STM32F4xx_HAL_Driver/Src/stm32f4xx_hal_rcc.o
 .debug_macro   0x000000000001826e      0x1de ./Drivers/STM32F4xx_HAL_Driver/Src/stm32f4xx_hal_tim.o
 .debug_macro   0x000000000001844c      0x1dd ./Drivers/STM32F4xx_HAL_Driver/Src/stm32f4xx_hal_tim_ex.o
 .debug_macro   0x0000000000018629      0x210 ./Middlewares/Third_Party/FreeRTOS/Source/CMSIS_RTOS/cmsis_os.o
 .debug_macro   0x0000000000018839       0x16 ./Middlewares/Third_Party/FreeRTOS/Source/CMSIS_RTOS/cmsis_os.o
 .debug_macro   0x000000000001884f       0xc7 ./Middlewares/Third_Party/FreeRTOS/Source/CMSIS_RTOS/cmsis_os.o
 .debug_macro   0x0000000000018916      0x199 ./Middlewares/Third_Party/FreeRTOS/Source/list.o
 .debug_macro   0x0000000000018aaf      0x28b ./Middlewares/Third_Party/FreeRTOS/Source/tasks.o
 .debug_macro   0x0000000000018d3a       0x10 ./Middlewares/Third_Party/FreeRTOS/Source/tasks.o
 .debug_macro   0x0000000000018d4a      0x233 ./Middlewares/Third_Party/FreeRTOS/Source/portable/GCC/ARM_CM4F/port.o
 .debug_macro   0x0000000000018f7d      0x1c0 ./Middlewares/Third_Party/FreeRTOS/Source/portable/MemMang/heap_4.o

.debug_line     0x0000000000000000    0x1728e
 .debug_line    0x0000000000000000      0xa5b ./Core/Src/adc.o
 .debug_line    0x0000000000000a5b      0x846 ./Core/Src/fonts.o
 .debug_line    0x00000000000012a1      0x90c ./Core/Src/freertos.o
 .debug_line    0x0000000000001bad      0x96c ./Core/Src/ir_sensor.o
 .debug_line    0x0000000000002519      0xc53 ./Core/Src/main.o
 .debug_line    0x000000000000316c      0x92e ./Core/Src/oled_ops.o
 .debug_line    0x0000000000003a9a      0x864 ./Core/Src/rtc.o
 .debug_line    0x00000000000042fe     0x1019 ./Core/Src/ssd1306.o
 .debug_line    0x0000000000005317      0x72f ./Core/Src/stm32f4xx_hal_msp.o
 .debug_line    0x0000000000005a46      0x73c ./Core/Src/stm32f4xx_hal_timebase_tim.o
 .debug_line    0x0000000000006182      0x77c ./Core/Src/stm32f4xx_it.o
 .debug_line    0x00000000000068fe      0x761 ./Core/Src/system_stm32f4xx.o
 .debug_line    0x000000000000705f      0x770 ./Core/Src/timer.o
 .debug_line    0x00000000000077cf       0x88 ./Core/Startup/startup_stm32f411vetx.o
 .debug_line    0x0000000000007857      0x9c7 ./Drivers/STM32F4xx_HAL_Driver/Src/stm32f4xx_hal.o
 .debug_line    0x000000000000821e      0xc76 ./Drivers/STM32F4xx_HAL_Driver/Src/stm32f4xx_hal_cortex.o
 .debug_line    0x0000000000008e94      0xb01 ./Drivers/STM32F4xx_HAL_Driver/Src/stm32f4xx_hal_gpio.o
 .debug_line    0x0000000000009995     0x3973 ./Drivers/STM32F4xx_HAL_Driver/Src/stm32f4xx_hal_i2c.o
 .debug_line    0x000000000000d308      0xd43 ./Drivers/STM32F4xx_HAL_Driver/Src/stm32f4xx_hal_rcc.o
 .debug_line    0x000000000000e04b     0x3495 ./Drivers/STM32F4xx_HAL_Driver/Src/stm32f4xx_hal_tim.o
 .debug_line    0x00000000000114e0     0x195f ./Drivers/STM32F4xx_HAL_Driver/Src/stm32f4xx_hal_tim_ex.o
 .debug_line    0x0000000000012e3f     0x11cf ./Middlewares/Third_Party/FreeRTOS/Source/CMSIS_RTOS/cmsis_os.o
 .debug_line    0x000000000001400e      0x716 ./Middlewares/Third_Party/FreeRTOS/Source/list.o
 .debug_line    0x0000000000014724     0x194d ./Middlewares/Third_Party/FreeRTOS/Source/tasks.o
 .debug_line    0x0000000000016071      0x8dd ./Middlewares/Third_Party/FreeRTOS/Source/portable/GCC/ARM_CM4F/port.o
 .debug_line    0x000000000001694e      0x940 ./Middlewares/Third_Party/FreeRTOS/Source/portable/MemMang/heap_4.o

.debug_str      0x0000000000000000    0x96990
 .debug_str     0x0000000000000000    0x86974 ./Core/Src/adc.o
                                      0x86c64 (size before relaxing)
 .debug_str     0x0000000000086974     0x3240 ./Core/Src/fonts.o
                                      0x8981e (size before relaxing)
 .debug_str     0x0000000000089bb4     0x3f14 ./Core/Src/freertos.o
                                      0x8c26e (size before relaxing)
 .debug_str     0x000000000008dac8      0x2c3 ./Core/Src/ir_sensor.o
                                      0x89bda (size before relaxing)
 .debug_str     0x000000000008dd8b     0x2ce5 ./Core/Src/main.o
                                      0x90746 (size before relaxing)
 .debug_str     0x0000000000090a70      0x1b6 ./Core/Src/oled_ops.o
                                      0x89b68 (size before relaxing)
 .debug_str     0x0000000000090c26      0x31c ./Core/Src/rtc.o
                                      0x869a5 (size before relaxing)
 .debug_str     0x0000000000090f42      0x528 ./Core/Src/ssd1306.o
                                      0x8a33b (size before relaxing)
 .debug_str     0x000000000009146a       0x83 ./Core/Src/stm32f4xx_hal_msp.o
                                      0x86fae (size before relaxing)
 .debug_str     0x00000000000914ed       0xaa ./Core/Src/stm32f4xx_hal_timebase_tim.o
                                      0x87033 (size before relaxing)
 .debug_str     0x0000000000091597       0xa2 ./Core/Src/stm32f4xx_it.o
                                      0x86b2d (size before relaxing)
 .debug_str     0x0000000000091639       0x5b ./Core/Src/system_stm32f4xx.o
                                      0x866fe (size before relaxing)
 .debug_str     0x0000000000091694       0xb9 ./Core/Src/timer.o
                                      0x86b65 (size before relaxing)
 .debug_str     0x000000000009174d       0x36 ./Core/Startup/startup_stm32f411vetx.o
                                         0x74 (size before relaxing)
 .debug_str     0x0000000000091783      0x542 ./Drivers/STM32F4xx_HAL_Driver/Src/stm32f4xx_hal.o
                                      0x87088 (size before relaxing)
 .debug_str     0x0000000000091cc5      0x34e ./Drivers/STM32F4xx_HAL_Driver/Src/stm32f4xx_hal_cortex.o
                                      0x86e65 (size before relaxing)
 .debug_str     0x0000000000092013      0x176 ./Drivers/STM32F4xx_HAL_Driver/Src/stm32f4xx_hal_gpio.o
                                      0x868a5 (size before relaxing)
 .debug_str     0x0000000000092189      0xabe ./Drivers/STM32F4xx_HAL_Driver/Src/stm32f4xx_hal_i2c.o
                                      0x87673 (size before relaxing)
 .debug_str     0x0000000000092c47      0x244 ./Drivers/STM32F4xx_HAL_Driver/Src/stm32f4xx_hal_rcc.o
                                      0x86b00 (size before relaxing)
 .debug_str     0x0000000000092e8b      0xe47 ./Drivers/STM32F4xx_HAL_Driver/Src/stm32f4xx_hal_tim.o
                                      0x87a1b (size before relaxing)
 .debug_str     0x0000000000093cd2      0x538 ./Drivers/STM32F4xx_HAL_Driver/Src/stm32f4xx_hal_tim_ex.o
                                      0x871cc (size before relaxing)
 .debug_str     0x000000000009420a      0x8c2 ./Middlewares/Third_Party/FreeRTOS/Source/CMSIS_RTOS/cmsis_os.o
                                       0xe55e (size before relaxing)
 .debug_str     0x0000000000094acc      0x12d ./Middlewares/Third_Party/FreeRTOS/Source/list.o
                                       0xab83 (size before relaxing)
 .debug_str     0x0000000000094bf9     0x1250 ./Middlewares/Third_Party/FreeRTOS/Source/tasks.o
                                       0xce04 (size before relaxing)
 .debug_str     0x0000000000095e49      0x803 ./Middlewares/Third_Party/FreeRTOS/Source/portable/GCC/ARM_CM4F/port.o
                                       0xa473 (size before relaxing)
 .debug_str     0x000000000009664c      0x344 ./Middlewares/Third_Party/FreeRTOS/Source/portable/MemMang/heap_4.o
                                       0xb476 (size before relaxing)

.comment        0x0000000000000000       0x53
 .comment       0x0000000000000000       0x53 ./Core/Src/adc.o
                                         0x54 (size before relaxing)
 .comment       0x0000000000000053       0x54 ./Core/Src/fonts.o
 .comment       0x0000000000000053       0x54 ./Core/Src/freertos.o
 .comment       0x0000000000000053       0x54 ./Core/Src/ir_sensor.o
 .comment       0x0000000000000053       0x54 ./Core/Src/main.o
 .comment       0x0000000000000053       0x54 ./Core/Src/oled_ops.o
 .comment       0x0000000000000053       0x54 ./Core/Src/rtc.o
 .comment       0x0000000000000053       0x54 ./Core/Src/ssd1306.o
 .comment       0x0000000000000053       0x54 ./Core/Src/stm32f4xx_hal_msp.o
 .comment       0x0000000000000053       0x54 ./Core/Src/stm32f4xx_hal_timebase_tim.o
 .comment       0x0000000000000053       0x54 ./Core/Src/stm32f4xx_it.o
 .comment       0x0000000000000053       0x54 ./Core/Src/system_stm32f4xx.o
 .comment       0x0000000000000053       0x54 ./Core/Src/timer.o
 .comment       0x0000000000000053       0x54 ./Drivers/STM32F4xx_HAL_Driver/Src/stm32f4xx_hal.o
 .comment       0x0000000000000053       0x54 ./Drivers/STM32F4xx_HAL_Driver/Src/stm32f4xx_hal_cortex.o
 .comment       0x0000000000000053       0x54 ./Drivers/STM32F4xx_HAL_Driver/Src/stm32f4xx_hal_gpio.o
 .comment       0x0000000000000053       0x54 ./Drivers/STM32F4xx_HAL_Driver/Src/stm32f4xx_hal_i2c.o
 .comment       0x0000000000000053       0x54 ./Drivers/STM32F4xx_HAL_Driver/Src/stm32f4xx_hal_rcc.o
 .comment       0x0000000000000053       0x54 ./Drivers/STM32F4xx_HAL_Driver/Src/stm32f4xx_hal_tim.o
 .comment       0x0000000000000053       0x54 ./Drivers/STM32F4xx_HAL_Driver/Src/stm32f4xx_hal_tim_ex.o
 .comment       0x0000000000000053       0x54 ./Middlewares/Third_Party/FreeRTOS/Source/CMSIS_RTOS/cmsis_os.o
 .comment       0x0000000000000053       0x54 ./Middlewares/Third_Party/FreeRTOS/Source/list.o
 .comment       0x0000000000000053       0x54 ./Middlewares/Third_Party/FreeRTOS/Source/tasks.o
 .comment       0x0000000000000053       0x54 ./Middlewares/Third_Party/FreeRTOS/Source/portable/GCC/ARM_CM4F/port.o
 .comment       0x0000000000000053       0x54 ./Middlewares/Third_Party/FreeRTOS/Source/portable/MemMang/heap_4.o

.debug_frame    0x0000000000000000     0x51b4
 .debug_frame   0x0000000000000000       0xe4 ./Core/Src/adc.o
 .debug_frame   0x00000000000000e4       0x38 ./Core/Src/fonts.o
 .debug_frame   0x000000000000011c       0x38 ./Core/Src/freertos.o
 .debug_frame   0x0000000000000154       0xac ./Core/Src/ir_sensor.o
 .debug_frame   0x0000000000000200      0x134 ./Core/Src/main.o
 .debug_frame   0x0000000000000334       0x2c ./Core/Src/oled_ops.o
 .debug_frame   0x0000000000000360      0x118 ./Core/Src/rtc.o
 .debug_frame   0x0000000000000478      0x414 ./Core/Src/ssd1306.o
 .debug_frame   0x000000000000088c       0x7c ./Core/Src/stm32f4xx_hal_msp.o
 .debug_frame   0x0000000000000908       0x74 ./Core/Src/stm32f4xx_hal_timebase_tim.o
 .debug_frame   0x000000000000097c       0xc4 ./Core/Src/stm32f4xx_it.o
 .debug_frame   0x0000000000000a40       0x58 ./Core/Src/system_stm32f4xx.o
 .debug_frame   0x0000000000000a98       0xb4 ./Core/Src/timer.o
 .debug_frame   0x0000000000000b4c      0x374 ./Drivers/STM32F4xx_HAL_Driver/Src/stm32f4xx_hal.o
 .debug_frame   0x0000000000000ec0      0x498 ./Drivers/STM32F4xx_HAL_Driver/Src/stm32f4xx_hal_cortex.o
 .debug_frame   0x0000000000001358      0x14c ./Drivers/STM32F4xx_HAL_Driver/Src/stm32f4xx_hal_gpio.o
 .debug_frame   0x00000000000014a4      0xc5c ./Drivers/STM32F4xx_HAL_Driver/Src/stm32f4xx_hal_i2c.o